../Core/Src/main.c:86:5:main	168	static
../Core/Src/main.c:268:6:SystemClock_Config	88	static
../Core/Src/main.c:318:13:MX_SPI1_Init	8	static
../Core/Src/main.c:358:13:MX_TIM14_Init	8	static
../Core/Src/main.c:387:13:MX_DMA_Init	16	static
../Core/Src/main.c:405:13:MX_GPIO_Init	48	static
../Core/Src/main.c:471:6:HAL_GPIO_EXTI_Callback	16	static
../Core/Src/main.c:480:6:HAL_SPI_TxCpltCallback	16	static
../Core/Src/main.c:492:6:Write_Flash	24	static
../Core/Src/main.c:505:5:readFlash1	4	static
../Core/Src/main.c:516:6:Error_Handler	4	static,ignoring_inline_asm
