../Core/Src/main.c:91:5:main	1040	static
../Core/Src/main.c:164:6:SystemClock_Config	88	static
../Core/Src/main.c:214:13:MX_SPI1_Init	8	static
../Core/Src/main.c:254:13:MX_TIM14_Init	8	static
../Core/Src/main.c:285:13:MX_USART6_UART_Init	8	static
../Core/Src/main.c:318:13:MX_DMA_Init	16	static
../Core/Src/main.c:336:13:MX_GPIO_Init	56	static
../Core/Src/main.c:395:6:HAL_GPIO_EXTI_Callback	16	static
../Core/Src/main.c:404:6:HAL_SPI_TxCpltCallback	16	static
../Core/Src/main.c:422:6:Error_Handler	4	static,ignoring_inline_asm
