../Core/Src/stm32f7xx_it.c:112:6:NMI_Handler	4	static
../Core/Src/stm32f7xx_it.c:125:6:HardFault_Handler	4	static
../Core/Src/stm32f7xx_it.c:140:6:MemManage_Handler	4	static
../Core/Src/stm32f7xx_it.c:155:6:BusFault_Handler	4	static
../Core/Src/stm32f7xx_it.c:170:6:UsageFault_Handler	4	static
../Core/Src/stm32f7xx_it.c:185:6:SVC_Handler	4	static
../Core/Src/stm32f7xx_it.c:198:6:DebugMon_Handler	4	static
../Core/Src/stm32f7xx_it.c:211:6:PendSV_Handler	4	static
../Core/Src/stm32f7xx_it.c:224:6:SysTick_Handler	8	static
../Core/Src/stm32f7xx_it.c:245:6:EXTI9_5_IRQHandler	16	static
../Core/Src/stm32f7xx_it.c:283:6:SPI1_IRQHandler	8	static
../Core/Src/stm32f7xx_it.c:297:6:TIM8_TRG_COM_TIM14_IRQHandler	8	static
../Core/Src/stm32f7xx_it.c:311:6:DMA2_Stream3_IRQHandler	8	static
../Core/Src/stm32f7xx_it.c:323:6:KeyPadGetChar	16	static
