../Core/Src/main.c:93:5:main	120	static
../Core/Src/main.c:178:6:SystemClock_Config	88	static
../Core/Src/main.c:228:13:MX_I2C2_Init	8	static
../Core/Src/main.c:276:13:MX_SPI1_Init	8	static
../Core/Src/main.c:316:13:MX_USART6_UART_Init	8	static
../Core/Src/main.c:349:13:MX_DMA_Init	16	static
../Core/Src/main.c:367:13:MX_GPIO_Init	56	static
../Core/Src/main.c:441:6:HAL_SPI_TxCpltCallback	16	static
../Core/Src/main.c:452:6:transmitData	24	static
../Core/Src/main.c:459:6:HAL_UART_RxCpltCallback	16	static
../Core/Src/main.c:484:6:Error_Handler	4	static,ignoring_inline_asm
