../Core/Src/main.c:93:5:main	120	static
../Core/Src/main.c:192:6:SystemClock_Config	88	static
../Core/Src/main.c:242:13:MX_I2C2_Init	8	static
../Core/Src/main.c:290:13:MX_SPI1_Init	8	static
../Core/Src/main.c:330:13:MX_USART6_UART_Init	8	static
../Core/Src/main.c:363:13:MX_DMA_Init	16	static
../Core/Src/main.c:381:13:MX_GPIO_Init	56	static
../Core/Src/main.c:455:6:HAL_SPI_TxCpltCallback	16	static
../Core/Src/main.c:466:6:transmitData	24	static
../Core/Src/main.c:473:6:HAL_UART_RxCpltCallback	16	static
../Core/Src/main.c:498:6:Error_Handler	4	static,ignoring_inline_asm
