../Core/Src/stm32f7xx_it.c:113:6:NMI_Handler	4	static
../Core/Src/stm32f7xx_it.c:126:6:HardFault_Handler	4	static
../Core/Src/stm32f7xx_it.c:141:6:MemManage_Handler	4	static
../Core/Src/stm32f7xx_it.c:156:6:BusFault_Handler	4	static
../Core/Src/stm32f7xx_it.c:171:6:UsageFault_Handler	4	static
../Core/Src/stm32f7xx_it.c:186:6:SVC_Handler	4	static
../Core/Src/stm32f7xx_it.c:199:6:DebugMon_Handler	4	static
../Core/Src/stm32f7xx_it.c:212:6:PendSV_Handler	4	static
../Core/Src/stm32f7xx_it.c:225:6:SysTick_Handler	8	static
../Core/Src/stm32f7xx_it.c:246:6:EXTI9_5_IRQHandler	16	static
../Core/Src/stm32f7xx_it.c:284:6:SPI1_IRQHandler	8	static
../Core/Src/stm32f7xx_it.c:298:6:TIM8_TRG_COM_TIM14_IRQHandler	8	static
../Core/Src/stm32f7xx_it.c:312:6:DMA2_Stream3_IRQHandler	8	static
../Core/Src/stm32f7xx_it.c:326:6:OTG_FS_IRQHandler	8	static
../Core/Src/stm32f7xx_it.c:338:6:KeyPadGetChar	16	static
