../Core/Src/stm32f7xx_it.c:114:6:NMI_Handler	4	static
../Core/Src/stm32f7xx_it.c:127:6:HardFault_Handler	4	static
../Core/Src/stm32f7xx_it.c:142:6:MemManage_Handler	4	static
../Core/Src/stm32f7xx_it.c:157:6:BusFault_Handler	4	static
../Core/Src/stm32f7xx_it.c:172:6:UsageFault_Handler	4	static
../Core/Src/stm32f7xx_it.c:187:6:SVC_Handler	4	static
../Core/Src/stm32f7xx_it.c:200:6:DebugMon_Handler	4	static
../Core/Src/stm32f7xx_it.c:213:6:PendSV_Handler	4	static
../Core/Src/stm32f7xx_it.c:226:6:SysTick_Handler	8	static
../Core/Src/stm32f7xx_it.c:247:6:EXTI9_5_IRQHandler	16	static
../Core/Src/stm32f7xx_it.c:285:6:SPI1_IRQHandler	8	static
../Core/Src/stm32f7xx_it.c:299:6:TIM8_TRG_COM_TIM14_IRQHandler	8	static
../Core/Src/stm32f7xx_it.c:313:6:DMA2_Stream3_IRQHandler	8	static
../Core/Src/stm32f7xx_it.c:327:6:OTG_FS_IRQHandler	8	static
../Core/Src/stm32f7xx_it.c:341:6:USART6_IRQHandler	8	static
../Core/Src/stm32f7xx_it.c:353:6:KeyPadGetChar	16	static
