Archive member included to satisfy reference by file (symbol)

C:/ST/STM32CubeIDE_1.13.1/STM32CubeIDE/plugins/com.st.stm32cube.ide.mcu.externaltools.gnu-tools-for-stm32.11.3.rel1.win32_1.1.0.202305231506/tools/bin/../lib/gcc/arm-none-eabi/11.3.1/../../../../arm-none-eabi/lib/thumb/v7e-m+fp/hard\libc_nano.a(libc_a-exit.o)
                              C:/ST/STM32CubeIDE_1.13.1/STM32CubeIDE/plugins/com.st.stm32cube.ide.mcu.externaltools.gnu-tools-for-stm32.11.3.rel1.win32_1.1.0.202305231506/tools/bin/../lib/gcc/arm-none-eabi/11.3.1/../../../../arm-none-eabi/lib/thumb/v7e-m+fp/hard/crt0.o (exit)
C:/ST/STM32CubeIDE_1.13.1/STM32CubeIDE/plugins/com.st.stm32cube.ide.mcu.externaltools.gnu-tools-for-stm32.11.3.rel1.win32_1.1.0.202305231506/tools/bin/../lib/gcc/arm-none-eabi/11.3.1/../../../../arm-none-eabi/lib/thumb/v7e-m+fp/hard\libc_nano.a(libc_a-malloc.o)
                              ./Middlewares/ST/STM32_USB_Device_Library/Class/CDC/Src/usbd_cdc.o (malloc)
C:/ST/STM32CubeIDE_1.13.1/STM32CubeIDE/plugins/com.st.stm32cube.ide.mcu.externaltools.gnu-tools-for-stm32.11.3.rel1.win32_1.1.0.202305231506/tools/bin/../lib/gcc/arm-none-eabi/11.3.1/../../../../arm-none-eabi/lib/thumb/v7e-m+fp/hard\libc_nano.a(libc_a-mallocr.o)
                              C:/ST/STM32CubeIDE_1.13.1/STM32CubeIDE/plugins/com.st.stm32cube.ide.mcu.externaltools.gnu-tools-for-stm32.11.3.rel1.win32_1.1.0.202305231506/tools/bin/../lib/gcc/arm-none-eabi/11.3.1/../../../../arm-none-eabi/lib/thumb/v7e-m+fp/hard\libc_nano.a(libc_a-malloc.o) (_malloc_r)
C:/ST/STM32CubeIDE_1.13.1/STM32CubeIDE/plugins/com.st.stm32cube.ide.mcu.externaltools.gnu-tools-for-stm32.11.3.rel1.win32_1.1.0.202305231506/tools/bin/../lib/gcc/arm-none-eabi/11.3.1/../../../../arm-none-eabi/lib/thumb/v7e-m+fp/hard\libc_nano.a(libc_a-mlock.o)
                              C:/ST/STM32CubeIDE_1.13.1/STM32CubeIDE/plugins/com.st.stm32cube.ide.mcu.externaltools.gnu-tools-for-stm32.11.3.rel1.win32_1.1.0.202305231506/tools/bin/../lib/gcc/arm-none-eabi/11.3.1/../../../../arm-none-eabi/lib/thumb/v7e-m+fp/hard\libc_nano.a(libc_a-mallocr.o) (__malloc_lock)
C:/ST/STM32CubeIDE_1.13.1/STM32CubeIDE/plugins/com.st.stm32cube.ide.mcu.externaltools.gnu-tools-for-stm32.11.3.rel1.win32_1.1.0.202305231506/tools/bin/../lib/gcc/arm-none-eabi/11.3.1/../../../../arm-none-eabi/lib/thumb/v7e-m+fp/hard\libc_nano.a(libc_a-findfp.o)
                              C:/ST/STM32CubeIDE_1.13.1/STM32CubeIDE/plugins/com.st.stm32cube.ide.mcu.externaltools.gnu-tools-for-stm32.11.3.rel1.win32_1.1.0.202305231506/tools/bin/../lib/gcc/arm-none-eabi/11.3.1/../../../../arm-none-eabi/lib/thumb/v7e-m+fp/hard\libc_nano.a(libc_a-exit.o) (__stdio_exit_handler)
C:/ST/STM32CubeIDE_1.13.1/STM32CubeIDE/plugins/com.st.stm32cube.ide.mcu.externaltools.gnu-tools-for-stm32.11.3.rel1.win32_1.1.0.202305231506/tools/bin/../lib/gcc/arm-none-eabi/11.3.1/../../../../arm-none-eabi/lib/thumb/v7e-m+fp/hard\libc_nano.a(libc_a-fwalk.o)
                              C:/ST/STM32CubeIDE_1.13.1/STM32CubeIDE/plugins/com.st.stm32cube.ide.mcu.externaltools.gnu-tools-for-stm32.11.3.rel1.win32_1.1.0.202305231506/tools/bin/../lib/gcc/arm-none-eabi/11.3.1/../../../../arm-none-eabi/lib/thumb/v7e-m+fp/hard\libc_nano.a(libc_a-findfp.o) (_fwalk_sglue)
C:/ST/STM32CubeIDE_1.13.1/STM32CubeIDE/plugins/com.st.stm32cube.ide.mcu.externaltools.gnu-tools-for-stm32.11.3.rel1.win32_1.1.0.202305231506/tools/bin/../lib/gcc/arm-none-eabi/11.3.1/../../../../arm-none-eabi/lib/thumb/v7e-m+fp/hard\libc_nano.a(libc_a-stdio.o)
                              C:/ST/STM32CubeIDE_1.13.1/STM32CubeIDE/plugins/com.st.stm32cube.ide.mcu.externaltools.gnu-tools-for-stm32.11.3.rel1.win32_1.1.0.202305231506/tools/bin/../lib/gcc/arm-none-eabi/11.3.1/../../../../arm-none-eabi/lib/thumb/v7e-m+fp/hard\libc_nano.a(libc_a-findfp.o) (__sread)
C:/ST/STM32CubeIDE_1.13.1/STM32CubeIDE/plugins/com.st.stm32cube.ide.mcu.externaltools.gnu-tools-for-stm32.11.3.rel1.win32_1.1.0.202305231506/tools/bin/../lib/gcc/arm-none-eabi/11.3.1/../../../../arm-none-eabi/lib/thumb/v7e-m+fp/hard\libc_nano.a(libc_a-vsnprintf.o)
                              ./Core/Src/ili9163.o (vsnprintf)
C:/ST/STM32CubeIDE_1.13.1/STM32CubeIDE/plugins/com.st.stm32cube.ide.mcu.externaltools.gnu-tools-for-stm32.11.3.rel1.win32_1.1.0.202305231506/tools/bin/../lib/gcc/arm-none-eabi/11.3.1/../../../../arm-none-eabi/lib/thumb/v7e-m+fp/hard\libc_nano.a(libc_a-memset.o)
                              C:/ST/STM32CubeIDE_1.13.1/STM32CubeIDE/plugins/com.st.stm32cube.ide.mcu.externaltools.gnu-tools-for-stm32.11.3.rel1.win32_1.1.0.202305231506/tools/bin/../lib/gcc/arm-none-eabi/11.3.1/../../../../arm-none-eabi/lib/thumb/v7e-m+fp/hard/crt0.o (memset)
C:/ST/STM32CubeIDE_1.13.1/STM32CubeIDE/plugins/com.st.stm32cube.ide.mcu.externaltools.gnu-tools-for-stm32.11.3.rel1.win32_1.1.0.202305231506/tools/bin/../lib/gcc/arm-none-eabi/11.3.1/../../../../arm-none-eabi/lib/thumb/v7e-m+fp/hard\libc_nano.a(libc_a-closer.o)
[...]
Memory Configuration

Name             Origin             Length             Attributes
RAM              0x0000000020000000 0x0000000000050000 xrw
FLASH            0x0000000008000000 0x0000000000100000 xr
*default*        0x0000000000000000 0xffffffffffffffff

Linker script and memory map

LOAD C:/ST/STM32CubeIDE_1.13.1/STM32CubeIDE/plugins/com.st.stm32cube.ide.mcu.externaltools.gnu-tools-for-stm32.11.3.rel1.win32_1.1.0.202305231506/tools/bin/../lib/gcc/arm-none-eabi/11.3.1/thumb/v7e-m+fp/hard/crti.o
LOAD C:/ST/STM32CubeIDE_1.13.1/STM32CubeIDE/plugins/com.st.stm32cube.ide.mcu.externaltools.gnu-tools-for-stm32.11.3.rel1.win32_1.1.0.202305231506/tools/bin/../lib/gcc/arm-none-eabi/11.3.1/thumb/v7e-m+fp/hard/crtbegin.o
LOAD C:/ST/STM32CubeIDE_1.13.1/STM32CubeIDE/plugins/com.st.stm32cube.ide.mcu.externaltools.gnu-tools-for-stm32.11.3.rel1.win32_1.1.0.202305231506/tools/bin/../lib/gcc/arm-none-eabi/11.3.1/../../../../arm-none-eabi/lib/thumb/v7e-m+fp/hard/crt0.o
LOAD ./Core/Src/fonts.o
LOAD ./Core/Src/ili9163.o
LOAD ./Core/Src/main.o
LOAD ./Core/Src/stm32f7xx_hal_msp.o
LOAD ./Core/Src/stm32f7xx_it.o
LOAD ./Core/Src/syscalls.o
LOAD ./Core/Src/sysmem.o
LOAD ./Core/Src/system_stm32f7xx.o
LOAD ./Core/Startup/startup_stm32f746zgtx.o
LOAD ./Drivers/STM32F7xx_HAL_Driver/Src/stm32f7xx_hal.o
LOAD ./Drivers/STM32F7xx_HAL_Driver/Src/stm32f7xx_hal_cortex.o
LOAD ./Drivers/STM32F7xx_HAL_Driver/Src/stm32f7xx_hal_dma.o
LOAD ./Drivers/STM32F7xx_HAL_Driver/Src/stm32f7xx_hal_dma_ex.o
LOAD ./Drivers/STM32F7xx_HAL_Driver/Src/stm32f7xx_hal_exti.o
LOAD ./Drivers/STM32F7xx_HAL_Driver/Src/stm32f7xx_hal_flash.o
LOAD ./Drivers/STM32F7xx_HAL_Driver/Src/stm32f7xx_hal_flash_ex.o
LOAD ./Drivers/STM32F7xx_HAL_Driver/Src/stm32f7xx_hal_gpio.o
LOAD ./Drivers/STM32F7xx_HAL_Driver/Src/stm32f7xx_hal_i2c.o
LOAD ./Drivers/STM32F7xx_HAL_Driver/Src/stm32f7xx_hal_i2c_ex.o
LOAD ./Drivers/STM32F7xx_HAL_Driver/Src/stm32f7xx_hal_pcd.o
LOAD ./Drivers/STM32F7xx_HAL_Driver/Src/stm32f7xx_hal_pcd_ex.o
LOAD ./Drivers/STM32F7xx_HAL_Driver/Src/stm32f7xx_hal_pwr.o
LOAD ./Drivers/STM32F7xx_HAL_Driver/Src/stm32f7xx_hal_pwr_ex.o
LOAD ./Drivers/STM32F7xx_HAL_Driver/Src/stm32f7xx_hal_rcc.o
LOAD ./Drivers/STM32F7xx_HAL_Driver/Src/stm32f7xx_hal_rcc_ex.o
LOAD ./Drivers/STM32F7xx_HAL_Driver/Src/stm32f7xx_hal_spi.o
LOAD ./Drivers/STM32F7xx_HAL_Driver/Src/stm32f7xx_hal_spi_ex.o
LOAD ./Drivers/STM32F7xx_HAL_Driver/Src/stm32f7xx_hal_tim.o
LOAD ./Drivers/STM32F7xx_HAL_Driver/Src/stm32f7xx_hal_tim_ex.o
LOAD ./Drivers/STM32F7xx_HAL_Driver/Src/stm32f7xx_hal_uart.o
LOAD ./Drivers/STM32F7xx_HAL_Driver/Src/stm32f7xx_hal_uart_ex.o
LOAD ./Drivers/STM32F7xx_HAL_Driver/Src/stm32f7xx_ll_usb.o
LOAD ./Middlewares/ST/STM32_USB_Device_Library/Class/CDC/Src/usbd_cdc.o
LOAD ./Middlewares/ST/STM32_USB_Device_Library/Core/Src/usbd_core.o
LOAD ./Middlewares/ST/STM32_USB_Device_Library/Core/Src/usbd_ctlreq.o
LOAD ./Middlewares/ST/STM32_USB_Device_Library/Core/Src/usbd_ioreq.o
LOAD ./USB_DEVICE/App/usb_device.o
LOAD ./USB_DEVICE/App/usbd_cdc_if.o
LOAD ./USB_DEVICE/App/usbd_desc.o
LOAD ./USB_DEVICE/Target/usbd_conf.o
START GROUP
LOAD C:/ST/STM32CubeIDE_1.13.1/STM32CubeIDE/plugins/com.st.stm32cube.ide.mcu.externaltools.gnu-tools-for-stm32.11.3.rel1.win32_1.1.0.202305231506/tools/bin/../lib/gcc/arm-none-eabi/11.3.1/../../../../arm-none-eabi/lib/thumb/v7e-m+fp/hard\libc_nano.a
LOAD C:/ST/STM32CubeIDE_1.13.1/STM32CubeIDE/plugins/com.st.stm32cube.ide.mcu.externaltools.gnu-tools-for-stm32.11.3.rel1.win32_1.1.0.202305231506/tools/bin/../lib/gcc/arm-none-eabi/11.3.1/../../../../arm-none-eabi/lib/thumb/v7e-m+fp/hard\libm.a
END GROUP
START GROUP
LOAD C:/ST/STM32CubeIDE_1.13.1/STM32CubeIDE/plugins/com.st.stm32cube.ide.mcu.externaltools.gnu-tools-for-stm32.11.3.rel1.win32_1.1.0.202305231506/tools/bin/../lib/gcc/arm-none-eabi/11.3.1/thumb/v7e-m+fp/hard\libgcc.a
LOAD C:/ST/STM32CubeIDE_1.13.1/STM32CubeIDE/plugins/com.st.stm32cube.ide.mcu.externaltools.gnu-tools-for-stm32.11.3.rel1.win32_1.1.0.202305231506/tools/bin/../lib/gcc/arm-none-eabi/11.3.1/../../../../arm-none-eabi/lib/thumb/v7e-m+fp/hard\libc_nano.a
END GROUP
START GROUP
LOAD C:/ST/STM32CubeIDE_1.13.1/STM32CubeIDE/plugins/com.st.stm32cube.ide.mcu.externaltools.gnu-tools-for-stm32.11.3.rel1.win32_1.1.0.202305231506/tools/bin/../lib/gcc/arm-none-eabi/11.3.1/thumb/v7e-m+fp/hard\libgcc.a
LOAD C:/ST/STM32CubeIDE_1.13.1/STM32CubeIDE/plugins/com.st.stm32cube.ide.mcu.externaltools.gnu-tools-for-stm32.11.3.rel1.win32_1.1.0.202305231506/tools/bin/../lib/gcc/arm-none-eabi/11.3.1/../../../../arm-none-eabi/lib/thumb/v7e-m+fp/hard\libc_nano.a
LOAD C:/ST/STM32CubeIDE_1.13.1/STM32CubeIDE/plugins/com.st.stm32cube.ide.mcu.externaltools.gnu-tools-for-stm32.11.3.rel1.win32_1.1.0.202305231506/tools/bin/../lib/gcc/arm-none-eabi/11.3.1/../../../../arm-none-eabi/lib/thumb/v7e-m+fp/hard\libnosys.a
END GROUP
START GROUP
LOAD C:/ST/STM32CubeIDE_1.13.1/STM32CubeIDE/plugins/com.st.stm32cube.ide.mcu.externaltools.gnu-tools-for-stm32.11.3.rel1.win32_1.1.0.202305231506/tools/bin/../lib/gcc/arm-none-eabi/11.3.1/thumb/v7e-m+fp/hard\libgcc.a
LOAD C:/ST/STM32CubeIDE_1.13.1/STM32CubeIDE/plugins/com.st.stm32cube.ide.mcu.externaltools.gnu-tools-for-stm32.11.3.rel1.win32_1.1.0.202305231506/tools/bin/../lib/gcc/arm-none-eabi/11.3.1/../../../../arm-none-eabi/lib/thumb/v7e-m+fp/hard\libc_nano.a
LOAD C:/ST/STM32CubeIDE_1.13.1/STM32CubeIDE/plugins/com.st.stm32cube.ide.mcu.externaltools.gnu-tools-for-stm32.11.3.rel1.win32_1.1.0.202305231506/tools/bin/../lib/gcc/arm-none-eabi/11.3.1/../../../../arm-none-eabi/lib/thumb/v7e-m+fp/hard\libnosys.a
END GROUP
LOAD C:/ST/STM32CubeIDE_1.13.1/STM32CubeIDE/plugins/com.st.stm32cube.ide.mcu.externaltools.gnu-tools-for-stm32.11.3.rel1.win32_1.1.0.202305231506/tools/bin/../lib/gcc/arm-none-eabi/11.3.1/thumb/v7e-m+fp/hard/crtend.o
LOAD C:/ST/STM32CubeIDE_1.13.1/STM32CubeIDE/plugins/com.st.stm32cube.ide.mcu.externaltools.gnu-tools-for-stm32.11.3.rel1.win32_1.1.0.202305231506/tools/bin/../lib/gcc/arm-none-eabi/11.3.1/thumb/v7e-m+fp/hard/crtn.o
                0x0000000020050000                _estack = (ORIGIN (RAM) + LENGTH (RAM))
                0x0000000000000200                _Min_Heap_Size = 0x200
                0x0000000000000400                _Min_Stack_Size = 0x400

.isr_vector     0x0000000008000000      0x1c8
                0x0000000008000000                . = ALIGN (0x4)
 *(.isr_vector)
 .isr_vector    0x0000000008000000      0x1c8 ./Core/Startup/startup_stm32f746zgtx.o
                0x0000000008000000                g_pfnVectors
                0x00000000080001c8                . = ALIGN (0x4)

.text           0x00000000080001c8     0xa250
                0x00000000080001c8                . = ALIGN (0x4)
 *(.text)
 .text          0x00000000080001c8       0x40 C:/ST/STM32CubeIDE_1.13.1/STM32CubeIDE/plugins/com.st.stm32cube.ide.mcu.externaltools.gnu-tools-for-stm32.11.3.rel1.win32_1.1.0.202305231506/tools/bin/../lib/gcc/arm-none-eabi/11.3.1/thumb/v7e-m+fp/hard/crtbegin.o
 .text          0x0000000008000208       0x30 C:/ST/STM32CubeIDE_1.13.1/STM32CubeIDE/plugins/com.st.stm32cube.ide.mcu.externaltools.gnu-tools-for-stm32.11.3.rel1.win32_1.1.0.202305231506/tools/bin/../lib/gcc/arm-none-eabi/11.3.1/thumb/v7e-m+fp/hard\libgcc.a(_aeabi_uldivmod.o)
                0x0000000008000208                __aeabi_uldivmod
 .text          0x0000000008000238      0x2c8 C:/ST/STM32CubeIDE_1.13.1/STM32CubeIDE/plugins/com.st.stm32cube.ide.mcu.externaltools.gnu-tools-for-stm32.11.3.rel1.win32_1.1.0.202305231506/tools/bin/../lib/gcc/arm-none-eabi/11.3.1/thumb/v7e-m+fp/hard\libgcc.a(_udivmoddi4.o)
                0x0000000008000238                __udivmoddi4
 .text          0x0000000008000500        0x4 C:/ST/STM32CubeIDE_1.13.1/STM32CubeIDE/plugins/com.st.stm32cube.ide.mcu.externaltools.gnu-tools-for-stm32.11.3.rel1.win32_1.1.0.202305231506/tools/bin/../lib/gcc/arm-none-eabi/11.3.1/thumb/v7e-m+fp/hard\libgcc.a(_dvmd_tls.o)
                0x0000000008000500                __aeabi_idiv0
                0x0000000008000500                __aeabi_ldiv0
 *(.text*)
 .text.ILI9163_writeCommand
                0x0000000008000504       0x4c ./Core/Src/ili9163.o
                0x0000000008000504                ILI9163_writeCommand
 .text.ILI9163_writeData
                0x0000000008000550       0x4c ./Core/Src/ili9163.o
                0x0000000008000550                ILI9163_writeData
 .text.ILI9163_reset
                0x000000000800059c       0x30 ./Core/Src/ili9163.o
                0x000000000800059c                ILI9163_reset
 .text.ILI9163_init
                0x00000000080005cc      0x1d0 ./Core/Src/ili9163.o
                0x00000000080005cc                ILI9163_init
 .text.main     0x000000000800079c       0x78 ./Core/Src/main.o
                0x000000000800079c                main
 .text.SystemClock_Config
                0x0000000008000814       0xd0 ./Core/Src/main.o
                0x0000000008000814                SystemClock_Config
 .text.MX_SPI1_Init
                0x00000000080008e4       0x7c ./Core/Src/main.o
 .text.MX_TIM14_Init
                0x0000000008000960       0x48 ./Core/Src/main.o
 .text.MX_USART6_UART_Init
                0x00000000080009a8       0x60 ./Core/Src/main.o
 .text.MX_DMA_Init
                0x0000000008000a08       0x3c ./Core/Src/main.o
 .text.MX_GPIO_Init
                0x0000000008000a44      0x168 ./Core/Src/main.o
 .text.HAL_GPIO_EXTI_Callback
                0x0000000008000bac       0x24 ./Core/Src/main.o
                0x0000000008000bac                HAL_GPIO_EXTI_Callback
 .text.Error_Handler
                0x0000000008000bd0        0xa ./Core/Src/main.o
                0x0000000008000bd0                Error_Handler
 *fill*         0x0000000008000bda        0x2 
 .text.HAL_MspInit
                0x0000000008000bdc       0x48 ./Core/Src/stm32f7xx_hal_msp.o
                0x0000000008000bdc                HAL_MspInit
 .text.HAL_SPI_MspInit
                0x0000000008000c24      0x110 ./Core/Src/stm32f7xx_hal_msp.o
                0x0000000008000c24                HAL_SPI_MspInit
 .text.HAL_TIM_Base_MspInit
                0x0000000008000d34       0x4c ./Core/Src/stm32f7xx_hal_msp.o
                0x0000000008000d34                HAL_TIM_Base_MspInit
 .text.HAL_UART_MspInit
                0x0000000008000d80       0xc0 ./Core/Src/stm32f7xx_hal_msp.o
                0x0000000008000d80                HAL_UART_MspInit
 .text.NMI_Handler
                0x0000000008000e40        0xe ./Core/Src/stm32f7xx_it.o
                0x0000000008000e40                NMI_Handler
 .text.HardFault_Handler
                0x0000000008000e4e        0x6 ./Core/Src/stm32f7xx_it.o
                0x0000000008000e4e                HardFault_Handler
 .text.MemManage_Handler
                0x0000000008000e54        0x6 ./Core/Src/stm32f7xx_it.o
                0x0000000008000e54                MemManage_Handler
 .text.BusFault_Handler
                0x0000000008000e5a        0x6 ./Core/Src/stm32f7xx_it.o
                0x0000000008000e5a                BusFault_Handler
 .text.UsageFault_Handler
                0x0000000008000e60        0x6 ./Core/Src/stm32f7xx_it.o
                0x0000000008000e60                UsageFault_Handler
 .text.SVC_Handler
                0x0000000008000e66        0xe ./Core/Src/stm32f7xx_it.o
                0x0000000008000e66                SVC_Handler
 .text.DebugMon_Handler
                0x0000000008000e74        0xe ./Core/Src/stm32f7xx_it.o
                0x0000000008000e74                DebugMon_Handler
 .text.PendSV_Handler
                0x0000000008000e82        0xe ./Core/Src/stm32f7xx_it.o
                0x0000000008000e82                PendSV_Handler
 .text.SysTick_Handler
                0x0000000008000e90        0xc ./Core/Src/stm32f7xx_it.o
                0x0000000008000e90                SysTick_Handler
 .text.EXTI9_5_IRQHandler
                0x0000000008000e9c      0x168 ./Core/Src/stm32f7xx_it.o
                0x0000000008000e9c                EXTI9_5_IRQHandler
 .text.SPI1_IRQHandler
                0x0000000008001004       0x14 ./Core/Src/stm32f7xx_it.o
                0x0000000008001004                SPI1_IRQHandler
 .text.TIM8_TRG_COM_TIM14_IRQHandler
                0x0000000008001018       0x14 ./Core/Src/stm32f7xx_it.o
                0x0000000008001018                TIM8_TRG_COM_TIM14_IRQHandler
 .text.DMA2_Stream3_IRQHandler
                0x000000000800102c       0x14 ./Core/Src/stm32f7xx_it.o
                0x000000000800102c                DMA2_Stream3_IRQHandler
 .text.OTG_FS_IRQHandler
                0x0000000008001040       0x14 ./Core/Src/stm32f7xx_it.o
                0x0000000008001040                OTG_FS_IRQHandler
 .text.KeyPadGetChar
                0x0000000008001054      0x164 ./Core/Src/stm32f7xx_it.o
                0x0000000008001054                KeyPadGetChar
 .text._sbrk    0x00000000080011b8       0x6c ./Core/Src/sysmem.o
                0x00000000080011b8                _sbrk
 .text.SystemInit
                0x0000000008001224       0x24 ./Core/Src/system_stm32f7xx.o
                0x0000000008001224                SystemInit
 .text.Reset_Handler
                0x0000000008001248       0x50 ./Core/Startup/startup_stm32f746zgtx.o
                0x0000000008001248                Reset_Handler
 .text.Default_Handler
                0x0000000008001298        0x2 ./Core/Startup/startup_stm32f746zgtx.o
                0x0000000008001298                RTC_Alarm_IRQHandler
                0x0000000008001298                EXTI2_IRQHandler
                0x0000000008001298                TIM8_CC_IRQHandler
                0x0000000008001298                UART8_IRQHandler
                0x0000000008001298                SPI4_IRQHandler
                0x0000000008001298                TIM1_CC_IRQHandler
                0x0000000008001298                DMA2_Stream5_IRQHandler
                0x0000000008001298                DMA1_Stream5_IRQHandler
                0x0000000008001298                PVD_IRQHandler
                0x0000000008001298                TAMP_STAMP_IRQHandler
                0x0000000008001298                CAN2_RX1_IRQHandler
                0x0000000008001298                EXTI3_IRQHandler
                0x0000000008001298                TIM1_UP_TIM10_IRQHandler
                0x0000000008001298                TIM8_UP_TIM13_IRQHandler
                0x0000000008001298                I2C3_ER_IRQHandler
                0x0000000008001298                EXTI0_IRQHandler
                0x0000000008001298                I2C2_EV_IRQHandler
                0x0000000008001298                DMA1_Stream2_IRQHandler
                0x0000000008001298                CAN1_RX0_IRQHandler
                0x0000000008001298                FPU_IRQHandler
                0x0000000008001298                OTG_HS_WKUP_IRQHandler
                0x0000000008001298                LTDC_ER_IRQHandler
                0x0000000008001298                CAN2_SCE_IRQHandler
                0x0000000008001298                DMA2_Stream2_IRQHandler
                0x0000000008001298                TIM6_DAC_IRQHandler
                0x0000000008001298                TIM1_BRK_TIM9_IRQHandler
                0x0000000008001298                DCMI_IRQHandler
                0x0000000008001298                CAN2_RX0_IRQHandler
                0x0000000008001298                SAI2_IRQHandler
                0x0000000008001298                USART6_IRQHandler
                0x0000000008001298                USART3_IRQHandler
                0x0000000008001298                CAN1_RX1_IRQHandler
                0x0000000008001298                UART5_IRQHandler
                0x0000000008001298                DMA2_Stream0_IRQHandler
                0x0000000008001298                TIM4_IRQHandler
                0x0000000008001298                QUADSPI_IRQHandler
                0x0000000008001298                I2C1_EV_IRQHandler
                0x0000000008001298                DMA1_Stream6_IRQHandler
                0x0000000008001298                DMA1_Stream1_IRQHandler
                0x0000000008001298                UART4_IRQHandler
                0x0000000008001298                TIM3_IRQHandler
                0x0000000008001298                RCC_IRQHandler
                0x0000000008001298                TIM8_BRK_TIM12_IRQHandler
                0x0000000008001298                Default_Handler
                0x0000000008001298                CEC_IRQHandler
                0x0000000008001298                EXTI15_10_IRQHandler
                0x0000000008001298                ADC_IRQHandler
                0x0000000008001298                DMA1_Stream7_IRQHandler
                0x0000000008001298                SPI5_IRQHandler
                0x0000000008001298                TIM7_IRQHandler
                0x0000000008001298                SDMMC1_IRQHandler
                0x0000000008001298                CAN2_TX_IRQHandler
                0x0000000008001298                TIM5_IRQHandler
                0x0000000008001298                DMA2_Stream7_IRQHandler
                0x0000000008001298                I2C3_EV_IRQHandler
                0x0000000008001298                RTC_WKUP_IRQHandler
                0x0000000008001298                LTDC_IRQHandler
                0x0000000008001298                ETH_WKUP_IRQHandler
                0x0000000008001298                SPDIF_RX_IRQHandler
                0x0000000008001298                SPI2_IRQHandler
                0x0000000008001298                OTG_HS_EP1_IN_IRQHandler
                0x0000000008001298                DMA1_Stream0_IRQHandler
                0x0000000008001298                CAN1_TX_IRQHandler
                0x0000000008001298                EXTI4_IRQHandler
                0x0000000008001298                RNG_IRQHandler
                0x0000000008001298                ETH_IRQHandler
                0x0000000008001298                OTG_HS_EP1_OUT_IRQHandler
                0x0000000008001298                WWDG_IRQHandler
                0x0000000008001298                SPI6_IRQHandler
                0x0000000008001298                I2C4_EV_IRQHandler
                0x0000000008001298                TIM2_IRQHandler
                0x0000000008001298                OTG_FS_WKUP_IRQHandler
                0x0000000008001298                TIM1_TRG_COM_TIM11_IRQHandler
                0x0000000008001298                OTG_HS_IRQHandler
                0x0000000008001298                DMA2D_IRQHandler
                0x0000000008001298                EXTI1_IRQHandler
                0x0000000008001298                UART7_IRQHandler
                0x0000000008001298                USART2_IRQHandler
                0x0000000008001298                I2C2_ER_IRQHandler
                0x0000000008001298                DMA2_Stream1_IRQHandler
                0x0000000008001298                CAN1_SCE_IRQHandler
                0x0000000008001298                FLASH_IRQHandler
                0x0000000008001298                DMA2_Stream4_IRQHandler
                0x0000000008001298                USART1_IRQHandler
                0x0000000008001298                SPI3_IRQHandler
                0x0000000008001298                DMA1_Stream4_IRQHandler
                0x0000000008001298                I2C1_ER_IRQHandler
                0x0000000008001298                FMC_IRQHandler
                0x0000000008001298                LPTIM1_IRQHandler
                0x0000000008001298                I2C4_ER_IRQHandler
                0x0000000008001298                DMA2_Stream6_IRQHandler
                0x0000000008001298                SAI1_IRQHandler
                0x0000000008001298                DMA1_Stream3_IRQHandler
 .text.HAL_Init
                0x000000000800129a       0x1a ./Drivers/STM32F7xx_HAL_Driver/Src/stm32f7xx_hal.o
                0x000000000800129a                HAL_Init
 .text.HAL_InitTick
                0x00000000080012b4       0x60 ./Drivers/STM32F7xx_HAL_Driver/Src/stm32f7xx_hal.o
                0x00000000080012b4                HAL_InitTick
 .text.HAL_IncTick
                0x0000000008001314       0x28 ./Drivers/STM32F7xx_HAL_Driver/Src/stm32f7xx_hal.o
                0x0000000008001314                HAL_IncTick
 .text.HAL_GetTick
                0x000000000800133c       0x18 ./Drivers/STM32F7xx_HAL_Driver/Src/stm32f7xx_hal.o
                0x000000000800133c                HAL_GetTick
 .text.HAL_Delay
                0x0000000008001354       0x48 ./Drivers/STM32F7xx_HAL_Driver/Src/stm32f7xx_hal.o
                0x0000000008001354                HAL_Delay
 .text.__NVIC_SetPriorityGrouping
                0x000000000800139c       0x48 ./Drivers/STM32F7xx_HAL_Driver/Src/stm32f7xx_hal_cortex.o
 .text.__NVIC_GetPriorityGrouping
                0x00000000080013e4       0x1c ./Drivers/STM32F7xx_HAL_Driver/Src/stm32f7xx_hal_cortex.o
 .text.__NVIC_EnableIRQ
                0x0000000008001400       0x3c ./Drivers/STM32F7xx_HAL_Driver/Src/stm32f7xx_hal_cortex.o
 .text.__NVIC_SetPriority
                0x000000000800143c       0x54 ./Drivers/STM32F7xx_HAL_Driver/Src/stm32f7xx_hal_cortex.o
 .text.NVIC_EncodePriority
                0x0000000008001490       0x66 ./Drivers/STM32F7xx_HAL_Driver/Src/stm32f7xx_hal_cortex.o
 *fill*         0x00000000080014f6        0x2 
 .text.SysTick_Config
                0x00000000080014f8       0x44 ./Drivers/STM32F7xx_HAL_Driver/Src/stm32f7xx_hal_cortex.o
 .text.HAL_NVIC_SetPriorityGrouping
                0x000000000800153c       0x16 ./Drivers/STM32F7xx_HAL_Driver/Src/stm32f7xx_hal_cortex.o
                0x000000000800153c                HAL_NVIC_SetPriorityGrouping
 .text.HAL_NVIC_SetPriority
                0x0000000008001552       0x38 ./Drivers/STM32F7xx_HAL_Driver/Src/stm32f7xx_hal_cortex.o
                0x0000000008001552                HAL_NVIC_SetPriority
 .text.HAL_NVIC_EnableIRQ
                0x000000000800158a       0x1c ./Drivers/STM32F7xx_HAL_Driver/Src/stm32f7xx_hal_cortex.o
                0x000000000800158a                HAL_NVIC_EnableIRQ
 .text.HAL_SYSTICK_Config
                0x00000000080015a6       0x18 ./Drivers/STM32F7xx_HAL_Driver/Src/stm32f7xx_hal_cortex.o
                0x00000000080015a6                HAL_SYSTICK_Config
 *fill*         0x00000000080015be        0x2 
 .text.HAL_DMA_Init
                0x00000000080015c0      0x15c ./Drivers/STM32F7xx_HAL_Driver/Src/stm32f7xx_hal_dma.o
                0x00000000080015c0                HAL_DMA_Init
 .text.HAL_DMA_Abort_IT
                0x000000000800171c       0x44 ./Drivers/STM32F7xx_HAL_Driver/Src/stm32f7xx_hal_dma.o
                0x000000000800171c                HAL_DMA_Abort_IT
 .text.HAL_DMA_IRQHandler
                0x0000000008001760      0x314 ./Drivers/STM32F7xx_HAL_Driver/Src/stm32f7xx_hal_dma.o
                0x0000000008001760                HAL_DMA_IRQHandler
 .text.DMA_CalcBaseAndBitshift
                0x0000000008001a74       0x6c ./Drivers/STM32F7xx_HAL_Driver/Src/stm32f7xx_hal_dma.o
 .text.DMA_CheckFifoParam
                0x0000000008001ae0       0xf8 ./Drivers/STM32F7xx_HAL_Driver/Src/stm32f7xx_hal_dma.o
 .text.HAL_GPIO_Init
                0x0000000008001bd8      0x358 ./Drivers/STM32F7xx_HAL_Driver/Src/stm32f7xx_hal_gpio.o
                0x0000000008001bd8                HAL_GPIO_Init
 .text.HAL_GPIO_ReadPin
                0x0000000008001f30       0x30 ./Drivers/STM32F7xx_HAL_Driver/Src/stm32f7xx_hal_gpio.o
                0x0000000008001f30                HAL_GPIO_ReadPin
 .text.HAL_GPIO_WritePin
                0x0000000008001f60       0x32 ./Drivers/STM32F7xx_HAL_Driver/Src/stm32f7xx_hal_gpio.o
                0x0000000008001f60                HAL_GPIO_WritePin
 *fill*         0x0000000008001f92        0x2 
 .text.HAL_GPIO_EXTI_IRQHandler
                0x0000000008001f94       0x30 ./Drivers/STM32F7xx_HAL_Driver/Src/stm32f7xx_hal_gpio.o
                0x0000000008001f94                HAL_GPIO_EXTI_IRQHandler
 .text.HAL_PCD_Init
                0x0000000008001fc4      0x248 ./Drivers/STM32F7xx_HAL_Driver/Src/stm32f7xx_hal_pcd.o
                0x0000000008001fc4                HAL_PCD_Init
 .text.HAL_PCD_Start
                0x000000000800220c       0x44 ./Drivers/STM32F7xx_HAL_Driver/Src/stm32f7xx_hal_pcd.o
                0x000000000800220c                HAL_PCD_Start
 .text.HAL_PCD_IRQHandler
                0x0000000008002250      0x998 ./Drivers/STM32F7xx_HAL_Driver/Src/stm32f7xx_hal_pcd.o
                0x0000000008002250                HAL_PCD_IRQHandler
 .text.HAL_PCD_SetAddress
                0x0000000008002be8       0x4a ./Drivers/STM32F7xx_HAL_Driver/Src/stm32f7xx_hal_pcd.o
                0x0000000008002be8                HAL_PCD_SetAddress
 .text.HAL_PCD_EP_Open
                0x0000000008002c32       0xd0 ./Drivers/STM32F7xx_HAL_Driver/Src/stm32f7xx_hal_pcd.o
                0x0000000008002c32                HAL_PCD_EP_Open
 .text.HAL_PCD_EP_Close
                0x0000000008002d02       0x94 ./Drivers/STM32F7xx_HAL_Driver/Src/stm32f7xx_hal_pcd.o
                0x0000000008002d02                HAL_PCD_EP_Close
 .text.HAL_PCD_EP_Receive
                0x0000000008002d96       0x96 ./Drivers/STM32F7xx_HAL_Driver/Src/stm32f7xx_hal_pcd.o
                0x0000000008002d96                HAL_PCD_EP_Receive
 .text.HAL_PCD_EP_GetRxCount
                0x0000000008002e2c       0x30 ./Drivers/STM32F7xx_HAL_Driver/Src/stm32f7xx_hal_pcd.o
                0x0000000008002e2c                HAL_PCD_EP_GetRxCount
 .text.HAL_PCD_EP_Transmit
                0x0000000008002e5c       0x94 ./Drivers/STM32F7xx_HAL_Driver/Src/stm32f7xx_hal_pcd.o
                0x0000000008002e5c                HAL_PCD_EP_Transmit
 .text.HAL_PCD_EP_SetStall
                0x0000000008002ef0       0xc8 ./Drivers/STM32F7xx_HAL_Driver/Src/stm32f7xx_hal_pcd.o
                0x0000000008002ef0                HAL_PCD_EP_SetStall
 .text.HAL_PCD_EP_ClrStall
                0x0000000008002fb8       0xac ./Drivers/STM32F7xx_HAL_Driver/Src/stm32f7xx_hal_pcd.o
                0x0000000008002fb8                HAL_PCD_EP_ClrStall
 .text.HAL_PCD_EP_Abort
                0x0000000008003064       0x62 ./Drivers/STM32F7xx_HAL_Driver/Src/stm32f7xx_hal_pcd.o
                0x0000000008003064                HAL_PCD_EP_Abort
 .text.PCD_WriteEmptyTxFifo
                0x00000000080030c6      0x11a ./Drivers/STM32F7xx_HAL_Driver/Src/stm32f7xx_hal_pcd.o
 .text.PCD_EP_OutXfrComplete_int
                0x00000000080031e0      0x1d0 ./Drivers/STM32F7xx_HAL_Driver/Src/stm32f7xx_hal_pcd.o
 .text.PCD_EP_OutSetupPacket_int
                0x00000000080033b0       0x8c ./Drivers/STM32F7xx_HAL_Driver/Src/stm32f7xx_hal_pcd.o
 .text.HAL_PCDEx_SetTxFiFo
                0x000000000800343c       0x8e ./Drivers/STM32F7xx_HAL_Driver/Src/stm32f7xx_hal_pcd_ex.o
                0x000000000800343c                HAL_PCDEx_SetTxFiFo
 .text.HAL_PCDEx_SetRxFiFo
                0x00000000080034ca       0x22 ./Drivers/STM32F7xx_HAL_Driver/Src/stm32f7xx_hal_pcd_ex.o
                0x00000000080034ca                HAL_PCDEx_SetRxFiFo
 .text.HAL_PCDEx_ActivateLPM
                0x00000000080034ec       0x48 ./Drivers/STM32F7xx_HAL_Driver/Src/stm32f7xx_hal_pcd_ex.o
                0x00000000080034ec                HAL_PCDEx_ActivateLPM
 .text.HAL_PWR_EnableBkUpAccess
                0x0000000008003534       0x20 ./Drivers/STM32F7xx_HAL_Driver/Src/stm32f7xx_hal_pwr.o
                0x0000000008003534                HAL_PWR_EnableBkUpAccess
 .text.HAL_RCC_OscConfig
                0x0000000008003554      0x548 ./Drivers/STM32F7xx_HAL_Driver/Src/stm32f7xx_hal_rcc.o
                0x0000000008003554                HAL_RCC_OscConfig
 .text.HAL_RCC_ClockConfig
                0x0000000008003a9c      0x1d8 ./Drivers/STM32F7xx_HAL_Driver/Src/stm32f7xx_hal_rcc.o
                0x0000000008003a9c                HAL_RCC_ClockConfig
 .text.HAL_RCC_GetSysClockFreq
                0x0000000008003c74      0x20c ./Drivers/STM32F7xx_HAL_Driver/Src/stm32f7xx_hal_rcc.o
                0x0000000008003c74                HAL_RCC_GetSysClockFreq
 .text.HAL_RCC_GetHCLKFreq
                0x0000000008003e80       0x18 ./Drivers/STM32F7xx_HAL_Driver/Src/stm32f7xx_hal_rcc.o
                0x0000000008003e80                HAL_RCC_GetHCLKFreq
 .text.HAL_RCC_GetPCLK1Freq
                0x0000000008003e98       0x28 ./Drivers/STM32F7xx_HAL_Driver/Src/stm32f7xx_hal_rcc.o
                0x0000000008003e98                HAL_RCC_GetPCLK1Freq
 .text.HAL_RCC_GetPCLK2Freq
                0x0000000008003ec0       0x28 ./Drivers/STM32F7xx_HAL_Driver/Src/stm32f7xx_hal_rcc.o
                0x0000000008003ec0                HAL_RCC_GetPCLK2Freq
 .text.HAL_RCCEx_PeriphCLKConfig
                0x0000000008003ee8      0x7e0 ./Drivers/STM32F7xx_HAL_Driver/Src/stm32f7xx_hal_rcc_ex.o
                0x0000000008003ee8                HAL_RCCEx_PeriphCLKConfig
 .text.HAL_SPI_Init
                0x00000000080046c8      0x156 ./Drivers/STM32F7xx_HAL_Driver/Src/stm32f7xx_hal_spi.o
                0x00000000080046c8                HAL_SPI_Init
 .text.HAL_SPI_Transmit
                0x000000000800481e      0x2dc ./Drivers/STM32F7xx_HAL_Driver/Src/stm32f7xx_hal_spi.o
                0x000000000800481e                HAL_SPI_Transmit
 *fill*         0x0000000008004afa        0x2 
 .text.HAL_SPI_IRQHandler
                0x0000000008004afc      0x1e8 ./Drivers/STM32F7xx_HAL_Driver/Src/stm32f7xx_hal_spi.o
                0x0000000008004afc                HAL_SPI_IRQHandler
 .text.HAL_SPI_ErrorCallback
                0x0000000008004ce4       0x14 ./Drivers/STM32F7xx_HAL_Driver/Src/stm32f7xx_hal_spi.o
                0x0000000008004ce4                HAL_SPI_ErrorCallback
 .text.SPI_DMAAbortOnError
                0x0000000008004cf8       0x2a ./Drivers/STM32F7xx_HAL_Driver/Src/stm32f7xx_hal_spi.o
 *fill*         0x0000000008004d22        0x2 
 .text.SPI_WaitFlagStateUntilTimeout
                0x0000000008004d24      0x110 ./Drivers/STM32F7xx_HAL_Driver/Src/stm32f7xx_hal_spi.o
 .text.SPI_WaitFifoStateUntilTimeout
                0x0000000008004e34      0x12c ./Drivers/STM32F7xx_HAL_Driver/Src/stm32f7xx_hal_spi.o
 .text.SPI_EndRxTxTransaction
                0x0000000008004f60       0xd4 ./Drivers/STM32F7xx_HAL_Driver/Src/stm32f7xx_hal_spi.o
 .text.HAL_TIM_Base_Init
                0x0000000008005034       0xae ./Drivers/STM32F7xx_HAL_Driver/Src/stm32f7xx_hal_tim.o
                0x0000000008005034                HAL_TIM_Base_Init
 *fill*         0x00000000080050e2        0x2 
 .text.HAL_TIM_Base_Start_IT
                0x00000000080050e4       0xf0 ./Drivers/STM32F7xx_HAL_Driver/Src/stm32f7xx_hal_tim.o
                0x00000000080050e4                HAL_TIM_Base_Start_IT
 .text.HAL_TIM_IRQHandler
                0x00000000080051d4      0x23e ./Drivers/STM32F7xx_HAL_Driver/Src/stm32f7xx_hal_tim.o
                0x00000000080051d4                HAL_TIM_IRQHandler
 .text.HAL_TIM_PeriodElapsedCallback
                0x0000000008005412       0x14 ./Drivers/STM32F7xx_HAL_Driver/Src/stm32f7xx_hal_tim.o
                0x0000000008005412                HAL_TIM_PeriodElapsedCallback
 .text.HAL_TIM_OC_DelayElapsedCallback
                0x0000000008005426       0x14 ./Drivers/STM32F7xx_HAL_Driver/Src/stm32f7xx_hal_tim.o
                0x0000000008005426                HAL_TIM_OC_DelayElapsedCallback
 .text.HAL_TIM_IC_CaptureCallback
                0x000000000800543a       0x14 ./Drivers/STM32F7xx_HAL_Driver/Src/stm32f7xx_hal_tim.o
                0x000000000800543a                HAL_TIM_IC_CaptureCallback
 .text.HAL_TIM_PWM_PulseFinishedCallback
                0x000000000800544e       0x14 ./Drivers/STM32F7xx_HAL_Driver/Src/stm32f7xx_hal_tim.o
                0x000000000800544e                HAL_TIM_PWM_PulseFinishedCallback
 .text.HAL_TIM_TriggerCallback
                0x0000000008005462       0x14 ./Drivers/STM32F7xx_HAL_Driver/Src/stm32f7xx_hal_tim.o
                0x0000000008005462                HAL_TIM_TriggerCallback
 *fill*         0x0000000008005476        0x2 
 .text.TIM_Base_SetConfig
                0x0000000008005478      0x140 ./Drivers/STM32F7xx_HAL_Driver/Src/stm32f7xx_hal_tim.o
                0x0000000008005478                TIM_Base_SetConfig
 .text.HAL_TIMEx_CommutCallback
                0x00000000080055b8       0x14 ./Drivers/STM32F7xx_HAL_Driver/Src/stm32f7xx_hal_tim_ex.o
                0x00000000080055b8                HAL_TIMEx_CommutCallback
 .text.HAL_TIMEx_BreakCallback
                0x00000000080055cc       0x14 ./Drivers/STM32F7xx_HAL_Driver/Src/stm32f7xx_hal_tim_ex.o
                0x00000000080055cc                HAL_TIMEx_BreakCallback
 .text.HAL_TIMEx_Break2Callback
                0x00000000080055e0       0x14 ./Drivers/STM32F7xx_HAL_Driver/Src/stm32f7xx_hal_tim_ex.o
                0x00000000080055e0                HAL_TIMEx_Break2Callback
 .text.HAL_UART_Init
                0x00000000080055f4       0x9c ./Drivers/STM32F7xx_HAL_Driver/Src/stm32f7xx_hal_uart.o
                0x00000000080055f4                HAL_UART_Init
 .text.UART_SetConfig
                0x0000000008005690      0x4c8 ./Drivers/STM32F7xx_HAL_Driver/Src/stm32f7xx_hal_uart.o
                0x0000000008005690                UART_SetConfig
 .text.UART_AdvFeatureConfig
                0x0000000008005b58      0x144 ./Drivers/STM32F7xx_HAL_Driver/Src/stm32f7xx_hal_uart.o
                0x0000000008005b58                UART_AdvFeatureConfig
 .text.UART_CheckIdleState
                0x0000000008005c9c       0x6e ./Drivers/STM32F7xx_HAL_Driver/Src/stm32f7xx_hal_uart.o
                0x0000000008005c9c                UART_CheckIdleState
 .text.UART_WaitOnFlagUntilTimeout
                0x0000000008005d0a      0x18c ./Drivers/STM32F7xx_HAL_Driver/Src/stm32f7xx_hal_uart.o
                0x0000000008005d0a                UART_WaitOnFlagUntilTimeout
 *fill*         0x0000000008005e96        0x2 
 .text.USB_CoreInit
                0x0000000008005e98       0xb0 ./Drivers/STM32F7xx_HAL_Driver/Src/stm32f7xx_ll_usb.o
                0x0000000008005e98                USB_CoreInit
 .text.USB_SetTurnaroundTime
                0x0000000008005f48      0x144 ./Drivers/STM32F7xx_HAL_Driver/Src/stm32f7xx_ll_usb.o
                0x0000000008005f48                USB_SetTurnaroundTime
 .text.USB_EnableGlobalInt
                0x000000000800608c       0x22 ./Drivers/STM32F7xx_HAL_Driver/Src/stm32f7xx_ll_usb.o
                0x000000000800608c                USB_EnableGlobalInt
 .text.USB_DisableGlobalInt
                0x00000000080060ae       0x22 ./Drivers/STM32F7xx_HAL_Driver/Src/stm32f7xx_ll_usb.o
                0x00000000080060ae                USB_DisableGlobalInt
 .text.USB_SetCurrentMode
                0x00000000080060d0       0x98 ./Drivers/STM32F7xx_HAL_Driver/Src/stm32f7xx_ll_usb.o
                0x00000000080060d0                USB_SetCurrentMode
 .text.USB_DevInit
                0x0000000008006168      0x2bc ./Drivers/STM32F7xx_HAL_Driver/Src/stm32f7xx_ll_usb.o
                0x0000000008006168                USB_DevInit
 .text.USB_FlushTxFifo
                0x0000000008006424       0x68 ./Drivers/STM32F7xx_HAL_Driver/Src/stm32f7xx_ll_usb.o
                0x0000000008006424                USB_FlushTxFifo
 .text.USB_FlushRxFifo
                0x000000000800648c       0x60 ./Drivers/STM32F7xx_HAL_Driver/Src/stm32f7xx_ll_usb.o
                0x000000000800648c                USB_FlushRxFifo
 .text.USB_SetDevSpeed
                0x00000000080064ec       0x32 ./Drivers/STM32F7xx_HAL_Driver/Src/stm32f7xx_ll_usb.o
                0x00000000080064ec                USB_SetDevSpeed
 .text.USB_GetDevSpeed
                0x000000000800651e       0x4a ./Drivers/STM32F7xx_HAL_Driver/Src/stm32f7xx_ll_usb.o
                0x000000000800651e                USB_GetDevSpeed
 .text.USB_ActivateEndpoint
                0x0000000008006568      0x110 ./Drivers/STM32F7xx_HAL_Driver/Src/stm32f7xx_ll_usb.o
                0x0000000008006568                USB_ActivateEndpoint
 .text.USB_DeactivateEndpoint
                0x0000000008006678      0x1b8 ./Drivers/STM32F7xx_HAL_Driver/Src/stm32f7xx_ll_usb.o
                0x0000000008006678                USB_DeactivateEndpoint
 .text.USB_EPStartXfer
                0x0000000008006830      0x4a0 ./Drivers/STM32F7xx_HAL_Driver/Src/stm32f7xx_ll_usb.o
                0x0000000008006830                USB_EPStartXfer
 .text.USB_EP0StartXfer
                0x0000000008006cd0      0x2b8 ./Drivers/STM32F7xx_HAL_Driver/Src/stm32f7xx_ll_usb.o
                0x0000000008006cd0                USB_EP0StartXfer
 .text.USB_EPStopXfer
                0x0000000008006f88      0x154 ./Drivers/STM32F7xx_HAL_Driver/Src/stm32f7xx_ll_usb.o
                0x0000000008006f88                USB_EPStopXfer
 .text.USB_WritePacket
                0x00000000080070dc       0x7c ./Drivers/STM32F7xx_HAL_Driver/Src/stm32f7xx_ll_usb.o
                0x00000000080070dc                USB_WritePacket
 .text.USB_ReadPacket
                0x0000000008007158       0xb0 ./Drivers/STM32F7xx_HAL_Driver/Src/stm32f7xx_ll_usb.o
                0x0000000008007158                USB_ReadPacket
 .text.USB_EPSetStall
                0x0000000008007208       0xdc ./Drivers/STM32F7xx_HAL_Driver/Src/stm32f7xx_ll_usb.o
                0x0000000008007208                USB_EPSetStall
 .text.USB_EPClearStall
                0x00000000080072e4       0xcc ./Drivers/STM32F7xx_HAL_Driver/Src/stm32f7xx_ll_usb.o
                0x00000000080072e4                USB_EPClearStall
 .text.USB_SetDevAddress
                0x00000000080073b0       0x4c ./Drivers/STM32F7xx_HAL_Driver/Src/stm32f7xx_ll_usb.o
                0x00000000080073b0                USB_SetDevAddress
 .text.USB_DevConnect
                0x00000000080073fc       0x42 ./Drivers/STM32F7xx_HAL_Driver/Src/stm32f7xx_ll_usb.o
                0x00000000080073fc                USB_DevConnect
 .text.USB_DevDisconnect
                0x000000000800743e       0x42 ./Drivers/STM32F7xx_HAL_Driver/Src/stm32f7xx_ll_usb.o
                0x000000000800743e                USB_DevDisconnect
 .text.USB_ReadInterrupts
                0x0000000008007480       0x26 ./Drivers/STM32F7xx_HAL_Driver/Src/stm32f7xx_ll_usb.o
                0x0000000008007480                USB_ReadInterrupts
 .text.USB_ReadDevAllOutEpInterrupt
                0x00000000080074a6       0x34 ./Drivers/STM32F7xx_HAL_Driver/Src/stm32f7xx_ll_usb.o
                0x00000000080074a6                USB_ReadDevAllOutEpInterrupt
 .text.USB_ReadDevAllInEpInterrupt
                0x00000000080074da       0x34 ./Drivers/STM32F7xx_HAL_Driver/Src/stm32f7xx_ll_usb.o
                0x00000000080074da                USB_ReadDevAllInEpInterrupt
 .text.USB_ReadDevOutEPInterrupt
                0x000000000800750e       0x3c ./Drivers/STM32F7xx_HAL_Driver/Src/stm32f7xx_ll_usb.o
                0x000000000800750e                USB_ReadDevOutEPInterrupt
 .text.USB_ReadDevInEPInterrupt
                0x000000000800754a       0x5c ./Drivers/STM32F7xx_HAL_Driver/Src/stm32f7xx_ll_usb.o
                0x000000000800754a                USB_ReadDevInEPInterrupt
 .text.USB_GetMode
                0x00000000080075a6       0x1c ./Drivers/STM32F7xx_HAL_Driver/Src/stm32f7xx_ll_usb.o
                0x00000000080075a6                USB_GetMode
 *fill*         0x00000000080075c2        0x2 
 .text.USB_ActivateSetup
                0x00000000080075c4       0x48 ./Drivers/STM32F7xx_HAL_Driver/Src/stm32f7xx_ll_usb.o
                0x00000000080075c4                USB_ActivateSetup
 .text.USB_EP0_OutStart
                0x000000000800760c       0xbc ./Drivers/STM32F7xx_HAL_Driver/Src/stm32f7xx_ll_usb.o
                0x000000000800760c                USB_EP0_OutStart
 .text.USB_CoreReset
                0x00000000080076c8       0x68 ./Drivers/STM32F7xx_HAL_Driver/Src/stm32f7xx_ll_usb.o
 .text.USBD_CDC_Init
                0x0000000008007730      0x1f0 ./Middlewares/ST/STM32_USB_Device_Library/Class/CDC/Src/usbd_cdc.o
 .text.USBD_CDC_DeInit
                0x0000000008007920      0x104 ./Middlewares/ST/STM32_USB_Device_Library/Class/CDC/Src/usbd_cdc.o
 .text.USBD_CDC_Setup
                0x0000000008007a24      0x1b8 ./Middlewares/ST/STM32_USB_Device_Library/Class/CDC/Src/usbd_cdc.o
 .text.USBD_CDC_DataIn
                0x0000000008007bdc       0xfe ./Middlewares/ST/STM32_USB_Device_Library/Class/CDC/Src/usbd_cdc.o
 .text.USBD_CDC_DataOut
                0x0000000008007cda       0x70 ./Middlewares/ST/STM32_USB_Device_Library/Class/CDC/Src/usbd_cdc.o
 .text.USBD_CDC_EP0_RxReady
                0x0000000008007d4a       0x76 ./Middlewares/ST/STM32_USB_Device_Library/Class/CDC/Src/usbd_cdc.o
 .text.USBD_CDC_GetFSCfgDesc
                0x0000000008007dc0       0x70 ./Middlewares/ST/STM32_USB_Device_Library/Class/CDC/Src/usbd_cdc.o
 .text.USBD_CDC_GetHSCfgDesc
                0x0000000008007e30       0x70 ./Middlewares/ST/STM32_USB_Device_Library/Class/CDC/Src/usbd_cdc.o
 .text.USBD_CDC_GetOtherSpeedCfgDesc
                0x0000000008007ea0       0x70 ./Middlewares/ST/STM32_USB_Device_Library/Class/CDC/Src/usbd_cdc.o
 .text.USBD_CDC_GetDeviceQualifierDescriptor
                0x0000000008007f10       0x20 ./Middlewares/ST/STM32_USB_Device_Library/Class/CDC/Src/usbd_cdc.o
                0x0000000008007f10                USBD_CDC_GetDeviceQualifierDescriptor
 .text.USBD_CDC_RegisterInterface
                0x0000000008007f30       0x34 ./Middlewares/ST/STM32_USB_Device_Library/Class/CDC/Src/usbd_cdc.o
                0x0000000008007f30                USBD_CDC_RegisterInterface
 .text.USBD_CDC_SetTxBuffer
                0x0000000008007f64       0x44 ./Middlewares/ST/STM32_USB_Device_Library/Class/CDC/Src/usbd_cdc.o
                0x0000000008007f64                USBD_CDC_SetTxBuffer
 .text.USBD_CDC_SetRxBuffer
                0x0000000008007fa8       0x3a ./Middlewares/ST/STM32_USB_Device_Library/Class/CDC/Src/usbd_cdc.o
                0x0000000008007fa8                USBD_CDC_SetRxBuffer
 *fill*         0x0000000008007fe2        0x2 
 .text.USBD_CDC_ReceivePacket
                0x0000000008007fe4       0x6c ./Middlewares/ST/STM32_USB_Device_Library/Class/CDC/Src/usbd_cdc.o
                0x0000000008007fe4                USBD_CDC_ReceivePacket
 .text.USBD_Init
                0x0000000008008050       0x60 ./Middlewares/ST/STM32_USB_Device_Library/Core/Src/usbd_core.o
                0x0000000008008050                USBD_Init
 .text.USBD_RegisterClass
                0x00000000080080b0       0x6c ./Middlewares/ST/STM32_USB_Device_Library/Core/Src/usbd_core.o
                0x00000000080080b0                USBD_RegisterClass
 .text.USBD_Start
                0x000000000800811c       0x18 ./Middlewares/ST/STM32_USB_Device_Library/Core/Src/usbd_core.o
                0x000000000800811c                USBD_Start
 .text.USBD_RunTestMode
                0x0000000008008134       0x16 ./Middlewares/ST/STM32_USB_Device_Library/Core/Src/usbd_core.o
                0x0000000008008134                USBD_RunTestMode
 .text.USBD_SetClassConfig
                0x000000000800814a       0x38 ./Middlewares/ST/STM32_USB_Device_Library/Core/Src/usbd_core.o
                0x000000000800814a                USBD_SetClassConfig
 .text.USBD_ClrClassConfig
                0x0000000008008182       0x34 ./Middlewares/ST/STM32_USB_Device_Library/Core/Src/usbd_core.o
                0x0000000008008182                USBD_ClrClassConfig
 .text.USBD_LL_SetupStage
                0x00000000080081b6       0xaa ./Middlewares/ST/STM32_USB_Device_Library/Core/Src/usbd_core.o
                0x00000000080081b6                USBD_LL_SetupStage
 .text.USBD_LL_DataOutStage
                0x0000000008008260      0x166 ./Middlewares/ST/STM32_USB_Device_Library/Core/Src/usbd_core.o
                0x0000000008008260                USBD_LL_DataOutStage
 .text.USBD_LL_DataInStage
                0x00000000080083c6      0x164 ./Middlewares/ST/STM32_USB_Device_Library/Core/Src/usbd_core.o
                0x00000000080083c6                USBD_LL_DataInStage
 .text.USBD_LL_Reset
                0x000000000800852a       0xa4 ./Middlewares/ST/STM32_USB_Device_Library/Core/Src/usbd_core.o
                0x000000000800852a                USBD_LL_Reset
 .text.USBD_LL_SetSpeed
                0x00000000080085ce       0x20 ./Middlewares/ST/STM32_USB_Device_Library/Core/Src/usbd_core.o
                0x00000000080085ce                USBD_LL_SetSpeed
 .text.USBD_LL_Suspend
                0x00000000080085ee       0x2c ./Middlewares/ST/STM32_USB_Device_Library/Core/Src/usbd_core.o
                0x00000000080085ee                USBD_LL_Suspend
 .text.USBD_LL_Resume
                0x000000000800861a       0x30 ./Middlewares/ST/STM32_USB_Device_Library/Core/Src/usbd_core.o
                0x000000000800861a                USBD_LL_Resume
 .text.USBD_LL_SOF
                0x000000000800864a       0x40 ./Middlewares/ST/STM32_USB_Device_Library/Core/Src/usbd_core.o
                0x000000000800864a                USBD_LL_SOF
 .text.USBD_LL_IsoINIncomplete
                0x000000000800868a       0x64 ./Middlewares/ST/STM32_USB_Device_Library/Core/Src/usbd_core.o
                0x000000000800868a                USBD_LL_IsoINIncomplete
 .text.USBD_LL_IsoOUTIncomplete
                0x00000000080086ee       0x64 ./Middlewares/ST/STM32_USB_Device_Library/Core/Src/usbd_core.o
                0x00000000080086ee                USBD_LL_IsoOUTIncomplete
 .text.USBD_LL_DevConnected
                0x0000000008008752       0x16 ./Middlewares/ST/STM32_USB_Device_Library/Core/Src/usbd_core.o
                0x0000000008008752                USBD_LL_DevConnected
 .text.USBD_LL_DevDisconnected
                0x0000000008008768       0x46 ./Middlewares/ST/STM32_USB_Device_Library/Core/Src/usbd_core.o
                0x0000000008008768                USBD_LL_DevDisconnected
 .text.USBD_CoreFindIF
                0x00000000080087ae       0x1a ./Middlewares/ST/STM32_USB_Device_Library/Core/Src/usbd_core.o
                0x00000000080087ae                USBD_CoreFindIF
 .text.USBD_CoreFindEP
                0x00000000080087c8       0x1a ./Middlewares/ST/STM32_USB_Device_Library/Core/Src/usbd_core.o
                0x00000000080087c8                USBD_CoreFindEP
 .text.USBD_GetEpDesc
                0x00000000080087e2       0x74 ./Middlewares/ST/STM32_USB_Device_Library/Core/Src/usbd_core.o
                0x00000000080087e2                USBD_GetEpDesc
 .text.USBD_GetNextDesc
                0x0000000008008856       0x3a ./Middlewares/ST/STM32_USB_Device_Library/Core/Src/usbd_core.o
                0x0000000008008856                USBD_GetNextDesc
 .text.SWAPBYTE
                0x0000000008008890       0x3c ./Middlewares/ST/STM32_USB_Device_Library/Core/Src/usbd_ctlreq.o
 .text.USBD_StdDevReq
                0x00000000080088cc       0xe4 ./Middlewares/ST/STM32_USB_Device_Library/Core/Src/usbd_ctlreq.o
                0x00000000080088cc                USBD_StdDevReq
 .text.USBD_StdItfReq
                0x00000000080089b0       0xd8 ./Middlewares/ST/STM32_USB_Device_Library/Core/Src/usbd_ctlreq.o
                0x00000000080089b0                USBD_StdItfReq
 .text.USBD_StdEPReq
                0x0000000008008a88      0x33a ./Middlewares/ST/STM32_USB_Device_Library/Core/Src/usbd_ctlreq.o
                0x0000000008008a88                USBD_StdEPReq
 *fill*         0x0000000008008dc2        0x2 
 .text.USBD_GetDescriptor
                0x0000000008008dc4      0x328 ./Middlewares/ST/STM32_USB_Device_Library/Core/Src/usbd_ctlreq.o
 .text.USBD_SetAddress
                0x00000000080090ec       0x88 ./Middlewares/ST/STM32_USB_Device_Library/Core/Src/usbd_ctlreq.o
 .text.USBD_SetConfig
                0x0000000008009174      0x154 ./Middlewares/ST/STM32_USB_Device_Library/Core/Src/usbd_ctlreq.o
 .text.USBD_GetConfig
                0x00000000080092c8       0x6c ./Middlewares/ST/STM32_USB_Device_Library/Core/Src/usbd_ctlreq.o
 .text.USBD_GetStatus
                0x0000000008009334       0x68 ./Middlewares/ST/STM32_USB_Device_Library/Core/Src/usbd_ctlreq.o
 .text.USBD_SetFeature
                0x000000000800939c       0x52 ./Middlewares/ST/STM32_USB_Device_Library/Core/Src/usbd_ctlreq.o
 .text.USBD_ClrFeature
                0x00000000080093ee       0x44 ./Middlewares/ST/STM32_USB_Device_Library/Core/Src/usbd_ctlreq.o
 .text.USBD_ParseSetupRequest
                0x0000000008009432       0x74 ./Middlewares/ST/STM32_USB_Device_Library/Core/Src/usbd_ctlreq.o
                0x0000000008009432                USBD_ParseSetupRequest
 .text.USBD_CtlError
                0x00000000080094a6       0x22 ./Middlewares/ST/STM32_USB_Device_Library/Core/Src/usbd_ctlreq.o
                0x00000000080094a6                USBD_CtlError
 .text.USBD_GetString
                0x00000000080094c8       0x8c ./Middlewares/ST/STM32_USB_Device_Library/Core/Src/usbd_ctlreq.o
                0x00000000080094c8                USBD_GetString
 .text.USBD_GetLen
                0x0000000008009554       0x34 ./Middlewares/ST/STM32_USB_Device_Library/Core/Src/usbd_ctlreq.o
 .text.USBD_CtlSendData
                0x0000000008009588       0x36 ./Middlewares/ST/STM32_USB_Device_Library/Core/Src/usbd_ioreq.o
                0x0000000008009588                USBD_CtlSendData
 .text.USBD_CtlContinueSendData
                0x00000000080095be       0x22 ./Middlewares/ST/STM32_USB_Device_Library/Core/Src/usbd_ioreq.o
                0x00000000080095be                USBD_CtlContinueSendData
 .text.USBD_CtlPrepareRx
                0x00000000080095e0       0x3a ./Middlewares/ST/STM32_USB_Device_Library/Core/Src/usbd_ioreq.o
                0x00000000080095e0                USBD_CtlPrepareRx
 .text.USBD_CtlContinueRx
                0x000000000800961a       0x22 ./Middlewares/ST/STM32_USB_Device_Library/Core/Src/usbd_ioreq.o
                0x000000000800961a                USBD_CtlContinueRx
 .text.USBD_CtlSendStatus
                0x000000000800963c       0x26 ./Middlewares/ST/STM32_USB_Device_Library/Core/Src/usbd_ioreq.o
                0x000000000800963c                USBD_CtlSendStatus
 .text.USBD_CtlReceiveStatus
                0x0000000008009662       0x26 ./Middlewares/ST/STM32_USB_Device_Library/Core/Src/usbd_ioreq.o
                0x0000000008009662                USBD_CtlReceiveStatus
 .text.MX_USB_DEVICE_Init
                0x0000000008009688       0x60 ./USB_DEVICE/App/usb_device.o
                0x0000000008009688                MX_USB_DEVICE_Init
 .text.CDC_Init_FS
                0x00000000080096e8       0x28 ./USB_DEVICE/App/usbd_cdc_if.o
 .text.CDC_DeInit_FS
                0x0000000008009710       0x10 ./USB_DEVICE/App/usbd_cdc_if.o
 .text.CDC_Control_FS
                0x0000000008009720       0xbc ./USB_DEVICE/App/usbd_cdc_if.o
 .text.CDC_Receive_FS
                0x00000000080097dc       0x28 ./USB_DEVICE/App/usbd_cdc_if.o
 .text.CDC_TransmitCplt_FS
                0x0000000008009804       0x22 ./USB_DEVICE/App/usbd_cdc_if.o
 *fill*         0x0000000008009826        0x2 
 .text.USBD_FS_DeviceDescriptor
                0x0000000008009828       0x24 ./USB_DEVICE/App/usbd_desc.o
                0x0000000008009828                USBD_FS_DeviceDescriptor
 .text.USBD_FS_LangIDStrDescriptor
                0x000000000800984c       0x24 ./USB_DEVICE/App/usbd_desc.o
                0x000000000800984c                USBD_FS_LangIDStrDescriptor
 .text.USBD_FS_ProductStrDescriptor
                0x0000000008009870       0x3c ./USB_DEVICE/App/usbd_desc.o
                0x0000000008009870                USBD_FS_ProductStrDescriptor
 .text.USBD_FS_ManufacturerStrDescriptor
                0x00000000080098ac       0x28 ./USB_DEVICE/App/usbd_desc.o
                0x00000000080098ac                USBD_FS_ManufacturerStrDescriptor
 .text.USBD_FS_SerialStrDescriptor
                0x00000000080098d4       0x24 ./USB_DEVICE/App/usbd_desc.o
                0x00000000080098d4                USBD_FS_SerialStrDescriptor
 .text.USBD_FS_ConfigStrDescriptor
                0x00000000080098f8       0x3c ./USB_DEVICE/App/usbd_desc.o
                0x00000000080098f8                USBD_FS_ConfigStrDescriptor
 .text.USBD_FS_InterfaceStrDescriptor
                0x0000000008009934       0x3c ./USB_DEVICE/App/usbd_desc.o
                0x0000000008009934                USBD_FS_InterfaceStrDescriptor
 .text.USBD_FS_USR_BOSDescriptor
                0x0000000008009970       0x24 ./USB_DEVICE/App/usbd_desc.o
                0x0000000008009970                USBD_FS_USR_BOSDescriptor
 .text.Get_SerialNum
                0x0000000008009994       0x58 ./USB_DEVICE/App/usbd_desc.o
 .text.IntToUnicode
                0x00000000080099ec       0x7e ./USB_DEVICE/App/usbd_desc.o
 *fill*         0x0000000008009a6a        0x2 
 .text.HAL_PCD_MspInit
                0x0000000008009a6c      0x104 ./USB_DEVICE/Target/usbd_conf.o
                0x0000000008009a6c                HAL_PCD_MspInit
 .text.HAL_PCD_SetupStageCallback
                0x0000000008009b70       0x24 ./USB_DEVICE/Target/usbd_conf.o
                0x0000000008009b70                HAL_PCD_SetupStageCallback
 .text.HAL_PCD_DataOutStageCallback
                0x0000000008009b94       0x36 ./USB_DEVICE/Target/usbd_conf.o
                0x0000000008009b94                HAL_PCD_DataOutStageCallback
 .text.HAL_PCD_DataInStageCallback
                0x0000000008009bca       0x34 ./USB_DEVICE/Target/usbd_conf.o
                0x0000000008009bca                HAL_PCD_DataInStageCallback
 .text.HAL_PCD_SOFCallback
                0x0000000008009bfe       0x1c ./USB_DEVICE/Target/usbd_conf.o
                0x0000000008009bfe                HAL_PCD_SOFCallback
 .text.HAL_PCD_ResetCallback
                0x0000000008009c1a       0x50 ./USB_DEVICE/Target/usbd_conf.o
                0x0000000008009c1a                HAL_PCD_ResetCallback
 *fill*         0x0000000008009c6a        0x2 
 .text.HAL_PCD_SuspendCallback
                0x0000000008009c6c       0x4c ./USB_DEVICE/Target/usbd_conf.o
                0x0000000008009c6c                HAL_PCD_SuspendCallback
 .text.HAL_PCD_ResumeCallback
                0x0000000008009cb8       0x1c ./USB_DEVICE/Target/usbd_conf.o
                0x0000000008009cb8                HAL_PCD_ResumeCallback
 .text.HAL_PCD_ISOOUTIncompleteCallback
                0x0000000008009cd4       0x24 ./USB_DEVICE/Target/usbd_conf.o
                0x0000000008009cd4                HAL_PCD_ISOOUTIncompleteCallback
 .text.HAL_PCD_ISOINIncompleteCallback
                0x0000000008009cf8       0x24 ./USB_DEVICE/Target/usbd_conf.o
                0x0000000008009cf8                HAL_PCD_ISOINIncompleteCallback
 .text.HAL_PCD_ConnectCallback
                0x0000000008009d1c       0x1c ./USB_DEVICE/Target/usbd_conf.o
                0x0000000008009d1c                HAL_PCD_ConnectCallback
 .text.HAL_PCD_DisconnectCallback
                0x0000000008009d38       0x1c ./USB_DEVICE/Target/usbd_conf.o
                0x0000000008009d38                HAL_PCD_DisconnectCallback
 .text.USBD_LL_Init
                0x0000000008009d54       0x98 ./USB_DEVICE/Target/usbd_conf.o
                0x0000000008009d54                USBD_LL_Init
 .text.USBD_LL_Start
                0x0000000008009dec       0x36 ./USB_DEVICE/Target/usbd_conf.o
                0x0000000008009dec                USBD_LL_Start
 .text.USBD_LL_OpenEP
                0x0000000008009e22       0x4c ./USB_DEVICE/Target/usbd_conf.o
                0x0000000008009e22                USBD_LL_OpenEP
 .text.USBD_LL_CloseEP
                0x0000000008009e6e       0x3e ./USB_DEVICE/Target/usbd_conf.o
                0x0000000008009e6e                USBD_LL_CloseEP
 .text.USBD_LL_StallEP
                0x0000000008009eac       0x3e ./USB_DEVICE/Target/usbd_conf.o
                0x0000000008009eac                USBD_LL_StallEP
 .text.USBD_LL_ClearStallEP
                0x0000000008009eea       0x3e ./USB_DEVICE/Target/usbd_conf.o
                0x0000000008009eea                USBD_LL_ClearStallEP
 .text.USBD_LL_IsStallEP
                0x0000000008009f28       0x58 ./USB_DEVICE/Target/usbd_conf.o
                0x0000000008009f28                USBD_LL_IsStallEP
 .text.USBD_LL_SetUSBAddress
                0x0000000008009f80       0x3e ./USB_DEVICE/Target/usbd_conf.o
                0x0000000008009f80                USBD_LL_SetUSBAddress
 .text.USBD_LL_Transmit
                0x0000000008009fbe       0x42 ./USB_DEVICE/Target/usbd_conf.o
                0x0000000008009fbe                USBD_LL_Transmit
 .text.USBD_LL_PrepareReceive
                0x000000000800a000       0x42 ./USB_DEVICE/Target/usbd_conf.o
                0x000000000800a000                USBD_LL_PrepareReceive
 .text.USBD_LL_GetRxDataSize
                0x000000000800a042       0x26 ./USB_DEVICE/Target/usbd_conf.o
                0x000000000800a042                USBD_LL_GetRxDataSize
 .text.HAL_PCDEx_LPM_Callback
                0x000000000800a068       0x9c ./USB_DEVICE/Target/usbd_conf.o
                0x000000000800a068                HAL_PCDEx_LPM_Callback
 .text.SystemClockConfig_Resume
                0x000000000800a104        0xc ./USB_DEVICE/Target/usbd_conf.o
 .text.USBD_Get_USB_Status
                0x000000000800a110       0x58 ./USB_DEVICE/Target/usbd_conf.o
                0x000000000800a110                USBD_Get_USB_Status
 .text.malloc   0x000000000800a168       0x10 C:/ST/STM32CubeIDE_1.13.1/STM32CubeIDE/plugins/com.st.stm32cube.ide.mcu.externaltools.gnu-tools-for-stm32.11.3.rel1.win32_1.1.0.202305231506/tools/bin/../lib/gcc/arm-none-eabi/11.3.1/../../../../arm-none-eabi/lib/thumb/v7e-m+fp/hard\libc_nano.a(libc_a-malloc.o)
                0x000000000800a168                malloc
 .text.free     0x000000000800a178       0x10 C:/ST/STM32CubeIDE_1.13.1/STM32CubeIDE/plugins/com.st.stm32cube.ide.mcu.externaltools.gnu-tools-for-stm32.11.3.rel1.win32_1.1.0.202305231506/tools/bin/../lib/gcc/arm-none-eabi/11.3.1/../../../../arm-none-eabi/lib/thumb/v7e-m+fp/hard\libc_nano.a(libc_a-malloc.o)
                0x000000000800a178                free
 .text.sbrk_aligned
                0x000000000800a188       0x40 C:/ST/STM32CubeIDE_1.13.1/STM32CubeIDE/plugins/com.st.stm32cube.ide.mcu.externaltools.gnu-tools-for-stm32.11.3.rel1.win32_1.1.0.202305231506/tools/bin/../lib/gcc/arm-none-eabi/11.3.1/../../../../arm-none-eabi/lib/thumb/v7e-m+fp/hard\libc_nano.a(libc_a-mallocr.o)
 .text._malloc_r
                0x000000000800a1c8      0x100 C:/ST/STM32CubeIDE_1.13.1/STM32CubeIDE/plugins/com.st.stm32cube.ide.mcu.externaltools.gnu-tools-for-stm32.11.3.rel1.win32_1.1.0.202305231506/tools/bin/../lib/gcc/arm-none-eabi/11.3.1/../../../../arm-none-eabi/lib/thumb/v7e-m+fp/hard\libc_nano.a(libc_a-mallocr.o)
                0x000000000800a1c8                _malloc_r
 .text.__malloc_lock
                0x000000000800a2c8        0xc C:/ST/STM32CubeIDE_1.13.1/STM32CubeIDE/plugins/com.st.stm32cube.ide.mcu.externaltools.gnu-tools-for-stm32.11.3.rel1.win32_1.1.0.202305231506/tools/bin/../lib/gcc/arm-none-eabi/11.3.1/../../../../arm-none-eabi/lib/thumb/v7e-m+fp/hard\libc_nano.a(libc_a-mlock.o)
                0x000000000800a2c8                __malloc_lock
 .text.__malloc_unlock
                0x000000000800a2d4        0xc C:/ST/STM32CubeIDE_1.13.1/STM32CubeIDE/plugins/com.st.stm32cube.ide.mcu.externaltools.gnu-tools-for-stm32.11.3.rel1.win32_1.1.0.202305231506/tools/bin/../lib/gcc/arm-none-eabi/11.3.1/../../../../arm-none-eabi/lib/thumb/v7e-m+fp/hard\libc_nano.a(libc_a-mlock.o)
                0x000000000800a2d4                __malloc_unlock
 .text.memset   0x000000000800a2e0       0x10 C:/ST/STM32CubeIDE_1.13.1/STM32CubeIDE/plugins/com.st.stm32cube.ide.mcu.externaltools.gnu-tools-for-stm32.11.3.rel1.win32_1.1.0.202305231506/tools/bin/../lib/gcc/arm-none-eabi/11.3.1/../../../../arm-none-eabi/lib/thumb/v7e-m+fp/hard\libc_nano.a(libc_a-memset.o)
                0x000000000800a2e0                memset
 .text._sbrk_r  0x000000000800a2f0       0x20 C:/ST/STM32CubeIDE_1.13.1/STM32CubeIDE/plugins/com.st.stm32cube.ide.mcu.externaltools.gnu-tools-for-stm32.11.3.rel1.win32_1.1.0.202305231506/tools/bin/../lib/gcc/arm-none-eabi/11.3.1/../../../../arm-none-eabi/lib/thumb/v7e-m+fp/hard\libc_nano.a(libc_a-sbrkr.o)
                0x000000000800a2f0                _sbrk_r
 .text.__errno  0x000000000800a310        0xc C:/ST/STM32CubeIDE_1.13.1/STM32CubeIDE/plugins/com.st.stm32cube.ide.mcu.externaltools.gnu-tools-for-stm32.11.3.rel1.win32_1.1.0.202305231506/tools/bin/../lib/gcc/arm-none-eabi/11.3.1/../../../../arm-none-eabi/lib/thumb/v7e-m+fp/hard\libc_nano.a(libc_a-errno.o)
                0x000000000800a310                __errno
 .text.__libc_init_array
                0x000000000800a31c       0x48 C:/ST/STM32CubeIDE_1.13.1/STM32CubeIDE/plugins/com.st.stm32cube.ide.mcu.externaltools.gnu-tools-for-stm32.11.3.rel1.win32_1.1.0.202305231506/tools/bin/../lib/gcc/arm-none-eabi/11.3.1/../../../../arm-none-eabi/lib/thumb/v7e-m+fp/hard\libc_nano.a(libc_a-init.o)
                0x000000000800a31c                __libc_init_array
 .text.__retarget_lock_acquire_recursive
                0x000000000800a364        0x2 C:/ST/STM32CubeIDE_1.13.1/STM32CubeIDE/plugins/com.st.stm32cube.ide.mcu.externaltools.gnu-tools-for-stm32.11.3.rel1.win32_1.1.0.202305231506/tools/bin/../lib/gcc/arm-none-eabi/11.3.1/../../../../arm-none-eabi/lib/thumb/v7e-m+fp/hard\libc_nano.a(libc_a-lock.o)
                0x000000000800a364                __retarget_lock_acquire_recursive
 .text.__retarget_lock_release_recursive
                0x000000000800a366        0x2 C:/ST/STM32CubeIDE_1.13.1/STM32CubeIDE/plugins/com.st.stm32cube.ide.mcu.externaltools.gnu-tools-for-stm32.11.3.rel1.win32_1.1.0.202305231506/tools/bin/../lib/gcc/arm-none-eabi/11.3.1/../../../../arm-none-eabi/lib/thumb/v7e-m+fp/hard\libc_nano.a(libc_a-lock.o)
                0x000000000800a366                __retarget_lock_release_recursive
 .text._free_r  0x000000000800a368       0x98 C:/ST/STM32CubeIDE_1.13.1/STM32CubeIDE/plugins/com.st.stm32cube.ide.mcu.externaltools.gnu-tools-for-stm32.11.3.rel1.win32_1.1.0.202305231506/tools/bin/../lib/gcc/arm-none-eabi/11.3.1/../../../../arm-none-eabi/lib/thumb/v7e-m+fp/hard\libc_nano.a(libc_a-freer.o)
                0x000000000800a368                _free_r
 *(.glue_7)
 .glue_7        0x000000000800a400        0x0 linker stubs
 *(.glue_7t)
 .glue_7t       0x000000000800a400        0x0 linker stubs
 *(.eh_frame)
 .eh_frame      0x000000000800a400        0x0 C:/ST/STM32CubeIDE_1.13.1/STM32CubeIDE/plugins/com.st.stm32cube.ide.mcu.externaltools.gnu-tools-for-stm32.11.3.rel1.win32_1.1.0.202305231506/tools/bin/../lib/gcc/arm-none-eabi/11.3.1/thumb/v7e-m+fp/hard/crtbegin.o
 *(.init)
 .init          0x000000000800a400        0x4 C:/ST/STM32CubeIDE_1.13.1/STM32CubeIDE/plugins/com.st.stm32cube.ide.mcu.externaltools.gnu-tools-for-stm32.11.3.rel1.win32_1.1.0.202305231506/tools/bin/../lib/gcc/arm-none-eabi/11.3.1/thumb/v7e-m+fp/hard/crti.o
                0x000000000800a400                _init
 .init          0x000000000800a404        0x8 C:/ST/STM32CubeIDE_1.13.1/STM32CubeIDE/plugins/com.st.stm32cube.ide.mcu.externaltools.gnu-tools-for-stm32.11.3.rel1.win32_1.1.0.202305231506/tools/bin/../lib/gcc/arm-none-eabi/11.3.1/thumb/v7e-m+fp/hard/crtn.o
 *(.fini)
 .fini          0x000000000800a40c        0x4 C:/ST/STM32CubeIDE_1.13.1/STM32CubeIDE/plugins/com.st.stm32cube.ide.mcu.externaltools.gnu-tools-for-stm32.11.3.rel1.win32_1.1.0.202305231506/tools/bin/../lib/gcc/arm-none-eabi/11.3.1/thumb/v7e-m+fp/hard/crti.o
                0x000000000800a40c                _fini
 .fini          0x000000000800a410        0x8 C:/ST/STM32CubeIDE_1.13.1/STM32CubeIDE/plugins/com.st.stm32cube.ide.mcu.externaltools.gnu-tools-for-stm32.11.3.rel1.win32_1.1.0.202305231506/tools/bin/../lib/gcc/arm-none-eabi/11.3.1/thumb/v7e-m+fp/hard/crtn.o
                0x000000000800a418                . = ALIGN (0x4)
                0x000000000800a418                _etext = .

.vfp11_veneer   0x000000000800a418        0x0
 .vfp11_veneer  0x000000000800a418        0x0 linker stubs

.v4_bx          0x000000000800a418        0x0
 .v4_bx         0x000000000800a418        0x0 linker stubs

.iplt           0x000000000800a418        0x0
 .iplt          0x000000000800a418        0x0 C:/ST/STM32CubeIDE_1.13.1/STM32CubeIDE/plugins/com.st.stm32cube.ide.mcu.externaltools.gnu-tools-for-stm32.11.3.rel1.win32_1.1.0.202305231506/tools/bin/../lib/gcc/arm-none-eabi/11.3.1/thumb/v7e-m+fp/hard/crtbegin.o

.rodata         0x000000000800a418       0x78
                0x000000000800a418                . = ALIGN (0x4)
 *(.rodata)
 .rodata        0x000000000800a418       0x46 ./USB_DEVICE/App/usbd_desc.o
 *(.rodata*)
 *fill*         0x000000000800a45e        0x2 
 .rodata._KEYPAD_COLUMN_GPIO_PIN
                0x000000000800a460        0x8 ./Core/Src/stm32f7xx_it.o
                0x000000000800a460                _KEYPAD_COLUMN_GPIO_PIN
 .rodata._KEYPAD_ROW_GPIO_PIN
                0x000000000800a468        0x8 ./Core/Src/stm32f7xx_it.o
                0x000000000800a468                _KEYPAD_ROW_GPIO_PIN
 .rodata.AHBPrescTable
                0x000000000800a470       0x10 ./Core/Src/system_stm32f7xx.o
                0x000000000800a470                AHBPrescTable
 .rodata.APBPrescTable
                0x000000000800a480        0x8 ./Core/Src/system_stm32f7xx.o
                0x000000000800a480                APBPrescTable
 .rodata.flagBitshiftOffset.0
                0x000000000800a488        0x8 ./Drivers/STM32F7xx_HAL_Driver/Src/stm32f7xx_hal_dma.o
                0x000000000800a490                . = ALIGN (0x4)

.ARM.extab      0x000000000800a490        0x0
                0x000000000800a490                . = ALIGN (0x4)
 *(.ARM.extab* .gnu.linkonce.armextab.*)
                0x000000000800a490                . = ALIGN (0x4)

.ARM            0x000000000800a490        0x8
                0x000000000800a490                . = ALIGN (0x4)
                0x000000000800a490                __exidx_start = .
 *(.ARM.exidx*)
 .ARM.exidx     0x000000000800a490        0x8 C:/ST/STM32CubeIDE_1.13.1/STM32CubeIDE/plugins/com.st.stm32cube.ide.mcu.externaltools.gnu-tools-for-stm32.11.3.rel1.win32_1.1.0.202305231506/tools/bin/../lib/gcc/arm-none-eabi/11.3.1/thumb/v7e-m+fp/hard\libgcc.a(_udivmoddi4.o)
                0x000000000800a498                __exidx_end = .
                0x000000000800a498                . = ALIGN (0x4)

.rel.dyn        0x000000000800a498        0x0
 .rel.iplt      0x000000000800a498        0x0 C:/ST/STM32CubeIDE_1.13.1/STM32CubeIDE/plugins/com.st.stm32cube.ide.mcu.externaltools.gnu-tools-for-stm32.11.3.rel1.win32_1.1.0.202305231506/tools/bin/../lib/gcc/arm-none-eabi/11.3.1/thumb/v7e-m+fp/hard/crtbegin.o

.preinit_array  0x000000000800a498        0x0
                0x000000000800a498                . = ALIGN (0x4)
                0x000000000800a498                PROVIDE (__preinit_array_start = .)
 *(.preinit_array*)
                0x000000000800a498                PROVIDE (__preinit_array_end = .)
                0x000000000800a498                . = ALIGN (0x4)

.init_array     0x000000000800a498        0x4
                0x000000000800a498                . = ALIGN (0x4)
                0x000000000800a498                PROVIDE (__init_array_start = .)
 *(SORT_BY_NAME(.init_array.*))
 *(.init_array*)
 .init_array    0x000000000800a498        0x4 C:/ST/STM32CubeIDE_1.13.1/STM32CubeIDE/plugins/com.st.stm32cube.ide.mcu.externaltools.gnu-tools-for-stm32.11.3.rel1.win32_1.1.0.202305231506/tools/bin/../lib/gcc/arm-none-eabi/11.3.1/thumb/v7e-m+fp/hard/crtbegin.o
                0x000000000800a49c                PROVIDE (__init_array_end = .)
                0x000000000800a49c                . = ALIGN (0x4)

.fini_array     0x000000000800a49c        0x4
                0x000000000800a49c                . = ALIGN (0x4)
                [!provide]                        PROVIDE (__fini_array_start = .)
 *(SORT_BY_NAME(.fini_array.*))
 *(.fini_array*)
 .fini_array    0x000000000800a49c        0x4 C:/ST/STM32CubeIDE_1.13.1/STM32CubeIDE/plugins/com.st.stm32cube.ide.mcu.externaltools.gnu-tools-for-stm32.11.3.rel1.win32_1.1.0.202305231506/tools/bin/../lib/gcc/arm-none-eabi/11.3.1/thumb/v7e-m+fp/hard/crtbegin.o
                [!provide]                        PROVIDE (__fini_array_end = .)
                0x000000000800a4a0                . = ALIGN (0x4)
                0x000000000800a4a0                _sidata = LOADADDR (.data)

.data           0x0000000020000000      0x17c load address 0x000000000800a4a0
                0x0000000020000000                . = ALIGN (0x4)
                0x0000000020000000                _sdata = .
 *(.data)
 *(.data*)
 .data._KEYPAD_COLUMN_GPIO_PORT
                0x0000000020000000       0x10 ./Core/Src/stm32f7xx_it.o
                0x0000000020000000                _KEYPAD_COLUMN_GPIO_PORT
 .data._KEYPAD_ROW_GPIO_PORT
                0x0000000020000010       0x10 ./Core/Src/stm32f7xx_it.o
                0x0000000020000010                _KEYPAD_ROW_GPIO_PORT
 .data.SystemCoreClock
                0x0000000020000020        0x4 ./Core/Src/system_stm32f7xx.o
                0x0000000020000020                SystemCoreClock
 .data.uwTickPrio
                0x0000000020000024        0x4 ./Drivers/STM32F7xx_HAL_Driver/Src/stm32f7xx_hal.o
                0x0000000020000024                uwTickPrio
 .data.uwTickFreq
                0x0000000020000028        0x1 ./Drivers/STM32F7xx_HAL_Driver/Src/stm32f7xx_hal.o
                0x0000000020000028                uwTickFreq
 *fill*         0x0000000020000029        0x3 
 .data.USBD_CDC_DeviceQualifierDesc
                0x000000002000002c        0xa ./Middlewares/ST/STM32_USB_Device_Library/Class/CDC/Src/usbd_cdc.o
 *fill*         0x0000000020000036        0x2 
 .data.USBD_CDC
                0x0000000020000038       0x38 ./Middlewares/ST/STM32_USB_Device_Library/Class/CDC/Src/usbd_cdc.o
                0x0000000020000038                USBD_CDC
 .data.USBD_CDC_CfgDesc
                0x0000000020000070       0x43 ./Middlewares/ST/STM32_USB_Device_Library/Class/CDC/Src/usbd_cdc.o
 .data.CDCInEpAdd
                0x00000000200000b3        0x1 ./Middlewares/ST/STM32_USB_Device_Library/Class/CDC/Src/usbd_cdc.o
 .data.CDCOutEpAdd
                0x00000000200000b4        0x1 ./Middlewares/ST/STM32_USB_Device_Library/Class/CDC/Src/usbd_cdc.o
 .data.CDCCmdEpAdd
                0x00000000200000b5        0x1 ./Middlewares/ST/STM32_USB_Device_Library/Class/CDC/Src/usbd_cdc.o
 *fill*         0x00000000200000b6        0x2 
 .data.USBD_Interface_fops_FS
                0x00000000200000b8       0x14 ./USB_DEVICE/App/usbd_cdc_if.o
                0x00000000200000b8                USBD_Interface_fops_FS
 .data.FS_Desc  0x00000000200000cc       0x20 ./USB_DEVICE/App/usbd_desc.o
                0x00000000200000cc                FS_Desc
 .data.USBD_FS_DeviceDesc
                0x00000000200000ec       0x12 ./USB_DEVICE/App/usbd_desc.o
                0x00000000200000ec                USBD_FS_DeviceDesc
 *fill*         0x00000000200000fe        0x2 
 .data.USBD_FS_BOSDesc
                0x0000000020000100        0xc ./USB_DEVICE/App/usbd_desc.o
                0x0000000020000100                USBD_FS_BOSDesc
 .data.USBD_LangIDDesc
                0x000000002000010c        0x4 ./USB_DEVICE/App/usbd_desc.o
                0x000000002000010c                USBD_LangIDDesc
 .data.USBD_StringSerial
                0x0000000020000110       0x1a ./USB_DEVICE/App/usbd_desc.o
                0x0000000020000110                USBD_StringSerial
 *fill*         0x000000002000012a        0x2 
 .data._impure_data
                0x000000002000012c       0x4c C:/ST/STM32CubeIDE_1.13.1/STM32CubeIDE/plugins/com.st.stm32cube.ide.mcu.externaltools.gnu-tools-for-stm32.11.3.rel1.win32_1.1.0.202305231506/tools/bin/../lib/gcc/arm-none-eabi/11.3.1/../../../../arm-none-eabi/lib/thumb/v7e-m+fp/hard\libc_nano.a(libc_a-impure.o)
                0x000000002000012c                _impure_data
 .data._impure_ptr
                0x0000000020000178        0x4 C:/ST/STM32CubeIDE_1.13.1/STM32CubeIDE/plugins/com.st.stm32cube.ide.mcu.externaltools.gnu-tools-for-stm32.11.3.rel1.win32_1.1.0.202305231506/tools/bin/../lib/gcc/arm-none-eabi/11.3.1/../../../../arm-none-eabi/lib/thumb/v7e-m+fp/hard\libc_nano.a(libc_a-impure.o)
                0x0000000020000178                _impure_ptr
 *(.RamFunc)
 *(.RamFunc*)
                0x000000002000017c                . = ALIGN (0x4)
                0x000000002000017c                _edata = .

.igot.plt       0x000000002000017c        0x0 load address 0x000000000800a61c
 .igot.plt      0x000000002000017c        0x0 C:/ST/STM32CubeIDE_1.13.1/STM32CubeIDE/plugins/com.st.stm32cube.ide.mcu.externaltools.gnu-tools-for-stm32.11.3.rel1.win32_1.1.0.202305231506/tools/bin/../lib/gcc/arm-none-eabi/11.3.1/thumb/v7e-m+fp/hard/crtbegin.o
                0x000000002000017c                . = ALIGN (0x4)

.bss            0x000000002000017c     0x1cf4 load address 0x000000000800a61c
                0x000000002000017c                _sbss = .
                0x000000002000017c                __bss_start__ = _sbss
 *(.bss)
 .bss           0x000000002000017c       0x1c C:/ST/STM32CubeIDE_1.13.1/STM32CubeIDE/plugins/com.st.stm32cube.ide.mcu.externaltools.gnu-tools-for-stm32.11.3.rel1.win32_1.1.0.202305231506/tools/bin/../lib/gcc/arm-none-eabi/11.3.1/thumb/v7e-m+fp/hard/crtbegin.o
 *(.bss*)
 .bss.hspi1     0x0000000020000198       0x64 ./Core/Src/main.o
                0x0000000020000198                hspi1
 .bss.hdma_spi1_tx
                0x00000000200001fc       0x60 ./Core/Src/main.o
                0x00000000200001fc                hdma_spi1_tx
 .bss.htim14    0x000000002000025c       0x4c ./Core/Src/main.o
                0x000000002000025c                htim14
 .bss.huart6    0x00000000200002a8       0x88 ./Core/Src/main.o
                0x00000000200002a8                huart6
 .bss.keyChar   0x0000000020000330        0x1 ./Core/Src/main.o
                0x0000000020000330                keyChar
 *fill*         0x0000000020000331        0x1 
 .bss.key       0x0000000020000332        0x2 ./Core/Src/main.o
                0x0000000020000332                key
 .bss.statePinStatus
                0x0000000020000334        0x1 ./Core/Src/main.o
                0x0000000020000334                statePinStatus
 *fill*         0x0000000020000335        0x3 
 .bss.__sbrk_heap_end
                0x0000000020000338        0x4 ./Core/Src/sysmem.o
 .bss.uwTick    0x000000002000033c        0x4 ./Drivers/STM32F7xx_HAL_Driver/Src/stm32f7xx_hal.o
                0x000000002000033c                uwTick
 .bss.cfgidx.0  0x0000000020000340        0x1 ./Middlewares/ST/STM32_USB_Device_Library/Core/Src/usbd_ctlreq.o
 *fill*         0x0000000020000341        0x3 
 .bss.hUsbDeviceFS
                0x0000000020000344      0x2dc ./USB_DEVICE/App/usb_device.o
                0x0000000020000344                hUsbDeviceFS
 .bss.UserRxBufferFS
                0x0000000020000620      0x800 ./USB_DEVICE/App/usbd_cdc_if.o
                0x0000000020000620                UserRxBufferFS
 .bss.UserTxBufferFS
                0x0000000020000e20      0x800 ./USB_DEVICE/App/usbd_cdc_if.o
                0x0000000020000e20                UserTxBufferFS
 .bss.USBD_StrDesc
                0x0000000020001620      0x200 ./USB_DEVICE/App/usbd_desc.o
                0x0000000020001620                USBD_StrDesc
 .bss.hpcd_USB_OTG_FS
                0x0000000020001820      0x508 ./USB_DEVICE/Target/usbd_conf.o
                0x0000000020001820                hpcd_USB_OTG_FS
 .bss.__malloc_free_list
                0x0000000020001d28        0x4 C:/ST/STM32CubeIDE_1.13.1/STM32CubeIDE/plugins/com.st.stm32cube.ide.mcu.externaltools.gnu-tools-for-stm32.11.3.rel1.win32_1.1.0.202305231506/tools/bin/../lib/gcc/arm-none-eabi/11.3.1/../../../../arm-none-eabi/lib/thumb/v7e-m+fp/hard\libc_nano.a(libc_a-mallocr.o)
                0x0000000020001d28                __malloc_free_list
 .bss.__malloc_sbrk_start
                0x0000000020001d2c        0x4 C:/ST/STM32CubeIDE_1.13.1/STM32CubeIDE/plugins/com.st.stm32cube.ide.mcu.externaltools.gnu-tools-for-stm32.11.3.rel1.win32_1.1.0.202305231506/tools/bin/../lib/gcc/arm-none-eabi/11.3.1/../../../../arm-none-eabi/lib/thumb/v7e-m+fp/hard\libc_nano.a(libc_a-mallocr.o)
                0x0000000020001d2c                __malloc_sbrk_start
 .bss.__sf      0x0000000020001d30      0x138 C:/ST/STM32CubeIDE_1.13.1/STM32CubeIDE/plugins/com.st.stm32cube.ide.mcu.externaltools.gnu-tools-for-stm32.11.3.rel1.win32_1.1.0.202305231506/tools/bin/../lib/gcc/arm-none-eabi/11.3.1/../../../../arm-none-eabi/lib/thumb/v7e-m+fp/hard\libc_nano.a(libc_a-findfp.o)
                0x0000000020001d30                __sf
 .bss.errno     0x0000000020001e68        0x4 C:/ST/STM32CubeIDE_1.13.1/STM32CubeIDE/plugins/com.st.stm32cube.ide.mcu.externaltools.gnu-tools-for-stm32.11.3.rel1.win32_1.1.0.202305231506/tools/bin/../lib/gcc/arm-none-eabi/11.3.1/../../../../arm-none-eabi/lib/thumb/v7e-m+fp/hard\libc_nano.a(libc_a-reent.o)
                0x0000000020001e68                errno
 .bss.__lock___malloc_recursive_mutex
                0x0000000020001e6c        0x1 C:/ST/STM32CubeIDE_1.13.1/STM32CubeIDE/plugins/com.st.stm32cube.ide.mcu.externaltools.gnu-tools-for-stm32.11.3.rel1.win32_1.1.0.202305231506/tools/bin/../lib/gcc/arm-none-eabi/11.3.1/../../../../arm-none-eabi/lib/thumb/v7e-m+fp/hard\libc_nano.a(libc_a-lock.o)
                0x0000000020001e6c                __lock___malloc_recursive_mutex
 *(COMMON)
                0x0000000020001e70                . = ALIGN (0x4)
 *fill*         0x0000000020001e6d        0x3 
                0x0000000020001e70                _ebss = .
                0x0000000020001e70                __bss_end__ = _ebss

._user_heap_stack
                0x0000000020001e70      0x600 load address 0x000000000800a61c
                0x0000000020001e70                . = ALIGN (0x8)
                [!provide]                        PROVIDE (end = .)
                0x0000000020001e70                PROVIDE (_end = .)
                0x0000000020002070                . = (. + _Min_Heap_Size)
 *fill*         0x0000000020001e70      0x200 
                0x0000000020002470                . = (. + _Min_Stack_Size)
 *fill*         0x0000000020002070      0x400 
                0x0000000020002470                . = ALIGN (0x8)

/DISCARD/
 libc.a(*)
 libm.a(*)
 libgcc.a(*)

.ARM.attributes
                0x0000000000000000       0x30
 *(.ARM.attributes)
 .ARM.attributes
                0x0000000000000000       0x1e C:/ST/STM32CubeIDE_1.13.1/STM32CubeIDE/plugins/com.st.stm32cube.ide.mcu.externaltools.gnu-tools-for-stm32.11.3.rel1.win32_1.1.0.202305231506/tools/bin/../lib/gcc/arm-none-eabi/11.3.1/thumb/v7e-m+fp/hard/crti.o
 .ARM.attributes
                0x000000000000001e       0x34 C:/ST/STM32CubeIDE_1.13.1/STM32CubeIDE/plugins/com.st.stm32cube.ide.mcu.externaltools.gnu-tools-for-stm32.11.3.rel1.win32_1.1.0.202305231506/tools/bin/../lib/gcc/arm-none-eabi/11.3.1/thumb/v7e-m+fp/hard/crtbegin.o
 .ARM.attributes
                0x0000000000000052       0x34 ./Core/Src/ili9163.o
 .ARM.attributes
                0x0000000000000086       0x34 ./Core/Src/main.o
 .ARM.attributes
                0x00000000000000ba       0x34 ./Core/Src/stm32f7xx_hal_msp.o
 .ARM.attributes
                0x00000000000000ee       0x34 ./Core/Src/stm32f7xx_it.o
 .ARM.attributes
                0x0000000000000122       0x34 ./Core/Src/sysmem.o
 .ARM.attributes
                0x0000000000000156       0x34 ./Core/Src/system_stm32f7xx.o
 .ARM.attributes
                0x000000000000018a       0x21 ./Core/Startup/startup_stm32f746zgtx.o
 .ARM.attributes
                0x00000000000001ab       0x34 ./Drivers/STM32F7xx_HAL_Driver/Src/stm32f7xx_hal.o
 .ARM.attributes
                0x00000000000001df       0x34 ./Drivers/STM32F7xx_HAL_Driver/Src/stm32f7xx_hal_cortex.o
 .ARM.attributes
                0x0000000000000213       0x34 ./Drivers/STM32F7xx_HAL_Driver/Src/stm32f7xx_hal_dma.o
 .ARM.attributes
                0x0000000000000247       0x34 ./Drivers/STM32F7xx_HAL_Driver/Src/stm32f7xx_hal_gpio.o
 .ARM.attributes
                0x000000000000027b       0x34 ./Drivers/STM32F7xx_HAL_Driver/Src/stm32f7xx_hal_pcd.o
 .ARM.attributes
                0x00000000000002af       0x34 ./Drivers/STM32F7xx_HAL_Driver/Src/stm32f7xx_hal_pcd_ex.o
 .ARM.attributes
                0x00000000000002e3       0x34 ./Drivers/STM32F7xx_HAL_Driver/Src/stm32f7xx_hal_pwr.o
 .ARM.attributes
                0x0000000000000317       0x34 ./Drivers/STM32F7xx_HAL_Driver/Src/stm32f7xx_hal_rcc.o
 .ARM.attributes
                0x000000000000034b       0x34 ./Drivers/STM32F7xx_HAL_Driver/Src/stm32f7xx_hal_rcc_ex.o
 .ARM.attributes
                0x000000000000037f       0x34 ./Drivers/STM32F7xx_HAL_Driver/Src/stm32f7xx_hal_spi.o
 .ARM.attributes
                0x00000000000003b3       0x34 ./Drivers/STM32F7xx_HAL_Driver/Src/stm32f7xx_hal_tim.o
 .ARM.attributes
                0x00000000000003e7       0x34 ./Drivers/STM32F7xx_HAL_Driver/Src/stm32f7xx_hal_tim_ex.o
 .ARM.attributes
                0x000000000000041b       0x34 ./Drivers/STM32F7xx_HAL_Driver/Src/stm32f7xx_hal_uart.o
 .ARM.attributes
                0x000000000000044f       0x34 ./Drivers/STM32F7xx_HAL_Driver/Src/stm32f7xx_ll_usb.o
 .ARM.attributes
                0x0000000000000483       0x34 ./Middlewares/ST/STM32_USB_Device_Library/Class/CDC/Src/usbd_cdc.o
 .ARM.attributes
                0x00000000000004b7       0x34 ./Middlewares/ST/STM32_USB_Device_Library/Core/Src/usbd_core.o
 .ARM.attributes
                0x00000000000004eb       0x34 ./Middlewares/ST/STM32_USB_Device_Library/Core/Src/usbd_ctlreq.o
 .ARM.attributes
                0x000000000000051f       0x34 ./Middlewares/ST/STM32_USB_Device_Library/Core/Src/usbd_ioreq.o
 .ARM.attributes
                0x0000000000000553       0x34 ./USB_DEVICE/App/usb_device.o
 .ARM.attributes
                0x0000000000000587       0x34 ./USB_DEVICE/App/usbd_cdc_if.o
 .ARM.attributes
                0x00000000000005bb       0x34 ./USB_DEVICE/App/usbd_desc.o
 .ARM.attributes
                0x00000000000005ef       0x34 ./USB_DEVICE/Target/usbd_conf.o
 .ARM.attributes
                0x0000000000000623       0x34 C:/ST/STM32CubeIDE_1.13.1/STM32CubeIDE/plugins/com.st.stm32cube.ide.mcu.externaltools.gnu-tools-for-stm32.11.3.rel1.win32_1.1.0.202305231506/tools/bin/../lib/gcc/arm-none-eabi/11.3.1/../../../../arm-none-eabi/lib/thumb/v7e-m+fp/hard\libc_nano.a(libc_a-malloc.o)
 .ARM.attributes
                0x0000000000000657       0x34 C:/ST/STM32CubeIDE_1.13.1/STM32CubeIDE/plugins/com.st.stm32cube.ide.mcu.externaltools.gnu-tools-for-stm32.11.3.rel1.win32_1.1.0.202305231506/tools/bin/../lib/gcc/arm-none-eabi/11.3.1/../../../../arm-none-eabi/lib/thumb/v7e-m+fp/hard\libc_nano.a(libc_a-mallocr.o)
 .ARM.attributes
                0x000000000000068b       0x34 C:/ST/STM32CubeIDE_1.13.1/STM32CubeIDE/plugins/com.st.stm32cube.ide.mcu.externaltools.gnu-tools-for-stm32.11.3.rel1.win32_1.1.0.202305231506/tools/bin/../lib/gcc/arm-none-eabi/11.3.1/../../../../arm-none-eabi/lib/thumb/v7e-m+fp/hard\libc_nano.a(libc_a-mlock.o)
 .ARM.attributes
                0x00000000000006bf       0x34 C:/ST/STM32CubeIDE_1.13.1/STM32CubeIDE/plugins/com.st.stm32cube.ide.mcu.externaltools.gnu-tools-for-stm32.11.3.rel1.win32_1.1.0.202305231506/tools/bin/../lib/gcc/arm-none-eabi/11.3.1/../../../../arm-none-eabi/lib/thumb/v7e-m+fp/hard\libc_nano.a(libc_a-findfp.o)
 .ARM.attributes
                0x00000000000006f3       0x34 C:/ST/STM32CubeIDE_1.13.1/STM32CubeIDE/plugins/com.st.stm32cube.ide.mcu.externaltools.gnu-tools-for-stm32.11.3.rel1.win32_1.1.0.202305231506/tools/bin/../lib/gcc/arm-none-eabi/11.3.1/../../../../arm-none-eabi/lib/thumb/v7e-m+fp/hard\libc_nano.a(libc_a-memset.o)
 .ARM.attributes
                0x0000000000000727       0x34 C:/ST/STM32CubeIDE_1.13.1/STM32CubeIDE/plugins/com.st.stm32cube.ide.mcu.externaltools.gnu-tools-for-stm32.11.3.rel1.win32_1.1.0.202305231506/tools/bin/../lib/gcc/arm-none-eabi/11.3.1/../../../../arm-none-eabi/lib/thumb/v7e-m+fp/hard\libc_nano.a(libc_a-reent.o)
 .ARM.attributes
                0x000000000000075b       0x34 C:/ST/STM32CubeIDE_1.13.1/STM32CubeIDE/plugins/com.st.stm32cube.ide.mcu.externaltools.gnu-tools-for-stm32.11.3.rel1.win32_1.1.0.202305231506/tools/bin/../lib/gcc/arm-none-eabi/11.3.1/../../../../arm-none-eabi/lib/thumb/v7e-m+fp/hard\libc_nano.a(libc_a-impure.o)
 .ARM.attributes
                0x000000000000078f       0x34 C:/ST/STM32CubeIDE_1.13.1/STM32CubeIDE/plugins/com.st.stm32cube.ide.mcu.externaltools.gnu-tools-for-stm32.11.3.rel1.win32_1.1.0.202305231506/tools/bin/../lib/gcc/arm-none-eabi/11.3.1/../../../../arm-none-eabi/lib/thumb/v7e-m+fp/hard\libc_nano.a(libc_a-sbrkr.o)
 .ARM.attributes
                0x00000000000007c3       0x34 C:/ST/STM32CubeIDE_1.13.1/STM32CubeIDE/plugins/com.st.stm32cube.ide.mcu.externaltools.gnu-tools-for-stm32.11.3.rel1.win32_1.1.0.202305231506/tools/bin/../lib/gcc/arm-none-eabi/11.3.1/../../../../arm-none-eabi/lib/thumb/v7e-m+fp/hard\libc_nano.a(libc_a-errno.o)
 .ARM.attributes
                0x00000000000007f7       0x34 C:/ST/STM32CubeIDE_1.13.1/STM32CubeIDE/plugins/com.st.stm32cube.ide.mcu.externaltools.gnu-tools-for-stm32.11.3.rel1.win32_1.1.0.202305231506/tools/bin/../lib/gcc/arm-none-eabi/11.3.1/../../../../arm-none-eabi/lib/thumb/v7e-m+fp/hard\libc_nano.a(libc_a-init.o)
 .ARM.attributes
                0x000000000000082b       0x34 C:/ST/STM32CubeIDE_1.13.1/STM32CubeIDE/plugins/com.st.stm32cube.ide.mcu.externaltools.gnu-tools-for-stm32.11.3.rel1.win32_1.1.0.202305231506/tools/bin/../lib/gcc/arm-none-eabi/11.3.1/../../../../arm-none-eabi/lib/thumb/v7e-m+fp/hard\libc_nano.a(libc_a-lock.o)
 .ARM.attributes
                0x000000000000085f       0x34 C:/ST/STM32CubeIDE_1.13.1/STM32CubeIDE/plugins/com.st.stm32cube.ide.mcu.externaltools.gnu-tools-for-stm32.11.3.rel1.win32_1.1.0.202305231506/tools/bin/../lib/gcc/arm-none-eabi/11.3.1/../../../../arm-none-eabi/lib/thumb/v7e-m+fp/hard\libc_nano.a(libc_a-freer.o)
 .ARM.attributes
                0x0000000000000893       0x1e C:/ST/STM32CubeIDE_1.13.1/STM32CubeIDE/plugins/com.st.stm32cube.ide.mcu.externaltools.gnu-tools-for-stm32.11.3.rel1.win32_1.1.0.202305231506/tools/bin/../lib/gcc/arm-none-eabi/11.3.1/thumb/v7e-m+fp/hard\libgcc.a(_aeabi_uldivmod.o)
 .ARM.attributes
                0x00000000000008b1       0x34 C:/ST/STM32CubeIDE_1.13.1/STM32CubeIDE/plugins/com.st.stm32cube.ide.mcu.externaltools.gnu-tools-for-stm32.11.3.rel1.win32_1.1.0.202305231506/tools/bin/../lib/gcc/arm-none-eabi/11.3.1/thumb/v7e-m+fp/hard\libgcc.a(_udivmoddi4.o)
 .ARM.attributes
                0x00000000000008e5       0x1e C:/ST/STM32CubeIDE_1.13.1/STM32CubeIDE/plugins/com.st.stm32cube.ide.mcu.externaltools.gnu-tools-for-stm32.11.3.rel1.win32_1.1.0.202305231506/tools/bin/../lib/gcc/arm-none-eabi/11.3.1/thumb/v7e-m+fp/hard\libgcc.a(_dvmd_tls.o)
 .ARM.attributes
                0x0000000000000903       0x1e C:/ST/STM32CubeIDE_1.13.1/STM32CubeIDE/plugins/com.st.stm32cube.ide.mcu.externaltools.gnu-tools-for-stm32.11.3.rel1.win32_1.1.0.202305231506/tools/bin/../lib/gcc/arm-none-eabi/11.3.1/thumb/v7e-m+fp/hard/crtn.o
OUTPUT(MPDD_Final_Project_v1.elf elf32-littlearm)
LOAD linker stubs
LOAD C:/ST/STM32CubeIDE_1.13.1/STM32CubeIDE/plugins/com.st.stm32cube.ide.mcu.externaltools.gnu-tools-for-stm32.11.3.rel1.win32_1.1.0.202305231506/tools/bin/../lib/gcc/arm-none-eabi/11.3.1/../../../../arm-none-eabi/lib/thumb/v7e-m+fp/hard\libc.a
LOAD C:/ST/STM32CubeIDE_1.13.1/STM32CubeIDE/plugins/com.st.stm32cube.ide.mcu.externaltools.gnu-tools-for-stm32.11.3.rel1.win32_1.1.0.202305231506/tools/bin/../lib/gcc/arm-none-eabi/11.3.1/../../../../arm-none-eabi/lib/thumb/v7e-m+fp/hard\libm.a
LOAD C:/ST/STM32CubeIDE_1.13.1/STM32CubeIDE/plugins/com.st.stm32cube.ide.mcu.externaltools.gnu-tools-for-stm32.11.3.rel1.win32_1.1.0.202305231506/tools/bin/../lib/gcc/arm-none-eabi/11.3.1/thumb/v7e-m+fp/hard\libgcc.a

.comment        0x0000000000000000       0x43
 .comment       0x0000000000000000       0x43 C:/ST/STM32CubeIDE_1.13.1/STM32CubeIDE/plugins/com.st.stm32cube.ide.mcu.externaltools.gnu-tools-for-stm32.11.3.rel1.win32_1.1.0.202305231506/tools/bin/../lib/gcc/arm-none-eabi/11.3.1/thumb/v7e-m+fp/hard/crtbegin.o
                                         0x44 (size before relaxing)
 .comment       0x0000000000000043       0x44 ./Core/Src/ili9163.o
 .comment       0x0000000000000043       0x44 ./Core/Src/main.o
 .comment       0x0000000000000043       0x44 ./Core/Src/stm32f7xx_hal_msp.o
 .comment       0x0000000000000043       0x44 ./Core/Src/stm32f7xx_it.o
 .comment       0x0000000000000043       0x44 ./Core/Src/sysmem.o
 .comment       0x0000000000000043       0x44 ./Core/Src/system_stm32f7xx.o
 .comment       0x0000000000000043       0x44 ./Drivers/STM32F7xx_HAL_Driver/Src/stm32f7xx_hal.o
 .comment       0x0000000000000043       0x44 ./Drivers/STM32F7xx_HAL_Driver/Src/stm32f7xx_hal_cortex.o
 .comment       0x0000000000000043       0x44 ./Drivers/STM32F7xx_HAL_Driver/Src/stm32f7xx_hal_dma.o
 .comment       0x0000000000000043       0x44 ./Drivers/STM32F7xx_HAL_Driver/Src/stm32f7xx_hal_gpio.o
 .comment       0x0000000000000043       0x44 ./Drivers/STM32F7xx_HAL_Driver/Src/stm32f7xx_hal_pcd.o
 .comment       0x0000000000000043       0x44 ./Drivers/STM32F7xx_HAL_Driver/Src/stm32f7xx_hal_pcd_ex.o
 .comment       0x0000000000000043       0x44 ./Drivers/STM32F7xx_HAL_Driver/Src/stm32f7xx_hal_pwr.o
 .comment       0x0000000000000043       0x44 ./Drivers/STM32F7xx_HAL_Driver/Src/stm32f7xx_hal_rcc.o
 .comment       0x0000000000000043       0x44 ./Drivers/STM32F7xx_HAL_Driver/Src/stm32f7xx_hal_rcc_ex.o
 .comment       0x0000000000000043       0x44 ./Drivers/STM32F7xx_HAL_Driver/Src/stm32f7xx_hal_spi.o
 .comment       0x0000000000000043       0x44 ./Drivers/STM32F7xx_HAL_Driver/Src/stm32f7xx_hal_tim.o
 .comment       0x0000000000000043       0x44 ./Drivers/STM32F7xx_HAL_Driver/Src/stm32f7xx_hal_tim_ex.o
 .comment       0x0000000000000043       0x44 ./Drivers/STM32F7xx_HAL_Driver/Src/stm32f7xx_hal_uart.o
 .comment       0x0000000000000043       0x44 ./Drivers/STM32F7xx_HAL_Driver/Src/stm32f7xx_ll_usb.o
 .comment       0x0000000000000043       0x44 ./Middlewares/ST/STM32_USB_Device_Library/Class/CDC/Src/usbd_cdc.o
 .comment       0x0000000000000043       0x44 ./Middlewares/ST/STM32_USB_Device_Library/Core/Src/usbd_core.o
 .comment       0x0000000000000043       0x44 ./Middlewares/ST/STM32_USB_Device_Library/Core/Src/usbd_ctlreq.o
 .comment       0x0000000000000043       0x44 ./Middlewares/ST/STM32_USB_Device_Library/Core/Src/usbd_ioreq.o
 .comment       0x0000000000000043       0x44 ./USB_DEVICE/App/usb_device.o
 .comment       0x0000000000000043       0x44 ./USB_DEVICE/App/usbd_cdc_if.o
 .comment       0x0000000000000043       0x44 ./USB_DEVICE/App/usbd_desc.o
 .comment       0x0000000000000043       0x44 ./USB_DEVICE/Target/usbd_conf.o

.debug_info     0x0000000000000000    0x1cf07
 .debug_info    0x0000000000000000      0xe03 ./Core/Src/ili9163.o
 .debug_info    0x0000000000000e03     0x1d59 ./Core/Src/main.o
 .debug_info    0x0000000000002b5c     0x16ad ./Core/Src/stm32f7xx_hal_msp.o
 .debug_info    0x0000000000004209     0x117e ./Core/Src/stm32f7xx_it.o
 .debug_info    0x0000000000005387      0x168 ./Core/Src/sysmem.o
 .debug_info    0x00000000000054ef      0x6ed ./Core/Src/system_stm32f7xx.o
 .debug_info    0x0000000000005bdc       0x23 ./Core/Startup/startup_stm32f746zgtx.o
 .debug_info    0x0000000000005bff      0x9d8 ./Drivers/STM32F7xx_HAL_Driver/Src/stm32f7xx_hal.o
 .debug_info    0x00000000000065d7      0xf49 ./Drivers/STM32F7xx_HAL_Driver/Src/stm32f7xx_hal_cortex.o
 .debug_info    0x0000000000007520      0x8e7 ./Drivers/STM32F7xx_HAL_Driver/Src/stm32f7xx_hal_dma.o
 .debug_info    0x0000000000007e07      0x6e7 ./Drivers/STM32F7xx_HAL_Driver/Src/stm32f7xx_hal_gpio.o
 .debug_info    0x00000000000084ee     0x156c ./Drivers/STM32F7xx_HAL_Driver/Src/stm32f7xx_hal_pcd.o
 .debug_info    0x0000000000009a5a      0x78b ./Drivers/STM32F7xx_HAL_Driver/Src/stm32f7xx_hal_pcd_ex.o
 .debug_info    0x000000000000a1e5      0x90e ./Drivers/STM32F7xx_HAL_Driver/Src/stm32f7xx_hal_pwr.o
 .debug_info    0x000000000000aaf3      0x8dc ./Drivers/STM32F7xx_HAL_Driver/Src/stm32f7xx_hal_rcc.o
 .debug_info    0x000000000000b3cf      0x6bd ./Drivers/STM32F7xx_HAL_Driver/Src/stm32f7xx_hal_rcc_ex.o
 .debug_info    0x000000000000ba8c     0x169b ./Drivers/STM32F7xx_HAL_Driver/Src/stm32f7xx_hal_spi.o
 .debug_info    0x000000000000d127     0x2a9a ./Drivers/STM32F7xx_HAL_Driver/Src/stm32f7xx_hal_tim.o
 .debug_info    0x000000000000fbc1     0x15bb ./Drivers/STM32F7xx_HAL_Driver/Src/stm32f7xx_hal_tim_ex.o
 .debug_info    0x000000000001117c     0x3a47 ./Drivers/STM32F7xx_HAL_Driver/Src/stm32f7xx_hal_uart.o
 .debug_info    0x0000000000014bc3     0x19bc ./Drivers/STM32F7xx_HAL_Driver/Src/stm32f7xx_ll_usb.o
 .debug_info    0x000000000001657f     0x12ef ./Middlewares/ST/STM32_USB_Device_Library/Class/CDC/Src/usbd_cdc.o
 .debug_info    0x000000000001786e      0xe12 ./Middlewares/ST/STM32_USB_Device_Library/Core/Src/usbd_core.o
 .debug_info    0x0000000000018680      0xaeb ./Middlewares/ST/STM32_USB_Device_Library/Core/Src/usbd_ctlreq.o
 .debug_info    0x000000000001916b      0x762 ./Middlewares/ST/STM32_USB_Device_Library/Core/Src/usbd_ioreq.o
 .debug_info    0x00000000000198cd      0x70e ./USB_DEVICE/App/usb_device.o
 .debug_info    0x0000000000019fdb      0x907 ./USB_DEVICE/App/usbd_cdc_if.o
 .debug_info    0x000000000001a8e2      0x4ba ./USB_DEVICE/App/usbd_desc.o
 .debug_info    0x000000000001ad9c     0x216b ./USB_DEVICE/Target/usbd_conf.o

.debug_abbrev   0x0000000000000000     0x4144
 .debug_abbrev  0x0000000000000000      0x300 ./Core/Src/ili9163.o
 .debug_abbrev  0x0000000000000300      0x36c ./Core/Src/main.o
 .debug_abbrev  0x000000000000066c      0x25a ./Core/Src/stm32f7xx_hal_msp.o
 .debug_abbrev  0x00000000000008c6      0x2cc ./Core/Src/stm32f7xx_it.o
 .debug_abbrev  0x0000000000000b92       0xbc ./Core/Src/sysmem.o
 .debug_abbrev  0x0000000000000c4e      0x13b ./Core/Src/system_stm32f7xx.o
 .debug_abbrev  0x0000000000000d89       0x12 ./Core/Startup/startup_stm32f746zgtx.o
 .debug_abbrev  0x0000000000000d9b      0x213 ./Drivers/STM32F7xx_HAL_Driver/Src/stm32f7xx_hal.o