Archive member included to satisfy reference by file (symbol)

C:/ST/STM32CubeIDE_1.13.1/STM32CubeIDE/plugins/com.st.stm32cube.ide.mcu.externaltools.gnu-tools-for-stm32.11.3.rel1.win32_1.1.0.202305231506/tools/bin/../lib/gcc/arm-none-eabi/11.3.1/../../../../arm-none-eabi/lib/thumb/v7e-m+fp/hard\libc_nano.a(libc_a-exit.o)
                              C:/ST/STM32CubeIDE_1.13.1/STM32CubeIDE/plugins/com.st.stm32cube.ide.mcu.externaltools.gnu-tools-for-stm32.11.3.rel1.win32_1.1.0.202305231506/tools/bin/../lib/gcc/arm-none-eabi/11.3.1/../../../../arm-none-eabi/lib/thumb/v7e-m+fp/hard/crt0.o (exit)
C:/ST/STM32CubeIDE_1.13.1/STM32CubeIDE/plugins/com.st.stm32cube.ide.mcu.externaltools.gnu-tools-for-stm32.11.3.rel1.win32_1.1.0.202305231506/tools/bin/../lib/gcc/arm-none-eabi/11.3.1/../../../../arm-none-eabi/lib/thumb/v7e-m+fp/hard\libc_nano.a(libc_a-findfp.o)
                              C:/ST/STM32CubeIDE_1.13.1/STM32CubeIDE/plugins/com.st.stm32cube.ide.mcu.externaltools.gnu-tools-for-stm32.11.3.rel1.win32_1.1.0.202305231506/tools/bin/../lib/gcc/arm-none-eabi/11.3.1/../../../../arm-none-eabi/lib/thumb/v7e-m+fp/hard\libc_nano.a(libc_a-exit.o) (__stdio_exit_handler)
C:/ST/STM32CubeIDE_1.13.1/STM32CubeIDE/plugins/com.st.stm32cube.ide.mcu.externaltools.gnu-tools-for-stm32.11.3.rel1.win32_1.1.0.202305231506/tools/bin/../lib/gcc/arm-none-eabi/11.3.1/../../../../arm-none-eabi/lib/thumb/v7e-m+fp/hard\libc_nano.a(libc_a-fwalk.o)
                              C:/ST/STM32CubeIDE_1.13.1/STM32CubeIDE/plugins/com.st.stm32cube.ide.mcu.externaltools.gnu-tools-for-stm32.11.3.rel1.win32_1.1.0.202305231506/tools/bin/../lib/gcc/arm-none-eabi/11.3.1/../../../../arm-none-eabi/lib/thumb/v7e-m+fp/hard\libc_nano.a(libc_a-findfp.o) (_fwalk_sglue)
C:/ST/STM32CubeIDE_1.13.1/STM32CubeIDE/plugins/com.st.stm32cube.ide.mcu.externaltools.gnu-tools-for-stm32.11.3.rel1.win32_1.1.0.202305231506/tools/bin/../lib/gcc/arm-none-eabi/11.3.1/../../../../arm-none-eabi/lib/thumb/v7e-m+fp/hard\libc_nano.a(libc_a-sprintf.o)
                              ./Core/Src/main.o (sprintf)
C:/ST/STM32CubeIDE_1.13.1/STM32CubeIDE/plugins/com.st.stm32cube.ide.mcu.externaltools.gnu-tools-for-stm32.11.3.rel1.win32_1.1.0.202305231506/tools/bin/../lib/gcc/arm-none-eabi/11.3.1/../../../../arm-none-eabi/lib/thumb/v7e-m+fp/hard\libc_nano.a(libc_a-stdio.o)
                              C:/ST/STM32CubeIDE_1.13.1/STM32CubeIDE/plugins/com.st.stm32cube.ide.mcu.externaltools.gnu-tools-for-stm32.11.3.rel1.win32_1.1.0.202305231506/tools/bin/../lib/gcc/arm-none-eabi/11.3.1/../../../../arm-none-eabi/lib/thumb/v7e-m+fp/hard\libc_nano.a(libc_a-findfp.o) (__sread)
C:/ST/STM32CubeIDE_1.13.1/STM32CubeIDE/plugins/com.st.stm32cube.ide.mcu.externaltools.gnu-tools-for-stm32.11.3.rel1.win32_1.1.0.202305231506/tools/bin/../lib/gcc/arm-none-eabi/11.3.1/../../../../arm-none-eabi/lib/thumb/v7e-m+fp/hard\libc_nano.a(libc_a-vsnprintf.o)
                              ./Core/Src/ili9163.o (vsnprintf)
C:/ST/STM32CubeIDE_1.13.1/STM32CubeIDE/plugins/com.st.stm32cube.ide.mcu.externaltools.gnu-tools-for-stm32.11.3.rel1.win32_1.1.0.202305231506/tools/bin/../lib/gcc/arm-none-eabi/11.3.1/../../../../arm-none-eabi/lib/thumb/v7e-m+fp/hard\libc_nano.a(libc_a-memset.o)
                              C:/ST/STM32CubeIDE_1.13.1/STM32CubeIDE/plugins/com.st.stm32cube.ide.mcu.externaltools.gnu-tools-for-stm32.11.3.rel1.win32_1.1.0.202305231506/tools/bin/../lib/gcc/arm-none-eabi/11.3.1/../../../../arm-none-eabi/lib/thumb/v7e-m+fp/hard/crt0.o (memset)
C:/ST/STM32CubeIDE_1.13.1/STM32CubeIDE/plugins/com.st.stm32cube.ide.mcu.externaltools.gnu-tools-for-stm32.11.3.rel1.win32_1.1.0.202305231506/tools/bin/../lib/gcc/arm-none-eabi/11.3.1/../../../../arm-none-eabi/lib/thumb/v7e-m+fp/hard\libc_nano.a(libc_a-closer.o)
                              C:/ST/STM32CubeIDE_1.13.1/STM32CubeIDE/plugins/com.st.stm32cube.ide.mcu.externaltools.gnu-tools-for-stm32.11.3.rel1.win32_1.1.0.202305231506/tools/bin/../lib/gcc/arm-none-eabi/11.3.1/../../../../arm-none-eabi/lib/thumb/v7e-m+fp/hard\libc_nano.a(libc_a-stdio.o) (_close_r)
C:/ST/STM32CubeIDE_1.13.1/STM32CubeIDE/plugins/com.st.stm32cube.ide.mcu.externaltools.gnu-tools-for-stm32.11.3.rel1.win32_1.1.0.202305231506/tools/bin/../lib/gcc/arm-none-eabi/11.3.1/../../../../arm-none-eabi/lib/thumb/v7e-m+fp/hard\libc_nano.a(libc_a-reent.o)
                              C:/ST/STM32CubeIDE_1.13.1/STM32CubeIDE/plugins/com.st.stm32cube.ide.mcu.externaltools.gnu-tools-for-stm32.11.3.rel1.win32_1.1.0.202305231506/tools/bin/../lib/gcc/arm-none-eabi/11.3.1/../../../../arm-none-eabi/lib/thumb/v7e-m+fp/hard\libc_nano.a(libc_a-closer.o) (errno)
C:/ST/STM32CubeIDE_1.13.1/STM32CubeIDE/plugins/com.st.stm32cube.ide.mcu.externaltools.gnu-tools-for-stm32.11.3.rel1.win32_1.1.0.202305231506/tools/bin/../lib/gcc/arm-none-eabi/11.3.1/../../../../arm-none-eabi/lib/thumb/v7e-m+fp/hard\libc_nano.a(libc_a-impure.o)
[...]
Memory Configuration

Name             Origin             Length             Attributes
RAM              0x0000000020000000 0x0000000000050000 xrw
FLASH            0x0000000008000000 0x0000000000100000 xr
*default*        0x0000000000000000 0xffffffffffffffff

Linker script and memory map

LOAD C:/ST/STM32CubeIDE_1.13.1/STM32CubeIDE/plugins/com.st.stm32cube.ide.mcu.externaltools.gnu-tools-for-stm32.11.3.rel1.win32_1.1.0.202305231506/tools/bin/../lib/gcc/arm-none-eabi/11.3.1/thumb/v7e-m+fp/hard/crti.o
LOAD C:/ST/STM32CubeIDE_1.13.1/STM32CubeIDE/plugins/com.st.stm32cube.ide.mcu.externaltools.gnu-tools-for-stm32.11.3.rel1.win32_1.1.0.202305231506/tools/bin/../lib/gcc/arm-none-eabi/11.3.1/thumb/v7e-m+fp/hard/crtbegin.o
LOAD C:/ST/STM32CubeIDE_1.13.1/STM32CubeIDE/plugins/com.st.stm32cube.ide.mcu.externaltools.gnu-tools-for-stm32.11.3.rel1.win32_1.1.0.202305231506/tools/bin/../lib/gcc/arm-none-eabi/11.3.1/../../../../arm-none-eabi/lib/thumb/v7e-m+fp/hard/crt0.o
LOAD ./Core/Src/ble_module.o
LOAD ./Core/Src/fonts.o
LOAD ./Core/Src/ili9163.o
LOAD ./Core/Src/keypad.o
LOAD ./Core/Src/main.o
LOAD ./Core/Src/mpu6050.o
LOAD ./Core/Src/stm32f7xx_hal_msp.o
LOAD ./Core/Src/stm32f7xx_it.o
LOAD ./Core/Src/syscalls.o
LOAD ./Core/Src/sysmem.o
LOAD ./Core/Src/system_stm32f7xx.o
LOAD ./Core/Startup/startup_stm32f746zgtx.o
LOAD ./Drivers/STM32F7xx_HAL_Driver/Src/stm32f7xx_hal.o
LOAD ./Drivers/STM32F7xx_HAL_Driver/Src/stm32f7xx_hal_cortex.o
LOAD ./Drivers/STM32F7xx_HAL_Driver/Src/stm32f7xx_hal_dma.o
LOAD ./Drivers/STM32F7xx_HAL_Driver/Src/stm32f7xx_hal_dma_ex.o
LOAD ./Drivers/STM32F7xx_HAL_Driver/Src/stm32f7xx_hal_exti.o
LOAD ./Drivers/STM32F7xx_HAL_Driver/Src/stm32f7xx_hal_flash.o
LOAD ./Drivers/STM32F7xx_HAL_Driver/Src/stm32f7xx_hal_flash_ex.o
LOAD ./Drivers/STM32F7xx_HAL_Driver/Src/stm32f7xx_hal_gpio.o
LOAD ./Drivers/STM32F7xx_HAL_Driver/Src/stm32f7xx_hal_i2c.o
LOAD ./Drivers/STM32F7xx_HAL_Driver/Src/stm32f7xx_hal_i2c_ex.o
LOAD ./Drivers/STM32F7xx_HAL_Driver/Src/stm32f7xx_hal_pwr.o
LOAD ./Drivers/STM32F7xx_HAL_Driver/Src/stm32f7xx_hal_pwr_ex.o
LOAD ./Drivers/STM32F7xx_HAL_Driver/Src/stm32f7xx_hal_rcc.o
LOAD ./Drivers/STM32F7xx_HAL_Driver/Src/stm32f7xx_hal_rcc_ex.o
LOAD ./Drivers/STM32F7xx_HAL_Driver/Src/stm32f7xx_hal_spi.o
LOAD ./Drivers/STM32F7xx_HAL_Driver/Src/stm32f7xx_hal_spi_ex.o
LOAD ./Drivers/STM32F7xx_HAL_Driver/Src/stm32f7xx_hal_tim.o
LOAD ./Drivers/STM32F7xx_HAL_Driver/Src/stm32f7xx_hal_tim_ex.o
LOAD ./Drivers/STM32F7xx_HAL_Driver/Src/stm32f7xx_hal_uart.o
LOAD ./Drivers/STM32F7xx_HAL_Driver/Src/stm32f7xx_hal_uart_ex.o
START GROUP
LOAD C:/ST/STM32CubeIDE_1.13.1/STM32CubeIDE/plugins/com.st.stm32cube.ide.mcu.externaltools.gnu-tools-for-stm32.11.3.rel1.win32_1.1.0.202305231506/tools/bin/../lib/gcc/arm-none-eabi/11.3.1/../../../../arm-none-eabi/lib/thumb/v7e-m+fp/hard\libc_nano.a
LOAD C:/ST/STM32CubeIDE_1.13.1/STM32CubeIDE/plugins/com.st.stm32cube.ide.mcu.externaltools.gnu-tools-for-stm32.11.3.rel1.win32_1.1.0.202305231506/tools/bin/../lib/gcc/arm-none-eabi/11.3.1/../../../../arm-none-eabi/lib/thumb/v7e-m+fp/hard\libm.a
END GROUP
START GROUP
LOAD C:/ST/STM32CubeIDE_1.13.1/STM32CubeIDE/plugins/com.st.stm32cube.ide.mcu.externaltools.gnu-tools-for-stm32.11.3.rel1.win32_1.1.0.202305231506/tools/bin/../lib/gcc/arm-none-eabi/11.3.1/thumb/v7e-m+fp/hard\libgcc.a
LOAD C:/ST/STM32CubeIDE_1.13.1/STM32CubeIDE/plugins/com.st.stm32cube.ide.mcu.externaltools.gnu-tools-for-stm32.11.3.rel1.win32_1.1.0.202305231506/tools/bin/../lib/gcc/arm-none-eabi/11.3.1/../../../../arm-none-eabi/lib/thumb/v7e-m+fp/hard\libc_nano.a
END GROUP
START GROUP
LOAD C:/ST/STM32CubeIDE_1.13.1/STM32CubeIDE/plugins/com.st.stm32cube.ide.mcu.externaltools.gnu-tools-for-stm32.11.3.rel1.win32_1.1.0.202305231506/tools/bin/../lib/gcc/arm-none-eabi/11.3.1/thumb/v7e-m+fp/hard\libgcc.a
LOAD C:/ST/STM32CubeIDE_1.13.1/STM32CubeIDE/plugins/com.st.stm32cube.ide.mcu.externaltools.gnu-tools-for-stm32.11.3.rel1.win32_1.1.0.202305231506/tools/bin/../lib/gcc/arm-none-eabi/11.3.1/../../../../arm-none-eabi/lib/thumb/v7e-m+fp/hard\libc_nano.a
LOAD C:/ST/STM32CubeIDE_1.13.1/STM32CubeIDE/plugins/com.st.stm32cube.ide.mcu.externaltools.gnu-tools-for-stm32.11.3.rel1.win32_1.1.0.202305231506/tools/bin/../lib/gcc/arm-none-eabi/11.3.1/../../../../arm-none-eabi/lib/thumb/v7e-m+fp/hard\libnosys.a
END GROUP
START GROUP
LOAD C:/ST/STM32CubeIDE_1.13.1/STM32CubeIDE/plugins/com.st.stm32cube.ide.mcu.externaltools.gnu-tools-for-stm32.11.3.rel1.win32_1.1.0.202305231506/tools/bin/../lib/gcc/arm-none-eabi/11.3.1/thumb/v7e-m+fp/hard\libgcc.a
LOAD C:/ST/STM32CubeIDE_1.13.1/STM32CubeIDE/plugins/com.st.stm32cube.ide.mcu.externaltools.gnu-tools-for-stm32.11.3.rel1.win32_1.1.0.202305231506/tools/bin/../lib/gcc/arm-none-eabi/11.3.1/../../../../arm-none-eabi/lib/thumb/v7e-m+fp/hard\libc_nano.a
LOAD C:/ST/STM32CubeIDE_1.13.1/STM32CubeIDE/plugins/com.st.stm32cube.ide.mcu.externaltools.gnu-tools-for-stm32.11.3.rel1.win32_1.1.0.202305231506/tools/bin/../lib/gcc/arm-none-eabi/11.3.1/../../../../arm-none-eabi/lib/thumb/v7e-m+fp/hard\libnosys.a
END GROUP
LOAD C:/ST/STM32CubeIDE_1.13.1/STM32CubeIDE/plugins/com.st.stm32cube.ide.mcu.externaltools.gnu-tools-for-stm32.11.3.rel1.win32_1.1.0.202305231506/tools/bin/../lib/gcc/arm-none-eabi/11.3.1/thumb/v7e-m+fp/hard/crtend.o
LOAD C:/ST/STM32CubeIDE_1.13.1/STM32CubeIDE/plugins/com.st.stm32cube.ide.mcu.externaltools.gnu-tools-for-stm32.11.3.rel1.win32_1.1.0.202305231506/tools/bin/../lib/gcc/arm-none-eabi/11.3.1/thumb/v7e-m+fp/hard/crtn.o
                0x0000000020050000                _estack = (ORIGIN (RAM) + LENGTH (RAM))
                0x0000000000000200                _Min_Heap_Size = 0x200
                0x0000000000000400                _Min_Stack_Size = 0x400

.isr_vector     0x0000000008000000      0x1c8
                0x0000000008000000                . = ALIGN (0x4)
 *(.isr_vector)
 .isr_vector    0x0000000008000000      0x1c8 ./Core/Startup/startup_stm32f746zgtx.o
                0x0000000008000000                g_pfnVectors
                0x00000000080001c8                . = ALIGN (0x4)

.text           0x00000000080001d0     0x814c
                0x00000000080001d0                . = ALIGN (0x4)
 *(.text)
 .text          0x00000000080001d0       0x40 C:/ST/STM32CubeIDE_1.13.1/STM32CubeIDE/plugins/com.st.stm32cube.ide.mcu.externaltools.gnu-tools-for-stm32.11.3.rel1.win32_1.1.0.202305231506/tools/bin/../lib/gcc/arm-none-eabi/11.3.1/thumb/v7e-m+fp/hard/crtbegin.o
 .text          0x0000000008000210       0x10 C:/ST/STM32CubeIDE_1.13.1/STM32CubeIDE/plugins/com.st.stm32cube.ide.mcu.externaltools.gnu-tools-for-stm32.11.3.rel1.win32_1.1.0.202305231506/tools/bin/../lib/gcc/arm-none-eabi/11.3.1/../../../../arm-none-eabi/lib/thumb/v7e-m+fp/hard\libc_nano.a(libc_a-strlen.o)
                0x0000000008000210                strlen
 .text          0x0000000008000220       0xa0 C:/ST/STM32CubeIDE_1.13.1/STM32CubeIDE/plugins/com.st.stm32cube.ide.mcu.externaltools.gnu-tools-for-stm32.11.3.rel1.win32_1.1.0.202305231506/tools/bin/../lib/gcc/arm-none-eabi/11.3.1/../../../../arm-none-eabi/lib/thumb/v7e-m+fp/hard\libc_nano.a(libc_a-memchr.o)
                0x0000000008000220                memchr
 .text          0x00000000080002c0       0x30 C:/ST/STM32CubeIDE_1.13.1/STM32CubeIDE/plugins/com.st.stm32cube.ide.mcu.externaltools.gnu-tools-for-stm32.11.3.rel1.win32_1.1.0.202305231506/tools/bin/../lib/gcc/arm-none-eabi/11.3.1/thumb/v7e-m+fp/hard\libgcc.a(_aeabi_uldivmod.o)
                0x00000000080002c0                __aeabi_uldivmod
 .text          0x00000000080002f0      0x2c8 C:/ST/STM32CubeIDE_1.13.1/STM32CubeIDE/plugins/com.st.stm32cube.ide.mcu.externaltools.gnu-tools-for-stm32.11.3.rel1.win32_1.1.0.202305231506/tools/bin/../lib/gcc/arm-none-eabi/11.3.1/thumb/v7e-m+fp/hard\libgcc.a(_udivmoddi4.o)
                0x00000000080002f0                __udivmoddi4
 .text          0x00000000080005b8        0x4 C:/ST/STM32CubeIDE_1.13.1/STM32CubeIDE/plugins/com.st.stm32cube.ide.mcu.externaltools.gnu-tools-for-stm32.11.3.rel1.win32_1.1.0.202305231506/tools/bin/../lib/gcc/arm-none-eabi/11.3.1/thumb/v7e-m+fp/hard\libgcc.a(_dvmd_tls.o)
                0x00000000080005b8                __aeabi_idiv0
                0x00000000080005b8                __aeabi_ldiv0
 *(.text*)
 .text.ILI9163_writeCommand
                0x00000000080005bc       0x4c ./Core/Src/ili9163.o
                0x00000000080005bc                ILI9163_writeCommand
 .text.ILI9163_writeData
                0x0000000008000608       0x4c ./Core/Src/ili9163.o
                0x0000000008000608                ILI9163_writeData
 .text.ILI9163_writeData16
                0x0000000008000654       0x5c ./Core/Src/ili9163.o
                0x0000000008000654                ILI9163_writeData16
 .text.ILI9163_setAddress
                0x00000000080006b0       0x58 ./Core/Src/ili9163.o
                0x00000000080006b0                ILI9163_setAddress
 .text.ILI9163_reset
                0x0000000008000708       0x30 ./Core/Src/ili9163.o
                0x0000000008000708                ILI9163_reset
 .text.ILI9163_init
                0x0000000008000738      0x1d0 ./Core/Src/ili9163.o
                0x0000000008000738                ILI9163_init
 .text.ILI9163_newFrame
                0x0000000008000908       0x38 ./Core/Src/ili9163.o
                0x0000000008000908                ILI9163_newFrame
 .text.ILI9163_render
                0x0000000008000940       0x5c ./Core/Src/ili9163.o
                0x0000000008000940                ILI9163_render
 .text.ILI9163_drawPixel
                0x000000000800099c       0x48 ./Core/Src/ili9163.o
                0x000000000800099c                ILI9163_drawPixel
 .text.ILI9163_drawChar
                0x00000000080009e4       0x96 ./Core/Src/ili9163.o
                0x00000000080009e4                ILI9163_drawChar
 .text.ILI9163_drawString
                0x0000000008000a7a       0x82 ./Core/Src/ili9163.o
                0x0000000008000a7a                ILI9163_drawString
 .text.ILI9163_drawStringF
                0x0000000008000afc       0x4c ./Core/Src/ili9163.o
                0x0000000008000afc                ILI9163_drawStringF
 .text.updateScreen
                0x0000000008000b48       0x30 ./Core/Src/keypad.o
                0x0000000008000b48                updateScreen
 .text.key_pad  0x0000000008000b78      0xa44 ./Core/Src/keypad.o
                0x0000000008000b78                key_pad
 .text.main     0x00000000080015bc      0x124 ./Core/Src/main.o
                0x00000000080015bc                main
 .text.SystemClock_Config
                0x00000000080016e0       0xd0 ./Core/Src/main.o
                0x00000000080016e0                SystemClock_Config
 .text.MX_I2C2_Init
                0x00000000080017b0       0x80 ./Core/Src/main.o
 .text.MX_SPI1_Init
                0x0000000008001830       0x7c ./Core/Src/main.o
 .text.MX_USART6_UART_Init
                0x00000000080018ac       0x60 ./Core/Src/main.o
 .text.MX_DMA_Init
                0x000000000800190c       0x3c ./Core/Src/main.o
 .text.MX_GPIO_Init
                0x0000000008001948      0x1c0 ./Core/Src/main.o
 .text.HAL_SPI_TxCpltCallback
                0x0000000008001b08       0x40 ./Core/Src/main.o
                0x0000000008001b08                HAL_SPI_TxCpltCallback
 .text.HAL_UART_RxCpltCallback
                0x0000000008001b48       0x74 ./Core/Src/main.o
                0x0000000008001b48                HAL_UART_RxCpltCallback
 .text.Error_Handler
                0x0000000008001bbc        0xa ./Core/Src/main.o
                0x0000000008001bbc                Error_Handler
 *fill*         0x0000000008001bc6        0x2 
 .text.MPU6050_Init
                0x0000000008001bc8       0x9c ./Core/Src/mpu6050.o
                0x0000000008001bc8                MPU6050_Init
 .text.readGyroData
                0x0000000008001c64      0x178 ./Core/Src/mpu6050.o
                0x0000000008001c64                readGyroData
 .text.HAL_MspInit
                0x0000000008001ddc       0x48 ./Core/Src/stm32f7xx_hal_msp.o
                0x0000000008001ddc                HAL_MspInit
 .text.HAL_I2C_MspInit
                0x0000000008001e24       0xbc ./Core/Src/stm32f7xx_hal_msp.o
                0x0000000008001e24                HAL_I2C_MspInit
 .text.HAL_SPI_MspInit
                0x0000000008001ee0      0x110 ./Core/Src/stm32f7xx_hal_msp.o
                0x0000000008001ee0                HAL_SPI_MspInit
 .text.HAL_UART_MspInit
                0x0000000008001ff0       0xd0 ./Core/Src/stm32f7xx_hal_msp.o
                0x0000000008001ff0                HAL_UART_MspInit
 .text.NMI_Handler
                0x00000000080020c0        0xe ./Core/Src/stm32f7xx_it.o
                0x00000000080020c0                NMI_Handler
 .text.HardFault_Handler
                0x00000000080020ce        0x6 ./Core/Src/stm32f7xx_it.o
                0x00000000080020ce                HardFault_Handler
 .text.MemManage_Handler
                0x00000000080020d4        0x6 ./Core/Src/stm32f7xx_it.o
                0x00000000080020d4                MemManage_Handler
 .text.BusFault_Handler
                0x00000000080020da        0x6 ./Core/Src/stm32f7xx_it.o
                0x00000000080020da                BusFault_Handler
 .text.UsageFault_Handler
                0x00000000080020e0        0x6 ./Core/Src/stm32f7xx_it.o
                0x00000000080020e0                UsageFault_Handler
 .text.SVC_Handler
                0x00000000080020e6        0xe ./Core/Src/stm32f7xx_it.o
                0x00000000080020e6                SVC_Handler
 .text.DebugMon_Handler
                0x00000000080020f4        0xe ./Core/Src/stm32f7xx_it.o
                0x00000000080020f4                DebugMon_Handler
 .text.PendSV_Handler
                0x0000000008002102        0xe ./Core/Src/stm32f7xx_it.o
                0x0000000008002102                PendSV_Handler
 .text.SysTick_Handler
                0x0000000008002110        0xc ./Core/Src/stm32f7xx_it.o
                0x0000000008002110                SysTick_Handler
 .text.EXTI9_5_IRQHandler
                0x000000000800211c      0x168 ./Core/Src/stm32f7xx_it.o
                0x000000000800211c                EXTI9_5_IRQHandler
 .text.SPI1_IRQHandler
                0x0000000008002284       0x14 ./Core/Src/stm32f7xx_it.o
                0x0000000008002284                SPI1_IRQHandler
 .text.DMA2_Stream3_IRQHandler
                0x0000000008002298       0x14 ./Core/Src/stm32f7xx_it.o
                0x0000000008002298                DMA2_Stream3_IRQHandler
 .text.USART6_IRQHandler
                0x00000000080022ac       0x14 ./Core/Src/stm32f7xx_it.o
                0x00000000080022ac                USART6_IRQHandler
 .text.KeyPadGetChar
                0x00000000080022c0      0x154 ./Core/Src/stm32f7xx_it.o
                0x00000000080022c0                KeyPadGetChar
 .text._sbrk    0x0000000008002414       0x6c ./Core/Src/sysmem.o
                0x0000000008002414                _sbrk
 .text.SystemInit
                0x0000000008002480       0x24 ./Core/Src/system_stm32f7xx.o
                0x0000000008002480                SystemInit
 .text.Reset_Handler
                0x00000000080024a4       0x50 ./Core/Startup/startup_stm32f746zgtx.o
                0x00000000080024a4                Reset_Handler
 .text.Default_Handler
                0x00000000080024f4        0x2 ./Core/Startup/startup_stm32f746zgtx.o
                0x00000000080024f4                RTC_Alarm_IRQHandler
                0x00000000080024f4                EXTI2_IRQHandler
                0x00000000080024f4                TIM8_CC_IRQHandler
                0x00000000080024f4                UART8_IRQHandler
                0x00000000080024f4                SPI4_IRQHandler
                0x00000000080024f4                TIM1_CC_IRQHandler
                0x00000000080024f4                DMA2_Stream5_IRQHandler
                0x00000000080024f4                DMA1_Stream5_IRQHandler
                0x00000000080024f4                PVD_IRQHandler
                0x00000000080024f4                TAMP_STAMP_IRQHandler
                0x00000000080024f4                CAN2_RX1_IRQHandler
                0x00000000080024f4                EXTI3_IRQHandler
                0x00000000080024f4                TIM8_TRG_COM_TIM14_IRQHandler
                0x00000000080024f4                TIM1_UP_TIM10_IRQHandler
                0x00000000080024f4                TIM8_UP_TIM13_IRQHandler
                0x00000000080024f4                I2C3_ER_IRQHandler
                0x00000000080024f4                EXTI0_IRQHandler
                0x00000000080024f4                I2C2_EV_IRQHandler
                0x00000000080024f4                DMA1_Stream2_IRQHandler
                0x00000000080024f4                CAN1_RX0_IRQHandler
                0x00000000080024f4                FPU_IRQHandler
                0x00000000080024f4                OTG_HS_WKUP_IRQHandler
                0x00000000080024f4                LTDC_ER_IRQHandler
                0x00000000080024f4                CAN2_SCE_IRQHandler
                0x00000000080024f4                DMA2_Stream2_IRQHandler
                0x00000000080024f4                TIM6_DAC_IRQHandler
                0x00000000080024f4                TIM1_BRK_TIM9_IRQHandler
                0x00000000080024f4                DCMI_IRQHandler
                0x00000000080024f4                CAN2_RX0_IRQHandler
                0x00000000080024f4                SAI2_IRQHandler
                0x00000000080024f4                USART3_IRQHandler
                0x00000000080024f4                CAN1_RX1_IRQHandler
                0x00000000080024f4                UART5_IRQHandler
                0x00000000080024f4                DMA2_Stream0_IRQHandler
                0x00000000080024f4                TIM4_IRQHandler
                0x00000000080024f4                QUADSPI_IRQHandler
                0x00000000080024f4                I2C1_EV_IRQHandler
                0x00000000080024f4                DMA1_Stream6_IRQHandler
                0x00000000080024f4                DMA1_Stream1_IRQHandler
                0x00000000080024f4                UART4_IRQHandler
                0x00000000080024f4                TIM3_IRQHandler
                0x00000000080024f4                RCC_IRQHandler
                0x00000000080024f4                TIM8_BRK_TIM12_IRQHandler
                0x00000000080024f4                Default_Handler
                0x00000000080024f4                CEC_IRQHandler
                0x00000000080024f4                EXTI15_10_IRQHandler
                0x00000000080024f4                ADC_IRQHandler
                0x00000000080024f4                DMA1_Stream7_IRQHandler
                0x00000000080024f4                SPI5_IRQHandler
                0x00000000080024f4                TIM7_IRQHandler
                0x00000000080024f4                SDMMC1_IRQHandler
                0x00000000080024f4                CAN2_TX_IRQHandler
                0x00000000080024f4                TIM5_IRQHandler
                0x00000000080024f4                DMA2_Stream7_IRQHandler
                0x00000000080024f4                I2C3_EV_IRQHandler
                0x00000000080024f4                RTC_WKUP_IRQHandler
                0x00000000080024f4                LTDC_IRQHandler
                0x00000000080024f4                ETH_WKUP_IRQHandler
                0x00000000080024f4                SPDIF_RX_IRQHandler
                0x00000000080024f4                SPI2_IRQHandler
                0x00000000080024f4                OTG_HS_EP1_IN_IRQHandler
                0x00000000080024f4                DMA1_Stream0_IRQHandler
                0x00000000080024f4                CAN1_TX_IRQHandler
                0x00000000080024f4                EXTI4_IRQHandler
                0x00000000080024f4                RNG_IRQHandler
                0x00000000080024f4                ETH_IRQHandler
                0x00000000080024f4                OTG_HS_EP1_OUT_IRQHandler
                0x00000000080024f4                WWDG_IRQHandler
                0x00000000080024f4                SPI6_IRQHandler
                0x00000000080024f4                I2C4_EV_IRQHandler
                0x00000000080024f4                TIM2_IRQHandler
                0x00000000080024f4                OTG_FS_WKUP_IRQHandler
                0x00000000080024f4                TIM1_TRG_COM_TIM11_IRQHandler
                0x00000000080024f4                OTG_HS_IRQHandler
                0x00000000080024f4                DMA2D_IRQHandler
                0x00000000080024f4                EXTI1_IRQHandler
                0x00000000080024f4                UART7_IRQHandler
                0x00000000080024f4                USART2_IRQHandler
                0x00000000080024f4                I2C2_ER_IRQHandler
                0x00000000080024f4                DMA2_Stream1_IRQHandler
                0x00000000080024f4                CAN1_SCE_IRQHandler
                0x00000000080024f4                FLASH_IRQHandler
                0x00000000080024f4                DMA2_Stream4_IRQHandler
                0x00000000080024f4                USART1_IRQHandler
                0x00000000080024f4                OTG_FS_IRQHandler
                0x00000000080024f4                SPI3_IRQHandler
                0x00000000080024f4                DMA1_Stream4_IRQHandler
                0x00000000080024f4                I2C1_ER_IRQHandler
                0x00000000080024f4                FMC_IRQHandler
                0x00000000080024f4                LPTIM1_IRQHandler
                0x00000000080024f4                I2C4_ER_IRQHandler
                0x00000000080024f4                DMA2_Stream6_IRQHandler
                0x00000000080024f4                SAI1_IRQHandler
                0x00000000080024f4                DMA1_Stream3_IRQHandler
 .text.HAL_Init
                0x00000000080024f6       0x1a ./Drivers/STM32F7xx_HAL_Driver/Src/stm32f7xx_hal.o
                0x00000000080024f6                HAL_Init
 .text.HAL_InitTick
                0x0000000008002510       0x60 ./Drivers/STM32F7xx_HAL_Driver/Src/stm32f7xx_hal.o
                0x0000000008002510                HAL_InitTick
 .text.HAL_IncTick
                0x0000000008002570       0x28 ./Drivers/STM32F7xx_HAL_Driver/Src/stm32f7xx_hal.o
                0x0000000008002570                HAL_IncTick
 .text.HAL_GetTick
                0x0000000008002598       0x18 ./Drivers/STM32F7xx_HAL_Driver/Src/stm32f7xx_hal.o
                0x0000000008002598                HAL_GetTick
 .text.HAL_Delay
                0x00000000080025b0       0x48 ./Drivers/STM32F7xx_HAL_Driver/Src/stm32f7xx_hal.o
                0x00000000080025b0                HAL_Delay
 .text.__NVIC_SetPriorityGrouping
                0x00000000080025f8       0x48 ./Drivers/STM32F7xx_HAL_Driver/Src/stm32f7xx_hal_cortex.o
 .text.__NVIC_GetPriorityGrouping
                0x0000000008002640       0x1c ./Drivers/STM32F7xx_HAL_Driver/Src/stm32f7xx_hal_cortex.o
 .text.__NVIC_EnableIRQ
                0x000000000800265c       0x3c ./Drivers/STM32F7xx_HAL_Driver/Src/stm32f7xx_hal_cortex.o
 .text.__NVIC_SetPriority
                0x0000000008002698       0x54 ./Drivers/STM32F7xx_HAL_Driver/Src/stm32f7xx_hal_cortex.o
 .text.NVIC_EncodePriority
                0x00000000080026ec       0x66 ./Drivers/STM32F7xx_HAL_Driver/Src/stm32f7xx_hal_cortex.o
 *fill*         0x0000000008002752        0x2 
 .text.SysTick_Config
                0x0000000008002754       0x44 ./Drivers/STM32F7xx_HAL_Driver/Src/stm32f7xx_hal_cortex.o
 .text.HAL_NVIC_SetPriorityGrouping
                0x0000000008002798       0x16 ./Drivers/STM32F7xx_HAL_Driver/Src/stm32f7xx_hal_cortex.o
                0x0000000008002798                HAL_NVIC_SetPriorityGrouping
 .text.HAL_NVIC_SetPriority
                0x00000000080027ae       0x38 ./Drivers/STM32F7xx_HAL_Driver/Src/stm32f7xx_hal_cortex.o
                0x00000000080027ae                HAL_NVIC_SetPriority
 .text.HAL_NVIC_EnableIRQ
                0x00000000080027e6       0x1c ./Drivers/STM32F7xx_HAL_Driver/Src/stm32f7xx_hal_cortex.o
                0x00000000080027e6                HAL_NVIC_EnableIRQ
 .text.HAL_SYSTICK_Config
                0x0000000008002802       0x18 ./Drivers/STM32F7xx_HAL_Driver/Src/stm32f7xx_hal_cortex.o
                0x0000000008002802                HAL_SYSTICK_Config
 *fill*         0x000000000800281a        0x2 
 .text.HAL_DMA_Init
                0x000000000800281c      0x15c ./Drivers/STM32F7xx_HAL_Driver/Src/stm32f7xx_hal_dma.o
                0x000000000800281c                HAL_DMA_Init
 .text.HAL_DMA_Start_IT
                0x0000000008002978       0xc0 ./Drivers/STM32F7xx_HAL_Driver/Src/stm32f7xx_hal_dma.o
                0x0000000008002978                HAL_DMA_Start_IT
 .text.HAL_DMA_Abort
                0x0000000008002a38       0xe0 ./Drivers/STM32F7xx_HAL_Driver/Src/stm32f7xx_hal_dma.o
                0x0000000008002a38                HAL_DMA_Abort
 .text.HAL_DMA_Abort_IT
                0x0000000008002b18       0x44 ./Drivers/STM32F7xx_HAL_Driver/Src/stm32f7xx_hal_dma.o
                0x0000000008002b18                HAL_DMA_Abort_IT
 .text.HAL_DMA_IRQHandler
                0x0000000008002b5c      0x314 ./Drivers/STM32F7xx_HAL_Driver/Src/stm32f7xx_hal_dma.o
                0x0000000008002b5c                HAL_DMA_IRQHandler
 .text.DMA_SetConfig
                0x0000000008002e70       0x5c ./Drivers/STM32F7xx_HAL_Driver/Src/stm32f7xx_hal_dma.o
 .text.DMA_CalcBaseAndBitshift
                0x0000000008002ecc       0x6c ./Drivers/STM32F7xx_HAL_Driver/Src/stm32f7xx_hal_dma.o
 .text.DMA_CheckFifoParam
                0x0000000008002f38       0xf8 ./Drivers/STM32F7xx_HAL_Driver/Src/stm32f7xx_hal_dma.o
 .text.HAL_GPIO_Init
                0x0000000008003030      0x358 ./Drivers/STM32F7xx_HAL_Driver/Src/stm32f7xx_hal_gpio.o
                0x0000000008003030                HAL_GPIO_Init
 .text.HAL_GPIO_ReadPin
                0x0000000008003388       0x30 ./Drivers/STM32F7xx_HAL_Driver/Src/stm32f7xx_hal_gpio.o
                0x0000000008003388                HAL_GPIO_ReadPin
 .text.HAL_GPIO_WritePin
                0x00000000080033b8       0x32 ./Drivers/STM32F7xx_HAL_Driver/Src/stm32f7xx_hal_gpio.o
                0x00000000080033b8                HAL_GPIO_WritePin
 .text.HAL_GPIO_TogglePin
                0x00000000080033ea       0x34 ./Drivers/STM32F7xx_HAL_Driver/Src/stm32f7xx_hal_gpio.o
                0x00000000080033ea                HAL_GPIO_TogglePin
 *fill*         0x000000000800341e        0x2 
 .text.HAL_GPIO_EXTI_IRQHandler
                0x0000000008003420       0x30 ./Drivers/STM32F7xx_HAL_Driver/Src/stm32f7xx_hal_gpio.o
                0x0000000008003420                HAL_GPIO_EXTI_IRQHandler
 .text.HAL_GPIO_EXTI_Callback
                0x0000000008003450       0x16 ./Drivers/STM32F7xx_HAL_Driver/Src/stm32f7xx_hal_gpio.o
                0x0000000008003450                HAL_GPIO_EXTI_Callback
 *fill*         0x0000000008003466        0x2 
 .text.HAL_I2C_Init
                0x0000000008003468      0x120 ./Drivers/STM32F7xx_HAL_Driver/Src/stm32f7xx_hal_i2c.o
                0x0000000008003468                HAL_I2C_Init
 .text.HAL_I2C_Master_Transmit
                0x0000000008003588      0x1e8 ./Drivers/STM32F7xx_HAL_Driver/Src/stm32f7xx_hal_i2c.o
                0x0000000008003588                HAL_I2C_Master_Transmit
 .text.HAL_I2C_Master_Receive
                0x0000000008003770      0x1ec ./Drivers/STM32F7xx_HAL_Driver/Src/stm32f7xx_hal_i2c.o
                0x0000000008003770                HAL_I2C_Master_Receive
 .text.HAL_I2C_Mem_Write
                0x000000000800395c      0x228 ./Drivers/STM32F7xx_HAL_Driver/Src/stm32f7xx_hal_i2c.o
                0x000000000800395c                HAL_I2C_Mem_Write
 .text.HAL_I2C_Mem_Read
                0x0000000008003b84      0x234 ./Drivers/STM32F7xx_HAL_Driver/Src/stm32f7xx_hal_i2c.o
                0x0000000008003b84                HAL_I2C_Mem_Read
 .text.I2C_RequestMemoryWrite
                0x0000000008003db8       0xa8 ./Drivers/STM32F7xx_HAL_Driver/Src/stm32f7xx_hal_i2c.o
 .text.I2C_RequestMemoryRead
                0x0000000008003e60       0xa8 ./Drivers/STM32F7xx_HAL_Driver/Src/stm32f7xx_hal_i2c.o
 .text.I2C_Flush_TXDR
                0x0000000008003f08       0x48 ./Drivers/STM32F7xx_HAL_Driver/Src/stm32f7xx_hal_i2c.o
 .text.I2C_WaitOnFlagUntilTimeout
                0x0000000008003f50       0x80 ./Drivers/STM32F7xx_HAL_Driver/Src/stm32f7xx_hal_i2c.o
 .text.I2C_WaitOnTXISFlagUntilTimeout
                0x0000000008003fd0       0x80 ./Drivers/STM32F7xx_HAL_Driver/Src/stm32f7xx_hal_i2c.o
 .text.I2C_WaitOnSTOPFlagUntilTimeout
                0x0000000008004050       0x78 ./Drivers/STM32F7xx_HAL_Driver/Src/stm32f7xx_hal_i2c.o
 .text.I2C_WaitOnRXNEFlagUntilTimeout
                0x00000000080040c8       0xf4 ./Drivers/STM32F7xx_HAL_Driver/Src/stm32f7xx_hal_i2c.o
 .text.I2C_IsErrorOccurred
                0x00000000080041bc      0x1c0 ./Drivers/STM32F7xx_HAL_Driver/Src/stm32f7xx_hal_i2c.o
 .text.I2C_TransferConfig
                0x000000000800437c       0x64 ./Drivers/STM32F7xx_HAL_Driver/Src/stm32f7xx_hal_i2c.o
 .text.HAL_I2CEx_ConfigAnalogFilter
                0x00000000080043e0       0x96 ./Drivers/STM32F7xx_HAL_Driver/Src/stm32f7xx_hal_i2c_ex.o
                0x00000000080043e0                HAL_I2CEx_ConfigAnalogFilter
 .text.HAL_I2CEx_ConfigDigitalFilter
                0x0000000008004476       0x98 ./Drivers/STM32F7xx_HAL_Driver/Src/stm32f7xx_hal_i2c_ex.o
                0x0000000008004476                HAL_I2CEx_ConfigDigitalFilter
 *fill*         0x000000000800450e        0x2 
 .text.HAL_PWR_EnableBkUpAccess
                0x0000000008004510       0x20 ./Drivers/STM32F7xx_HAL_Driver/Src/stm32f7xx_hal_pwr.o
                0x0000000008004510                HAL_PWR_EnableBkUpAccess
 .text.HAL_RCC_OscConfig
                0x0000000008004530      0x548 ./Drivers/STM32F7xx_HAL_Driver/Src/stm32f7xx_hal_rcc.o
                0x0000000008004530                HAL_RCC_OscConfig
 .text.HAL_RCC_ClockConfig
                0x0000000008004a78      0x1d8 ./Drivers/STM32F7xx_HAL_Driver/Src/stm32f7xx_hal_rcc.o
                0x0000000008004a78                HAL_RCC_ClockConfig
 .text.HAL_RCC_GetSysClockFreq
                0x0000000008004c50      0x20c ./Drivers/STM32F7xx_HAL_Driver/Src/stm32f7xx_hal_rcc.o
                0x0000000008004c50                HAL_RCC_GetSysClockFreq
 .text.HAL_RCC_GetHCLKFreq
                0x0000000008004e5c       0x18 ./Drivers/STM32F7xx_HAL_Driver/Src/stm32f7xx_hal_rcc.o
                0x0000000008004e5c                HAL_RCC_GetHCLKFreq
 .text.HAL_RCC_GetPCLK1Freq
                0x0000000008004e74       0x28 ./Drivers/STM32F7xx_HAL_Driver/Src/stm32f7xx_hal_rcc.o
                0x0000000008004e74                HAL_RCC_GetPCLK1Freq
 .text.HAL_RCC_GetPCLK2Freq
                0x0000000008004e9c       0x28 ./Drivers/STM32F7xx_HAL_Driver/Src/stm32f7xx_hal_rcc.o
                0x0000000008004e9c                HAL_RCC_GetPCLK2Freq
 .text.HAL_RCCEx_PeriphCLKConfig
                0x0000000008004ec4      0x7e0 ./Drivers/STM32F7xx_HAL_Driver/Src/stm32f7xx_hal_rcc_ex.o
                0x0000000008004ec4                HAL_RCCEx_PeriphCLKConfig
 .text.HAL_SPI_Init
                0x00000000080056a4      0x156 ./Drivers/STM32F7xx_HAL_Driver/Src/stm32f7xx_hal_spi.o
                0x00000000080056a4                HAL_SPI_Init
 .text.HAL_SPI_Transmit
                0x00000000080057fa      0x2dc ./Drivers/STM32F7xx_HAL_Driver/Src/stm32f7xx_hal_spi.o
                0x00000000080057fa                HAL_SPI_Transmit
 *fill*         0x0000000008005ad6        0x2 
 .text.HAL_SPI_Transmit_DMA
                0x0000000008005ad8      0x1e8 ./Drivers/STM32F7xx_HAL_Driver/Src/stm32f7xx_hal_spi.o
                0x0000000008005ad8                HAL_SPI_Transmit_DMA
 .text.HAL_SPI_DMAStop
                0x0000000008005cc0       0x7e ./Drivers/STM32F7xx_HAL_Driver/Src/stm32f7xx_hal_spi.o
                0x0000000008005cc0                HAL_SPI_DMAStop
 *fill*         0x0000000008005d3e        0x2 
 .text.HAL_SPI_IRQHandler
                0x0000000008005d40      0x1e8 ./Drivers/STM32F7xx_HAL_Driver/Src/stm32f7xx_hal_spi.o
                0x0000000008005d40                HAL_SPI_IRQHandler
 .text.HAL_SPI_TxHalfCpltCallback
                0x0000000008005f28       0x14 ./Drivers/STM32F7xx_HAL_Driver/Src/stm32f7xx_hal_spi.o
                0x0000000008005f28                HAL_SPI_TxHalfCpltCallback
 .text.HAL_SPI_ErrorCallback
                0x0000000008005f3c       0x14 ./Drivers/STM32F7xx_HAL_Driver/Src/stm32f7xx_hal_spi.o
                0x0000000008005f3c                HAL_SPI_ErrorCallback
 .text.SPI_DMATransmitCplt
                0x0000000008005f50       0xa8 ./Drivers/STM32F7xx_HAL_Driver/Src/stm32f7xx_hal_spi.o
 .text.SPI_DMAHalfTransmitCplt
                0x0000000008005ff8       0x1c ./Drivers/STM32F7xx_HAL_Driver/Src/stm32f7xx_hal_spi.o
 .text.SPI_DMAError
                0x0000000008006014       0x40 ./Drivers/STM32F7xx_HAL_Driver/Src/stm32f7xx_hal_spi.o
 .text.SPI_DMAAbortOnError
                0x0000000008006054       0x2a ./Drivers/STM32F7xx_HAL_Driver/Src/stm32f7xx_hal_spi.o
 *fill*         0x000000000800607e        0x2 
 .text.SPI_WaitFlagStateUntilTimeout
                0x0000000008006080      0x110 ./Drivers/STM32F7xx_HAL_Driver/Src/stm32f7xx_hal_spi.o
 .text.SPI_WaitFifoStateUntilTimeout
                0x0000000008006190      0x12c ./Drivers/STM32F7xx_HAL_Driver/Src/stm32f7xx_hal_spi.o
 .text.SPI_EndRxTxTransaction
                0x00000000080062bc       0xd4 ./Drivers/STM32F7xx_HAL_Driver/Src/stm32f7xx_hal_spi.o
 .text.HAL_UART_Init
                0x0000000008006390       0x9c ./Drivers/STM32F7xx_HAL_Driver/Src/stm32f7xx_hal_uart.o
                0x0000000008006390                HAL_UART_Init
 .text.HAL_UART_Transmit
                0x000000000800642c      0x106 ./Drivers/STM32F7xx_HAL_Driver/Src/stm32f7xx_hal_uart.o
                0x000000000800642c                HAL_UART_Transmit
 .text.HAL_UART_Receive_IT
                0x0000000008006532       0x88 ./Drivers/STM32F7xx_HAL_Driver/Src/stm32f7xx_hal_uart.o
                0x0000000008006532                HAL_UART_Receive_IT
 *fill*         0x00000000080065ba        0x2 
 .text.HAL_UART_IRQHandler
                0x00000000080065bc      0x5a4 ./Drivers/STM32F7xx_HAL_Driver/Src/stm32f7xx_hal_uart.o
                0x00000000080065bc                HAL_UART_IRQHandler
 .text.HAL_UART_TxCpltCallback
                0x0000000008006b60       0x14 ./Drivers/STM32F7xx_HAL_Driver/Src/stm32f7xx_hal_uart.o
                0x0000000008006b60                HAL_UART_TxCpltCallback
 .text.HAL_UART_ErrorCallback
                0x0000000008006b74       0x14 ./Drivers/STM32F7xx_HAL_Driver/Src/stm32f7xx_hal_uart.o
                0x0000000008006b74                HAL_UART_ErrorCallback
 .text.HAL_UARTEx_RxEventCallback
                0x0000000008006b88       0x18 ./Drivers/STM32F7xx_HAL_Driver/Src/stm32f7xx_hal_uart.o
                0x0000000008006b88                HAL_UARTEx_RxEventCallback
 .text.UART_SetConfig
                0x0000000008006ba0      0x4c8 ./Drivers/STM32F7xx_HAL_Driver/Src/stm32f7xx_hal_uart.o
                0x0000000008006ba0                UART_SetConfig
 .text.UART_AdvFeatureConfig
                0x0000000008007068      0x144 ./Drivers/STM32F7xx_HAL_Driver/Src/stm32f7xx_hal_uart.o
                0x0000000008007068                UART_AdvFeatureConfig
 .text.UART_CheckIdleState
                0x00000000080071ac       0x6e ./Drivers/STM32F7xx_HAL_Driver/Src/stm32f7xx_hal_uart.o
                0x00000000080071ac                UART_CheckIdleState
 .text.UART_WaitOnFlagUntilTimeout
                0x000000000800721a      0x18c ./Drivers/STM32F7xx_HAL_Driver/Src/stm32f7xx_hal_uart.o
                0x000000000800721a                UART_WaitOnFlagUntilTimeout
 *fill*         0x00000000080073a6        0x2 
 .text.UART_Start_Receive_IT
                0x00000000080073a8      0x18c ./Drivers/STM32F7xx_HAL_Driver/Src/stm32f7xx_hal_uart.o
                0x00000000080073a8                UART_Start_Receive_IT
 .text.UART_EndRxTransfer
                0x0000000008007534       0xc8 ./Drivers/STM32F7xx_HAL_Driver/Src/stm32f7xx_hal_uart.o
 .text.UART_DMAAbortOnError
                0x00000000080075fc       0x2c ./Drivers/STM32F7xx_HAL_Driver/Src/stm32f7xx_hal_uart.o
 .text.UART_EndTransmit_IT
                0x0000000008007628       0x54 ./Drivers/STM32F7xx_HAL_Driver/Src/stm32f7xx_hal_uart.o
 .text.UART_RxISR_8BIT
                0x000000000800767c      0x166 ./Drivers/STM32F7xx_HAL_Driver/Src/stm32f7xx_hal_uart.o
 .text.UART_RxISR_16BIT
                0x00000000080077e2      0x166 ./Drivers/STM32F7xx_HAL_Driver/Src/stm32f7xx_hal_uart.o
 .text.sprintf  0x0000000008007948       0x40 C:/ST/STM32CubeIDE_1.13.1/STM32CubeIDE/plugins/com.st.stm32cube.ide.mcu.externaltools.gnu-tools-for-stm32.11.3.rel1.win32_1.1.0.202305231506/tools/bin/../lib/gcc/arm-none-eabi/11.3.1/../../../../arm-none-eabi/lib/thumb/v7e-m+fp/hard\libc_nano.a(libc_a-sprintf.o)
                0x0000000008007948                siprintf
                0x0000000008007948                sprintf
 .text._vsnprintf_r
                0x0000000008007988       0x56 C:/ST/STM32CubeIDE_1.13.1/STM32CubeIDE/plugins/com.st.stm32cube.ide.mcu.externaltools.gnu-tools-for-stm32.11.3.rel1.win32_1.1.0.202305231506/tools/bin/../lib/gcc/arm-none-eabi/11.3.1/../../../../arm-none-eabi/lib/thumb/v7e-m+fp/hard\libc_nano.a(libc_a-vsnprintf.o)
                0x0000000008007988                _vsniprintf_r
                0x0000000008007988                _vsnprintf_r
 *fill*         0x00000000080079de        0x2 
 .text.vsnprintf
                0x00000000080079e0       0x1c C:/ST/STM32CubeIDE_1.13.1/STM32CubeIDE/plugins/com.st.stm32cube.ide.mcu.externaltools.gnu-tools-for-stm32.11.3.rel1.win32_1.1.0.202305231506/tools/bin/../lib/gcc/arm-none-eabi/11.3.1/../../../../arm-none-eabi/lib/thumb/v7e-m+fp/hard\libc_nano.a(libc_a-vsnprintf.o)
                0x00000000080079e0                vsniprintf
                0x00000000080079e0                vsnprintf
 .text.memset   0x00000000080079fc       0x10 C:/ST/STM32CubeIDE_1.13.1/STM32CubeIDE/plugins/com.st.stm32cube.ide.mcu.externaltools.gnu-tools-for-stm32.11.3.rel1.win32_1.1.0.202305231506/tools/bin/../lib/gcc/arm-none-eabi/11.3.1/../../../../arm-none-eabi/lib/thumb/v7e-m+fp/hard\libc_nano.a(libc_a-memset.o)
                0x00000000080079fc                memset
 .text.__errno  0x0000000008007a0c        0xc C:/ST/STM32CubeIDE_1.13.1/STM32CubeIDE/plugins/com.st.stm32cube.ide.mcu.externaltools.gnu-tools-for-stm32.11.3.rel1.win32_1.1.0.202305231506/tools/bin/../lib/gcc/arm-none-eabi/11.3.1/../../../../arm-none-eabi/lib/thumb/v7e-m+fp/hard\libc_nano.a(libc_a-errno.o)
                0x0000000008007a0c                __errno
 .text.__libc_init_array
                0x0000000008007a18       0x48 C:/ST/STM32CubeIDE_1.13.1/STM32CubeIDE/plugins/com.st.stm32cube.ide.mcu.externaltools.gnu-tools-for-stm32.11.3.rel1.win32_1.1.0.202305231506/tools/bin/../lib/gcc/arm-none-eabi/11.3.1/../../../../arm-none-eabi/lib/thumb/v7e-m+fp/hard\libc_nano.a(libc_a-init.o)
                0x0000000008007a18                __libc_init_array
 .text.__retarget_lock_acquire_recursive
                0x0000000008007a60        0x2 C:/ST/STM32CubeIDE_1.13.1/STM32CubeIDE/plugins/com.st.stm32cube.ide.mcu.externaltools.gnu-tools-for-stm32.11.3.rel1.win32_1.1.0.202305231506/tools/bin/../lib/gcc/arm-none-eabi/11.3.1/../../../../arm-none-eabi/lib/thumb/v7e-m+fp/hard\libc_nano.a(libc_a-lock.o)
                0x0000000008007a60                __retarget_lock_acquire_recursive
 .text.__retarget_lock_release_recursive
                0x0000000008007a62        0x2 C:/ST/STM32CubeIDE_1.13.1/STM32CubeIDE/plugins/com.st.stm32cube.ide.mcu.externaltools.gnu-tools-for-stm32.11.3.rel1.win32_1.1.0.202305231506/tools/bin/../lib/gcc/arm-none-eabi/11.3.1/../../../../arm-none-eabi/lib/thumb/v7e-m+fp/hard\libc_nano.a(libc_a-lock.o)
                0x0000000008007a62                __retarget_lock_release_recursive
 .text._free_r  0x0000000008007a64       0x98 C:/ST/STM32CubeIDE_1.13.1/STM32CubeIDE/plugins/com.st.stm32cube.ide.mcu.externaltools.gnu-tools-for-stm32.11.3.rel1.win32_1.1.0.202305231506/tools/bin/../lib/gcc/arm-none-eabi/11.3.1/../../../../arm-none-eabi/lib/thumb/v7e-m+fp/hard\libc_nano.a(libc_a-freer.o)
                0x0000000008007a64                _free_r
 .text.sbrk_aligned
                0x0000000008007afc       0x40 C:/ST/STM32CubeIDE_1.13.1/STM32CubeIDE/plugins/com.st.stm32cube.ide.mcu.externaltools.gnu-tools-for-stm32.11.3.rel1.win32_1.1.0.202305231506/tools/bin/../lib/gcc/arm-none-eabi/11.3.1/../../../../arm-none-eabi/lib/thumb/v7e-m+fp/hard\libc_nano.a(libc_a-mallocr.o)
 .text._malloc_r
                0x0000000008007b3c      0x100 C:/ST/STM32CubeIDE_1.13.1/STM32CubeIDE/plugins/com.st.stm32cube.ide.mcu.externaltools.gnu-tools-for-stm32.11.3.rel1.win32_1.1.0.202305231506/tools/bin/../lib/gcc/arm-none-eabi/11.3.1/../../../../arm-none-eabi/lib/thumb/v7e-m+fp/hard\libc_nano.a(libc_a-mallocr.o)
                0x0000000008007b3c                _malloc_r
 .text.__malloc_lock
                0x0000000008007c3c        0xc C:/ST/STM32CubeIDE_1.13.1/STM32CubeIDE/plugins/com.st.stm32cube.ide.mcu.externaltools.gnu-tools-for-stm32.11.3.rel1.win32_1.1.0.202305231506/tools/bin/../lib/gcc/arm-none-eabi/11.3.1/../../../../arm-none-eabi/lib/thumb/v7e-m+fp/hard\libc_nano.a(libc_a-mlock.o)
                0x0000000008007c3c                __malloc_lock
 .text.__malloc_unlock
                0x0000000008007c48        0xc C:/ST/STM32CubeIDE_1.13.1/STM32CubeIDE/plugins/com.st.stm32cube.ide.mcu.externaltools.gnu-tools-for-stm32.11.3.rel1.win32_1.1.0.202305231506/tools/bin/../lib/gcc/arm-none-eabi/11.3.1/../../../../arm-none-eabi/lib/thumb/v7e-m+fp/hard\libc_nano.a(libc_a-mlock.o)
                0x0000000008007c48                __malloc_unlock
 .text.__ssputs_r
                0x0000000008007c54       0xb4 C:/ST/STM32CubeIDE_1.13.1/STM32CubeIDE/plugins/com.st.stm32cube.ide.mcu.externaltools.gnu-tools-for-stm32.11.3.rel1.win32_1.1.0.202305231506/tools/bin/../lib/gcc/arm-none-eabi/11.3.1/../../../../arm-none-eabi/lib/thumb/v7e-m+fp/hard\libc_nano.a(libc_a-nano-svfprintf.o)
                0x0000000008007c54                __ssputs_r
 .text._svfprintf_r
                0x0000000008007d08      0x1fc C:/ST/STM32CubeIDE_1.13.1/STM32CubeIDE/plugins/com.st.stm32cube.ide.mcu.externaltools.gnu-tools-for-stm32.11.3.rel1.win32_1.1.0.202305231506/tools/bin/../lib/gcc/arm-none-eabi/11.3.1/../../../../arm-none-eabi/lib/thumb/v7e-m+fp/hard\libc_nano.a(libc_a-nano-svfprintf.o)
                0x0000000008007d08                _svfiprintf_r
                0x0000000008007d08                _svfprintf_r
 .text._printf_common
                0x0000000008007f04       0xda C:/ST/STM32CubeIDE_1.13.1/STM32CubeIDE/plugins/com.st.stm32cube.ide.mcu.externaltools.gnu-tools-for-stm32.11.3.rel1.win32_1.1.0.202305231506/tools/bin/../lib/gcc/arm-none-eabi/11.3.1/../../../../arm-none-eabi/lib/thumb/v7e-m+fp/hard\libc_nano.a(libc_a-nano-vfprintf_i.o)
                0x0000000008007f04                _printf_common
 *fill*         0x0000000008007fde        0x2 
 .text._printf_i
                0x0000000008007fe0      0x244 C:/ST/STM32CubeIDE_1.13.1/STM32CubeIDE/plugins/com.st.stm32cube.ide.mcu.externaltools.gnu-tools-for-stm32.11.3.rel1.win32_1.1.0.202305231506/tools/bin/../lib/gcc/arm-none-eabi/11.3.1/../../../../arm-none-eabi/lib/thumb/v7e-m+fp/hard\libc_nano.a(libc_a-nano-vfprintf_i.o)
                0x0000000008007fe0                _printf_i
 .text.memmove  0x0000000008008224       0x34 C:/ST/STM32CubeIDE_1.13.1/STM32CubeIDE/plugins/com.st.stm32cube.ide.mcu.externaltools.gnu-tools-for-stm32.11.3.rel1.win32_1.1.0.202305231506/tools/bin/../lib/gcc/arm-none-eabi/11.3.1/../../../../arm-none-eabi/lib/thumb/v7e-m+fp/hard\libc_nano.a(libc_a-memmove.o)
                0x0000000008008224                memmove
 .text._sbrk_r  0x0000000008008258       0x20 C:/ST/STM32CubeIDE_1.13.1/STM32CubeIDE/plugins/com.st.stm32cube.ide.mcu.externaltools.gnu-tools-for-stm32.11.3.rel1.win32_1.1.0.202305231506/tools/bin/../lib/gcc/arm-none-eabi/11.3.1/../../../../arm-none-eabi/lib/thumb/v7e-m+fp/hard\libc_nano.a(libc_a-sbrkr.o)
                0x0000000008008258                _sbrk_r
 .text.memcpy   0x0000000008008278       0x1c C:/ST/STM32CubeIDE_1.13.1/STM32CubeIDE/plugins/com.st.stm32cube.ide.mcu.externaltools.gnu-tools-for-stm32.11.3.rel1.win32_1.1.0.202305231506/tools/bin/../lib/gcc/arm-none-eabi/11.3.1/../../../../arm-none-eabi/lib/thumb/v7e-m+fp/hard\libc_nano.a(libc_a-memcpy-stub.o)
                0x0000000008008278                memcpy
 .text._realloc_r
                0x0000000008008294       0x5e C:/ST/STM32CubeIDE_1.13.1/STM32CubeIDE/plugins/com.st.stm32cube.ide.mcu.externaltools.gnu-tools-for-stm32.11.3.rel1.win32_1.1.0.202305231506/tools/bin/../lib/gcc/arm-none-eabi/11.3.1/../../../../arm-none-eabi/lib/thumb/v7e-m+fp/hard\libc_nano.a(libc_a-reallocr.o)
                0x0000000008008294                _realloc_r
 .text._malloc_usable_size_r
                0x00000000080082f2       0x10 C:/ST/STM32CubeIDE_1.13.1/STM32CubeIDE/plugins/com.st.stm32cube.ide.mcu.externaltools.gnu-tools-for-stm32.11.3.rel1.win32_1.1.0.202305231506/tools/bin/../lib/gcc/arm-none-eabi/11.3.1/../../../../arm-none-eabi/lib/thumb/v7e-m+fp/hard\libc_nano.a(libc_a-msizer.o)
                0x00000000080082f2                _malloc_usable_size_r
 *(.glue_7)
 .glue_7        0x0000000008008302        0x0 linker stubs
 *(.glue_7t)
 .glue_7t       0x0000000008008302        0x0 linker stubs
 *(.eh_frame)
 *fill*         0x0000000008008302        0x2 
 .eh_frame      0x0000000008008304        0x0 C:/ST/STM32CubeIDE_1.13.1/STM32CubeIDE/plugins/com.st.stm32cube.ide.mcu.externaltools.gnu-tools-for-stm32.11.3.rel1.win32_1.1.0.202305231506/tools/bin/../lib/gcc/arm-none-eabi/11.3.1/thumb/v7e-m+fp/hard/crtbegin.o
 *(.init)
 .init          0x0000000008008304        0x4 C:/ST/STM32CubeIDE_1.13.1/STM32CubeIDE/plugins/com.st.stm32cube.ide.mcu.externaltools.gnu-tools-for-stm32.11.3.rel1.win32_1.1.0.202305231506/tools/bin/../lib/gcc/arm-none-eabi/11.3.1/thumb/v7e-m+fp/hard/crti.o
                0x0000000008008304                _init
 .init          0x0000000008008308        0x8 C:/ST/STM32CubeIDE_1.13.1/STM32CubeIDE/plugins/com.st.stm32cube.ide.mcu.externaltools.gnu-tools-for-stm32.11.3.rel1.win32_1.1.0.202305231506/tools/bin/../lib/gcc/arm-none-eabi/11.3.1/thumb/v7e-m+fp/hard/crtn.o
 *(.fini)
 .fini          0x0000000008008310        0x4 C:/ST/STM32CubeIDE_1.13.1/STM32CubeIDE/plugins/com.st.stm32cube.ide.mcu.externaltools.gnu-tools-for-stm32.11.3.rel1.win32_1.1.0.202305231506/tools/bin/../lib/gcc/arm-none-eabi/11.3.1/thumb/v7e-m+fp/hard/crti.o
                0x0000000008008310                _fini
 .fini          0x0000000008008314        0x8 C:/ST/STM32CubeIDE_1.13.1/STM32CubeIDE/plugins/com.st.stm32cube.ide.mcu.externaltools.gnu-tools-for-stm32.11.3.rel1.win32_1.1.0.202305231506/tools/bin/../lib/gcc/arm-none-eabi/11.3.1/thumb/v7e-m+fp/hard/crtn.o
                0x000000000800831c                . = ALIGN (0x4)
                0x000000000800831c                _etext = .

.vfp11_veneer   0x000000000800831c        0x0
 .vfp11_veneer  0x000000000800831c        0x0 linker stubs

.v4_bx          0x000000000800831c        0x0
 .v4_bx         0x000000000800831c        0x0 linker stubs

.iplt           0x000000000800831c        0x0
 .iplt          0x000000000800831c        0x0 C:/ST/STM32CubeIDE_1.13.1/STM32CubeIDE/plugins/com.st.stm32cube.ide.mcu.externaltools.gnu-tools-for-stm32.11.3.rel1.win32_1.1.0.202305231506/tools/bin/../lib/gcc/arm-none-eabi/11.3.1/thumb/v7e-m+fp/hard/crtbegin.o

.rodata         0x000000000800831c      0x848
                0x000000000800831c                . = ALIGN (0x4)
 *(.rodata)
 .rodata        0x000000000800831c       0x6a ./Core/Src/keypad.o
 *fill*         0x0000000008008386        0x2 
 .rodata        0x0000000008008388        0xc ./Core/Src/main.o
 *(.rodata*)
 .rodata.Font7x10
                0x0000000008008394      0x76c ./Core/Src/fonts.o
 .rodata._KEYPAD_COLUMN_GPIO_PIN
                0x0000000008008b00        0x8 ./Core/Src/stm32f7xx_it.o
                0x0000000008008b00                _KEYPAD_COLUMN_GPIO_PIN
 .rodata._KEYPAD_ROW_GPIO_PIN
                0x0000000008008b08        0x8 ./Core/Src/stm32f7xx_it.o
                0x0000000008008b08                _KEYPAD_ROW_GPIO_PIN
 .rodata.AHBPrescTable
                0x0000000008008b10       0x10 ./Core/Src/system_stm32f7xx.o
                0x0000000008008b10                AHBPrescTable
 .rodata.APBPrescTable
                0x0000000008008b20        0x8 ./Core/Src/system_stm32f7xx.o
                0x0000000008008b20                APBPrescTable
 .rodata.flagBitshiftOffset.0
                0x0000000008008b28        0x8 ./Drivers/STM32F7xx_HAL_Driver/Src/stm32f7xx_hal_dma.o
 .rodata._svfprintf_r.str1.1
                0x0000000008008b30       0x11 C:/ST/STM32CubeIDE_1.13.1/STM32CubeIDE/plugins/com.st.stm32cube.ide.mcu.externaltools.gnu-tools-for-stm32.11.3.rel1.win32_1.1.0.202305231506/tools/bin/../lib/gcc/arm-none-eabi/11.3.1/../../../../arm-none-eabi/lib/thumb/v7e-m+fp/hard\libc_nano.a(libc_a-nano-svfprintf.o)
 .rodata._printf_i.str1.1
                0x0000000008008b41       0x22 C:/ST/STM32CubeIDE_1.13.1/STM32CubeIDE/plugins/com.st.stm32cube.ide.mcu.externaltools.gnu-tools-for-stm32.11.3.rel1.win32_1.1.0.202305231506/tools/bin/../lib/gcc/arm-none-eabi/11.3.1/../../../../arm-none-eabi/lib/thumb/v7e-m+fp/hard\libc_nano.a(libc_a-nano-vfprintf_i.o)
                0x0000000008008b64                . = ALIGN (0x4)
 *fill*         0x0000000008008b63        0x1 

.ARM.extab      0x0000000008008b64        0x0
                0x0000000008008b64                . = ALIGN (0x4)
 *(.ARM.extab* .gnu.linkonce.armextab.*)
                0x0000000008008b64                . = ALIGN (0x4)

.ARM            0x0000000008008b64        0x8
                0x0000000008008b64                . = ALIGN (0x4)
                0x0000000008008b64                __exidx_start = .
 *(.ARM.exidx*)
 .ARM.exidx     0x0000000008008b64        0x8 C:/ST/STM32CubeIDE_1.13.1/STM32CubeIDE/plugins/com.st.stm32cube.ide.mcu.externaltools.gnu-tools-for-stm32.11.3.rel1.win32_1.1.0.202305231506/tools/bin/../lib/gcc/arm-none-eabi/11.3.1/thumb/v7e-m+fp/hard\libgcc.a(_udivmoddi4.o)
                0x0000000008008b6c                __exidx_end = .
                0x0000000008008b6c                . = ALIGN (0x4)

.rel.dyn        0x0000000008008b6c        0x0
 .rel.iplt      0x0000000008008b6c        0x0 C:/ST/STM32CubeIDE_1.13.1/STM32CubeIDE/plugins/com.st.stm32cube.ide.mcu.externaltools.gnu-tools-for-stm32.11.3.rel1.win32_1.1.0.202305231506/tools/bin/../lib/gcc/arm-none-eabi/11.3.1/thumb/v7e-m+fp/hard/crtbegin.o

.preinit_array  0x0000000008008b6c        0x0
                0x0000000008008b6c                . = ALIGN (0x4)
                0x0000000008008b6c                PROVIDE (__preinit_array_start = .)
 *(.preinit_array*)
                0x0000000008008b6c                PROVIDE (__preinit_array_end = .)
                0x0000000008008b6c                . = ALIGN (0x4)

.init_array     0x0000000008008b6c        0x4
                0x0000000008008b6c                . = ALIGN (0x4)
                0x0000000008008b6c                PROVIDE (__init_array_start = .)
 *(SORT_BY_NAME(.init_array.*))
 *(.init_array*)
 .init_array    0x0000000008008b6c        0x4 C:/ST/STM32CubeIDE_1.13.1/STM32CubeIDE/plugins/com.st.stm32cube.ide.mcu.externaltools.gnu-tools-for-stm32.11.3.rel1.win32_1.1.0.202305231506/tools/bin/../lib/gcc/arm-none-eabi/11.3.1/thumb/v7e-m+fp/hard/crtbegin.o
                0x0000000008008b70                PROVIDE (__init_array_end = .)
                0x0000000008008b70                . = ALIGN (0x4)

.fini_array     0x0000000008008b70        0x4
                0x0000000008008b70                . = ALIGN (0x4)
                [!provide]                        PROVIDE (__fini_array_start = .)
 *(SORT_BY_NAME(.fini_array.*))
 *(.fini_array*)
 .fini_array    0x0000000008008b70        0x4 C:/ST/STM32CubeIDE_1.13.1/STM32CubeIDE/plugins/com.st.stm32cube.ide.mcu.externaltools.gnu-tools-for-stm32.11.3.rel1.win32_1.1.0.202305231506/tools/bin/../lib/gcc/arm-none-eabi/11.3.1/thumb/v7e-m+fp/hard/crtbegin.o
                [!provide]                        PROVIDE (__fini_array_end = .)
                0x0000000008008b74                . = ALIGN (0x4)
                0x0000000008008b74                _sidata = LOADADDR (.data)

.data           0x0000000020000000       0x8c load address 0x0000000008008b74
                0x0000000020000000                . = ALIGN (0x4)
                0x0000000020000000                _sdata = .
 *(.data)
 *(.data*)
 .data.Font_7x10
                0x0000000020000000        0x8 ./Core/Src/fonts.o
                0x0000000020000000                Font_7x10
 .data.pos      0x0000000020000008        0x4 ./Core/Src/keypad.o
                0x0000000020000008                pos
 .data.SPI_DMA_CNT
                0x000000002000000c        0x4 ./Core/Src/main.o
                0x000000002000000c                SPI_DMA_CNT
 .data._KEYPAD_COLUMN_GPIO_PORT
                0x0000000020000010       0x10 ./Core/Src/stm32f7xx_it.o
                0x0000000020000010                _KEYPAD_COLUMN_GPIO_PORT
 .data._KEYPAD_ROW_GPIO_PORT
                0x0000000020000020       0x10 ./Core/Src/stm32f7xx_it.o
                0x0000000020000020                _KEYPAD_ROW_GPIO_PORT
 .data.SystemCoreClock
                0x0000000020000030        0x4 ./Core/Src/system_stm32f7xx.o
                0x0000000020000030                SystemCoreClock
 .data.uwTickPrio
                0x0000000020000034        0x4 ./Drivers/STM32F7xx_HAL_Driver/Src/stm32f7xx_hal.o
                0x0000000020000034                uwTickPrio
 .data.uwTickFreq
                0x0000000020000038        0x1 ./Drivers/STM32F7xx_HAL_Driver/Src/stm32f7xx_hal.o
                0x0000000020000038                uwTickFreq
 *fill*         0x0000000020000039        0x3 
 .data._impure_data
                0x000000002000003c       0x4c C:/ST/STM32CubeIDE_1.13.1/STM32CubeIDE/plugins/com.st.stm32cube.ide.mcu.externaltools.gnu-tools-for-stm32.11.3.rel1.win32_1.1.0.202305231506/tools/bin/../lib/gcc/arm-none-eabi/11.3.1/../../../../arm-none-eabi/lib/thumb/v7e-m+fp/hard\libc_nano.a(libc_a-impure.o)
                0x000000002000003c                _impure_data
 .data._impure_ptr
                0x0000000020000088        0x4 C:/ST/STM32CubeIDE_1.13.1/STM32CubeIDE/plugins/com.st.stm32cube.ide.mcu.externaltools.gnu-tools-for-stm32.11.3.rel1.win32_1.1.0.202305231506/tools/bin/../lib/gcc/arm-none-eabi/11.3.1/../../../../arm-none-eabi/lib/thumb/v7e-m+fp/hard\libc_nano.a(libc_a-impure.o)
                0x0000000020000088                _impure_ptr
 *(.RamFunc)
 *(.RamFunc*)
                0x000000002000008c                . = ALIGN (0x4)
                0x000000002000008c                _edata = .

.igot.plt       0x000000002000008c        0x0 load address 0x0000000008008c00
 .igot.plt      0x000000002000008c        0x0 C:/ST/STM32CubeIDE_1.13.1/STM32CubeIDE/plugins/com.st.stm32cube.ide.mcu.externaltools.gnu-tools-for-stm32.11.3.rel1.win32_1.1.0.202305231506/tools/bin/../lib/gcc/arm-none-eabi/11.3.1/thumb/v7e-m+fp/hard/crtbegin.o
                0x000000002000008c                . = ALIGN (0x4)

.bss            0x000000002000008c     0xdc64 load address 0x0000000008008c00
                0x000000002000008c                _sbss = .
                0x000000002000008c                __bss_start__ = _sbss
 *(.bss)
 .bss           0x000000002000008c       0x1c C:/ST/STM32CubeIDE_1.13.1/STM32CubeIDE/plugins/com.st.stm32cube.ide.mcu.externaltools.gnu-tools-for-stm32.11.3.rel1.win32_1.1.0.202305231506/tools/bin/../lib/gcc/arm-none-eabi/11.3.1/thumb/v7e-m+fp/hard/crtbegin.o
 *(.bss*)
 .bss.frameBuffer
                0x00000000200000a8     0xa000 ./Core/Src/ili9163.o
                0x00000000200000a8                frameBuffer
 .bss.writeString
                0x000000002000a0a8       0x32 ./Core/Src/keypad.o
                0x000000002000a0a8                writeString
 *fill*         0x000000002000a0da        0x2 
 .bss.counter   0x000000002000a0dc        0x4 ./Core/Src/keypad.o
                0x000000002000a0dc                counter
 .bss.hi2c2     0x000000002000a0e0       0x54 ./Core/Src/main.o
                0x000000002000a0e0                hi2c2
 .bss.hspi1     0x000000002000a134       0x64 ./Core/Src/main.o
                0x000000002000a134                hspi1
 .bss.hdma_spi1_tx
                0x000000002000a198       0x60 ./Core/Src/main.o
                0x000000002000a198                hdma_spi1_tx
 .bss.huart6    0x000000002000a1f8       0x88 ./Core/Src/main.o
                0x000000002000a1f8                huart6
 .bss.SPI_DMA_FL
                0x000000002000a280        0x1 ./Core/Src/main.o
                0x000000002000a280                SPI_DMA_FL
 .bss.messageReady
                0x000000002000a281        0x1 ./Core/Src/main.o
                0x000000002000a281                messageReady
 .bss.keyChar   0x000000002000a282        0x1 ./Core/Src/main.o
                0x000000002000a282                keyChar
 *fill*         0x000000002000a283        0x1 
 .bss.key       0x000000002000a284        0x2 ./Core/Src/main.o
                0x000000002000a284                key
 *fill*         0x000000002000a286        0x2 
 .bss.receiveBuffer
                0x000000002000a288        0x1 ./Core/Src/main.o
                0x000000002000a288                receiveBuffer
 *fill*         0x000000002000a289        0x3 
 .bss.receivedData
                0x000000002000a28c     0x1388 ./Core/Src/main.o
                0x000000002000a28c                receivedData
 .bss.receivedDataIndex
                0x000000002000b614        0x1 ./Core/Src/main.o
                0x000000002000b614                receivedDataIndex
 .bss.flag      0x000000002000b615        0x1 ./Core/Src/main.o
                0x000000002000b615                flag
 .bss.gyroX     0x000000002000b616        0x2 ./Core/Src/main.o
                0x000000002000b616                gyroX
 .bss.gyroY     0x000000002000b618        0x2 ./Core/Src/main.o
                0x000000002000b618                gyroY
 .bss.gyroZ     0x000000002000b61a        0x2 ./Core/Src/main.o
                0x000000002000b61a                gyroZ
 .bss.x_buffer  0x000000002000b61c      0xc80 ./Core/Src/mpu6050.o
                0x000000002000b61c                x_buffer
 .bss.y_buffer  0x000000002000c29c      0xc80 ./Core/Src/mpu6050.o
                0x000000002000c29c                y_buffer
 .bss.z_buffer  0x000000002000cf1c      0xc80 ./Core/Src/mpu6050.o
                0x000000002000cf1c                z_buffer
 .bss.buffer_index
                0x000000002000db9c        0x4 ./Core/Src/mpu6050.o
                0x000000002000db9c                buffer_index
 .bss.__sbrk_heap_end
                0x000000002000dba0        0x4 ./Core/Src/sysmem.o
 .bss.uwTick    0x000000002000dba4        0x4 ./Drivers/STM32F7xx_HAL_Driver/Src/stm32f7xx_hal.o
                0x000000002000dba4                uwTick
 .bss.__sf      0x000000002000dba8      0x138 C:/ST/STM32CubeIDE_1.13.1/STM32CubeIDE/plugins/com.st.stm32cube.ide.mcu.externaltools.gnu-tools-for-stm32.11.3.rel1.win32_1.1.0.202305231506/tools/bin/../lib/gcc/arm-none-eabi/11.3.1/../../../../arm-none-eabi/lib/thumb/v7e-m+fp/hard\libc_nano.a(libc_a-findfp.o)
                0x000000002000dba8                __sf
 .bss.errno     0x000000002000dce0        0x4 C:/ST/STM32CubeIDE_1.13.1/STM32CubeIDE/plugins/com.st.stm32cube.ide.mcu.externaltools.gnu-tools-for-stm32.11.3.rel1.win32_1.1.0.202305231506/tools/bin/../lib/gcc/arm-none-eabi/11.3.1/../../../../arm-none-eabi/lib/thumb/v7e-m+fp/hard\libc_nano.a(libc_a-reent.o)
                0x000000002000dce0                errno
 .bss.__lock___malloc_recursive_mutex
                0x000000002000dce4        0x1 C:/ST/STM32CubeIDE_1.13.1/STM32CubeIDE/plugins/com.st.stm32cube.ide.mcu.externaltools.gnu-tools-for-stm32.11.3.rel1.win32_1.1.0.202305231506/tools/bin/../lib/gcc/arm-none-eabi/11.3.1/../../../../arm-none-eabi/lib/thumb/v7e-m+fp/hard\libc_nano.a(libc_a-lock.o)
                0x000000002000dce4                __lock___malloc_recursive_mutex
 *fill*         0x000000002000dce5        0x3 
 .bss.__malloc_free_list
                0x000000002000dce8        0x4 C:/ST/STM32CubeIDE_1.13.1/STM32CubeIDE/plugins/com.st.stm32cube.ide.mcu.externaltools.gnu-tools-for-stm32.11.3.rel1.win32_1.1.0.202305231506/tools/bin/../lib/gcc/arm-none-eabi/11.3.1/../../../../arm-none-eabi/lib/thumb/v7e-m+fp/hard\libc_nano.a(libc_a-mallocr.o)
                0x000000002000dce8                __malloc_free_list
 .bss.__malloc_sbrk_start
                0x000000002000dcec        0x4 C:/ST/STM32CubeIDE_1.13.1/STM32CubeIDE/plugins/com.st.stm32cube.ide.mcu.externaltools.gnu-tools-for-stm32.11.3.rel1.win32_1.1.0.202305231506/tools/bin/../lib/gcc/arm-none-eabi/11.3.1/../../../../arm-none-eabi/lib/thumb/v7e-m+fp/hard\libc_nano.a(libc_a-mallocr.o)
                0x000000002000dcec                __malloc_sbrk_start
 *(COMMON)
                0x000000002000dcf0                . = ALIGN (0x4)
                0x000000002000dcf0                _ebss = .
                0x000000002000dcf0                __bss_end__ = _ebss

._user_heap_stack
                0x000000002000dcf0      0x600 load address 0x0000000008008c00
                0x000000002000dcf0                . = ALIGN (0x8)
                [!provide]                        PROVIDE (end = .)
                0x000000002000dcf0                PROVIDE (_end = .)
                0x000000002000def0                . = (. + _Min_Heap_Size)
 *fill*         0x000000002000dcf0      0x200 
                0x000000002000e2f0                . = (. + _Min_Stack_Size)
 *fill*         0x000000002000def0      0x400 
                0x000000002000e2f0                . = ALIGN (0x8)

/DISCARD/
 libc.a(*)
 libm.a(*)
 libgcc.a(*)

.ARM.attributes
                0x0000000000000000       0x30
 *(.ARM.attributes)
 .ARM.attributes
                0x0000000000000000       0x1e C:/ST/STM32CubeIDE_1.13.1/STM32CubeIDE/plugins/com.st.stm32cube.ide.mcu.externaltools.gnu-tools-for-stm32.11.3.rel1.win32_1.1.0.202305231506/tools/bin/../lib/gcc/arm-none-eabi/11.3.1/thumb/v7e-m+fp/hard/crti.o
 .ARM.attributes
                0x000000000000001e       0x34 C:/ST/STM32CubeIDE_1.13.1/STM32CubeIDE/plugins/com.st.stm32cube.ide.mcu.externaltools.gnu-tools-for-stm32.11.3.rel1.win32_1.1.0.202305231506/tools/bin/../lib/gcc/arm-none-eabi/11.3.1/thumb/v7e-m+fp/hard/crtbegin.o
 .ARM.attributes
                0x0000000000000052       0x34 ./Core/Src/fonts.o
 .ARM.attributes
                0x0000000000000086       0x34 ./Core/Src/ili9163.o
 .ARM.attributes
                0x00000000000000ba       0x34 ./Core/Src/keypad.o
 .ARM.attributes
                0x00000000000000ee       0x34 ./Core/Src/main.o
 .ARM.attributes
                0x0000000000000122       0x34 ./Core/Src/mpu6050.o
 .ARM.attributes
                0x0000000000000156       0x34 ./Core/Src/stm32f7xx_hal_msp.o
 .ARM.attributes
                0x000000000000018a       0x34 ./Core/Src/stm32f7xx_it.o
 .ARM.attributes
                0x00000000000001be       0x34 ./Core/Src/sysmem.o
 .ARM.attributes
                0x00000000000001f2       0x34 ./Core/Src/system_stm32f7xx.o
 .ARM.attributes
                0x0000000000000226       0x21 ./Core/Startup/startup_stm32f746zgtx.o
 .ARM.attributes
                0x0000000000000247       0x34 ./Drivers/STM32F7xx_HAL_Driver/Src/stm32f7xx_hal.o
 .ARM.attributes
                0x000000000000027b       0x34 ./Drivers/STM32F7xx_HAL_Driver/Src/stm32f7xx_hal_cortex.o
 .ARM.attributes
                0x00000000000002af       0x34 ./Drivers/STM32F7xx_HAL_Driver/Src/stm32f7xx_hal_dma.o
 .ARM.attributes
                0x00000000000002e3       0x34 ./Drivers/STM32F7xx_HAL_Driver/Src/stm32f7xx_hal_gpio.o
 .ARM.attributes
                0x0000000000000317       0x34 ./Drivers/STM32F7xx_HAL_Driver/Src/stm32f7xx_hal_i2c.o
 .ARM.attributes
                0x000000000000034b       0x34 ./Drivers/STM32F7xx_HAL_Driver/Src/stm32f7xx_hal_i2c_ex.o
 .ARM.attributes
                0x000000000000037f       0x34 ./Drivers/STM32F7xx_HAL_Driver/Src/stm32f7xx_hal_pwr.o
 .ARM.attributes
                0x00000000000003b3       0x34 ./Drivers/STM32F7xx_HAL_Driver/Src/stm32f7xx_hal_rcc.o
 .ARM.attributes
                0x00000000000003e7       0x34 ./Drivers/STM32F7xx_HAL_Driver/Src/stm32f7xx_hal_rcc_ex.o
 .ARM.attributes
                0x000000000000041b       0x34 ./Drivers/STM32F7xx_HAL_Driver/Src/stm32f7xx_hal_spi.o
 .ARM.attributes
                0x000000000000044f       0x34 ./Drivers/STM32F7xx_HAL_Driver/Src/stm32f7xx_hal_uart.o
 .ARM.attributes
                0x0000000000000483       0x34 C:/ST/STM32CubeIDE_1.13.1/STM32CubeIDE/plugins/com.st.stm32cube.ide.mcu.externaltools.gnu-tools-for-stm32.11.3.rel1.win32_1.1.0.202305231506/tools/bin/../lib/gcc/arm-none-eabi/11.3.1/../../../../arm-none-eabi/lib/thumb/v7e-m+fp/hard\libc_nano.a(libc_a-findfp.o)
 .ARM.attributes
                0x00000000000004b7       0x34 C:/ST/STM32CubeIDE_1.13.1/STM32CubeIDE/plugins/com.st.stm32cube.ide.mcu.externaltools.gnu-tools-for-stm32.11.3.rel1.win32_1.1.0.202305231506/tools/bin/../lib/gcc/arm-none-eabi/11.3.1/../../../../arm-none-eabi/lib/thumb/v7e-m+fp/hard\libc_nano.a(libc_a-sprintf.o)
 .ARM.attributes
                0x00000000000004eb       0x34 C:/ST/STM32CubeIDE_1.13.1/STM32CubeIDE/plugins/com.st.stm32cube.ide.mcu.externaltools.gnu-tools-for-stm32.11.3.rel1.win32_1.1.0.202305231506/tools/bin/../lib/gcc/arm-none-eabi/11.3.1/../../../../arm-none-eabi/lib/thumb/v7e-m+fp/hard\libc_nano.a(libc_a-vsnprintf.o)
 .ARM.attributes
                0x000000000000051f       0x34 C:/ST/STM32CubeIDE_1.13.1/STM32CubeIDE/plugins/com.st.stm32cube.ide.mcu.externaltools.gnu-tools-for-stm32.11.3.rel1.win32_1.1.0.202305231506/tools/bin/../lib/gcc/arm-none-eabi/11.3.1/../../../../arm-none-eabi/lib/thumb/v7e-m+fp/hard\libc_nano.a(libc_a-memset.o)
 .ARM.attributes
                0x0000000000000553       0x34 C:/ST/STM32CubeIDE_1.13.1/STM32CubeIDE/plugins/com.st.stm32cube.ide.mcu.externaltools.gnu-tools-for-stm32.11.3.rel1.win32_1.1.0.202305231506/tools/bin/../lib/gcc/arm-none-eabi/11.3.1/../../../../arm-none-eabi/lib/thumb/v7e-m+fp/hard\libc_nano.a(libc_a-reent.o)
 .ARM.attributes
                0x0000000000000587       0x34 C:/ST/STM32CubeIDE_1.13.1/STM32CubeIDE/plugins/com.st.stm32cube.ide.mcu.externaltools.gnu-tools-for-stm32.11.3.rel1.win32_1.1.0.202305231506/tools/bin/../lib/gcc/arm-none-eabi/11.3.1/../../../../arm-none-eabi/lib/thumb/v7e-m+fp/hard\libc_nano.a(libc_a-impure.o)
 .ARM.attributes
                0x00000000000005bb       0x34 C:/ST/STM32CubeIDE_1.13.1/STM32CubeIDE/plugins/com.st.stm32cube.ide.mcu.externaltools.gnu-tools-for-stm32.11.3.rel1.win32_1.1.0.202305231506/tools/bin/../lib/gcc/arm-none-eabi/11.3.1/../../../../arm-none-eabi/lib/thumb/v7e-m+fp/hard\libc_nano.a(libc_a-errno.o)
 .ARM.attributes
                0x00000000000005ef       0x34 C:/ST/STM32CubeIDE_1.13.1/STM32CubeIDE/plugins/com.st.stm32cube.ide.mcu.externaltools.gnu-tools-for-stm32.11.3.rel1.win32_1.1.0.202305231506/tools/bin/../lib/gcc/arm-none-eabi/11.3.1/../../../../arm-none-eabi/lib/thumb/v7e-m+fp/hard\libc_nano.a(libc_a-init.o)
 .ARM.attributes
                0x0000000000000623       0x34 C:/ST/STM32CubeIDE_1.13.1/STM32CubeIDE/plugins/com.st.stm32cube.ide.mcu.externaltools.gnu-tools-for-stm32.11.3.rel1.win32_1.1.0.202305231506/tools/bin/../lib/gcc/arm-none-eabi/11.3.1/../../../../arm-none-eabi/lib/thumb/v7e-m+fp/hard\libc_nano.a(libc_a-lock.o)
 .ARM.attributes
                0x0000000000000657       0x17 C:/ST/STM32CubeIDE_1.13.1/STM32CubeIDE/plugins/com.st.stm32cube.ide.mcu.externaltools.gnu-tools-for-stm32.11.3.rel1.win32_1.1.0.202305231506/tools/bin/../lib/gcc/arm-none-eabi/11.3.1/../../../../arm-none-eabi/lib/thumb/v7e-m+fp/hard\libc_nano.a(libc_a-strlen.o)
 .ARM.attributes
                0x000000000000066e       0x34 C:/ST/STM32CubeIDE_1.13.1/STM32CubeIDE/plugins/com.st.stm32cube.ide.mcu.externaltools.gnu-tools-for-stm32.11.3.rel1.win32_1.1.0.202305231506/tools/bin/../lib/gcc/arm-none-eabi/11.3.1/../../../../arm-none-eabi/lib/thumb/v7e-m+fp/hard\libc_nano.a(libc_a-freer.o)
 .ARM.attributes
                0x00000000000006a2       0x34 C:/ST/STM32CubeIDE_1.13.1/STM32CubeIDE/plugins/com.st.stm32cube.ide.mcu.externaltools.gnu-tools-for-stm32.11.3.rel1.win32_1.1.0.202305231506/tools/bin/../lib/gcc/arm-none-eabi/11.3.1/../../../../arm-none-eabi/lib/thumb/v7e-m+fp/hard\libc_nano.a(libc_a-mallocr.o)
 .ARM.attributes
                0x00000000000006d6       0x34 C:/ST/STM32CubeIDE_1.13.1/STM32CubeIDE/plugins/com.st.stm32cube.ide.mcu.externaltools.gnu-tools-for-stm32.11.3.rel1.win32_1.1.0.202305231506/tools/bin/../lib/gcc/arm-none-eabi/11.3.1/../../../../arm-none-eabi/lib/thumb/v7e-m+fp/hard\libc_nano.a(libc_a-mlock.o)
 .ARM.attributes
                0x000000000000070a       0x34 C:/ST/STM32CubeIDE_1.13.1/STM32CubeIDE/plugins/com.st.stm32cube.ide.mcu.externaltools.gnu-tools-for-stm32.11.3.rel1.win32_1.1.0.202305231506/tools/bin/../lib/gcc/arm-none-eabi/11.3.1/../../../../arm-none-eabi/lib/thumb/v7e-m+fp/hard\libc_nano.a(libc_a-nano-svfprintf.o)
 .ARM.attributes
                0x000000000000073e       0x34 C:/ST/STM32CubeIDE_1.13.1/STM32CubeIDE/plugins/com.st.stm32cube.ide.mcu.externaltools.gnu-tools-for-stm32.11.3.rel1.win32_1.1.0.202305231506/tools/bin/../lib/gcc/arm-none-eabi/11.3.1/../../../../arm-none-eabi/lib/thumb/v7e-m+fp/hard\libc_nano.a(libc_a-nano-vfprintf_i.o)
 .ARM.attributes
                0x0000000000000772       0x34 C:/ST/STM32CubeIDE_1.13.1/STM32CubeIDE/plugins/com.st.stm32cube.ide.mcu.externaltools.gnu-tools-for-stm32.11.3.rel1.win32_1.1.0.202305231506/tools/bin/../lib/gcc/arm-none-eabi/11.3.1/../../../../arm-none-eabi/lib/thumb/v7e-m+fp/hard\libc_nano.a(libc_a-memmove.o)
 .ARM.attributes
                0x00000000000007a6       0x34 C:/ST/STM32CubeIDE_1.13.1/STM32CubeIDE/plugins/com.st.stm32cube.ide.mcu.externaltools.gnu-tools-for-stm32.11.3.rel1.win32_1.1.0.202305231506/tools/bin/../lib/gcc/arm-none-eabi/11.3.1/../../../../arm-none-eabi/lib/thumb/v7e-m+fp/hard\libc_nano.a(libc_a-sbrkr.o)
 .ARM.attributes
                0x00000000000007da       0x1c C:/ST/STM32CubeIDE_1.13.1/STM32CubeIDE/plugins/com.st.stm32cube.ide.mcu.externaltools.gnu-tools-for-stm32.11.3.rel1.win32_1.1.0.202305231506/tools/bin/../lib/gcc/arm-none-eabi/11.3.1/../../../../arm-none-eabi/lib/thumb/v7e-m+fp/hard\libc_nano.a(libc_a-memchr.o)
 .ARM.attributes
                0x00000000000007f6       0x34 C:/ST/STM32CubeIDE_1.13.1/STM32CubeIDE/plugins/com.st.stm32cube.ide.mcu.externaltools.gnu-tools-for-stm32.11.3.rel1.win32_1.1.0.202305231506/tools/bin/../lib/gcc/arm-none-eabi/11.3.1/../../../../arm-none-eabi/lib/thumb/v7e-m+fp/hard\libc_nano.a(libc_a-memcpy-stub.o)
 .ARM.attributes
                0x000000000000082a       0x34 C:/ST/STM32CubeIDE_1.13.1/STM32CubeIDE/plugins/com.st.stm32cube.ide.mcu.externaltools.gnu-tools-for-stm32.11.3.rel1.win32_1.1.0.202305231506/tools/bin/../lib/gcc/arm-none-eabi/11.3.1/../../../../arm-none-eabi/lib/thumb/v7e-m+fp/hard\libc_nano.a(libc_a-reallocr.o)
 .ARM.attributes
                0x000000000000085e       0x34 C:/ST/STM32CubeIDE_1.13.1/STM32CubeIDE/plugins/com.st.stm32cube.ide.mcu.externaltools.gnu-tools-for-stm32.11.3.rel1.win32_1.1.0.202305231506/tools/bin/../lib/gcc/arm-none-eabi/11.3.1/../../../../arm-none-eabi/lib/thumb/v7e-m+fp/hard\libc_nano.a(libc_a-msizer.o)
 .ARM.attributes
                0x0000000000000892       0x1e C:/ST/STM32CubeIDE_1.13.1/STM32CubeIDE/plugins/com.st.stm32cube.ide.mcu.externaltools.gnu-tools-for-stm32.11.3.rel1.win32_1.1.0.202305231506/tools/bin/../lib/gcc/arm-none-eabi/11.3.1/thumb/v7e-m+fp/hard\libgcc.a(_aeabi_uldivmod.o)
 .ARM.attributes
                0x00000000000008b0       0x34 C:/ST/STM32CubeIDE_1.13.1/STM32CubeIDE/plugins/com.st.stm32cube.ide.mcu.externaltools.gnu-tools-for-stm32.11.3.rel1.win32_1.1.0.202305231506/tools/bin/../lib/gcc/arm-none-eabi/11.3.1/thumb/v7e-m+fp/hard\libgcc.a(_udivmoddi4.o)
 .ARM.attributes
                0x00000000000008e4       0x1e C:/ST/STM32CubeIDE_1.13.1/STM32CubeIDE/plugins/com.st.stm32cube.ide.mcu.externaltools.gnu-tools-for-stm32.11.3.rel1.win32_1.1.0.202305231506/tools/bin/../lib/gcc/arm-none-eabi/11.3.1/thumb/v7e-m+fp/hard\libgcc.a(_dvmd_tls.o)
 .ARM.attributes
                0x0000000000000902       0x1e C:/ST/STM32CubeIDE_1.13.1/STM32CubeIDE/plugins/com.st.stm32cube.ide.mcu.externaltools.gnu-tools-for-stm32.11.3.rel1.win32_1.1.0.202305231506/tools/bin/../lib/gcc/arm-none-eabi/11.3.1/thumb/v7e-m+fp/hard/crtn.o
OUTPUT(MPDD_Final_Project_v1.elf elf32-littlearm)
LOAD linker stubs
LOAD C:/ST/STM32CubeIDE_1.13.1/STM32CubeIDE/plugins/com.st.stm32cube.ide.mcu.externaltools.gnu-tools-for-stm32.11.3.rel1.win32_1.1.0.202305231506/tools/bin/../lib/gcc/arm-none-eabi/11.3.1/../../../../arm-none-eabi/lib/thumb/v7e-m+fp/hard\libc.a
LOAD C:/ST/STM32CubeIDE_1.13.1/STM32CubeIDE/plugins/com.st.stm32cube.ide.mcu.externaltools.gnu-tools-for-stm32.11.3.rel1.win32_1.1.0.202305231506/tools/bin/../lib/gcc/arm-none-eabi/11.3.1/../../../../arm-none-eabi/lib/thumb/v7e-m+fp/hard\libm.a
LOAD C:/ST/STM32CubeIDE_1.13.1/STM32CubeIDE/plugins/com.st.stm32cube.ide.mcu.externaltools.gnu-tools-for-stm32.11.3.rel1.win32_1.1.0.202305231506/tools/bin/../lib/gcc/arm-none-eabi/11.3.1/thumb/v7e-m+fp/hard\libgcc.a

.comment        0x0000000000000000       0x43
 .comment       0x0000000000000000       0x43 C:/ST/STM32CubeIDE_1.13.1/STM32CubeIDE/plugins/com.st.stm32cube.ide.mcu.externaltools.gnu-tools-for-stm32.11.3.rel1.win32_1.1.0.202305231506/tools/bin/../lib/gcc/arm-none-eabi/11.3.1/thumb/v7e-m+fp/hard/crtbegin.o
                                         0x44 (size before relaxing)
 .comment       0x0000000000000043       0x44 ./Core/Src/fonts.o
 .comment       0x0000000000000043       0x44 ./Core/Src/ili9163.o
 .comment       0x0000000000000043       0x44 ./Core/Src/keypad.o
 .comment       0x0000000000000043       0x44 ./Core/Src/main.o
 .comment       0x0000000000000043       0x44 ./Core/Src/mpu6050.o
 .comment       0x0000000000000043       0x44 ./Core/Src/stm32f7xx_hal_msp.o
 .comment       0x0000000000000043       0x44 ./Core/Src/stm32f7xx_it.o
 .comment       0x0000000000000043       0x44 ./Core/Src/sysmem.o
 .comment       0x0000000000000043       0x44 ./Core/Src/system_stm32f7xx.o
 .comment       0x0000000000000043       0x44 ./Drivers/STM32F7xx_HAL_Driver/Src/stm32f7xx_hal.o
 .comment       0x0000000000000043       0x44 ./Drivers/STM32F7xx_HAL_Driver/Src/stm32f7xx_hal_cortex.o
 .comment       0x0000000000000043       0x44 ./Drivers/STM32F7xx_HAL_Driver/Src/stm32f7xx_hal_dma.o
 .comment       0x0000000000000043       0x44 ./Drivers/STM32F7xx_HAL_Driver/Src/stm32f7xx_hal_gpio.o
 .comment       0x0000000000000043       0x44 ./Drivers/STM32F7xx_HAL_Driver/Src/stm32f7xx_hal_i2c.o
 .comment       0x0000000000000043       0x44 ./Drivers/STM32F7xx_HAL_Driver/Src/stm32f7xx_hal_i2c_ex.o
 .comment       0x0000000000000043       0x44 ./Drivers/STM32F7xx_HAL_Driver/Src/stm32f7xx_hal_pwr.o
 .comment       0x0000000000000043       0x44 ./Drivers/STM32F7xx_HAL_Driver/Src/stm32f7xx_hal_rcc.o
 .comment       0x0000000000000043       0x44 ./Drivers/STM32F7xx_HAL_Driver/Src/stm32f7xx_hal_rcc_ex.o
 .comment       0x0000000000000043       0x44 ./Drivers/STM32F7xx_HAL_Driver/Src/stm32f7xx_hal_spi.o
 .comment       0x0000000000000043       0x44 ./Drivers/STM32F7xx_HAL_Driver/Src/stm32f7xx_hal_uart.o

.debug_info     0x0000000000000000    0x11bd5
 .debug_info    0x0000000000000000      0x19a ./Core/Src/fonts.o
 .debug_info    0x000000000000019a      0xe03 ./Core/Src/ili9163.o
 .debug_info    0x0000000000000f9d      0x20a ./Core/Src/keypad.o
 .debug_info    0x00000000000011a7     0x19d8 ./Core/Src/main.o
 .debug_info    0x0000000000002b7f      0x962 ./Core/Src/mpu6050.o
 .debug_info    0x00000000000034e1     0x15f0 ./Core/Src/stm32f7xx_hal_msp.o
 .debug_info    0x0000000000004ad1      0xc33 ./Core/Src/stm32f7xx_it.o
 .debug_info    0x0000000000005704      0x168 ./Core/Src/sysmem.o
 .debug_info    0x000000000000586c      0x6ed ./Core/Src/system_stm32f7xx.o
 .debug_info    0x0000000000005f59       0x23 ./Core/Startup/startup_stm32f746zgtx.o
 .debug_info    0x0000000000005f7c      0x9d8 ./Drivers/STM32F7xx_HAL_Driver/Src/stm32f7xx_hal.o
 .debug_info    0x0000000000006954      0xf49 ./Drivers/STM32F7xx_HAL_Driver/Src/stm32f7xx_hal_cortex.o
 .debug_info    0x000000000000789d      0x8e7 ./Drivers/STM32F7xx_HAL_Driver/Src/stm32f7xx_hal_dma.o
 .debug_info    0x0000000000008184      0x6e7 ./Drivers/STM32F7xx_HAL_Driver/Src/stm32f7xx_hal_gpio.o
 .debug_info    0x000000000000886b     0x20b3 ./Drivers/STM32F7xx_HAL_Driver/Src/stm32f7xx_hal_i2c.o
 .debug_info    0x000000000000a91e      0x92e ./Drivers/STM32F7xx_HAL_Driver/Src/stm32f7xx_hal_i2c_ex.o
 .debug_info    0x000000000000b24c      0x90e ./Drivers/STM32F7xx_HAL_Driver/Src/stm32f7xx_hal_pwr.o
 .debug_info    0x000000000000bb5a      0x8dc ./Drivers/STM32F7xx_HAL_Driver/Src/stm32f7xx_hal_rcc.o
 .debug_info    0x000000000000c436      0x6bd ./Drivers/STM32F7xx_HAL_Driver/Src/stm32f7xx_hal_rcc_ex.o
 .debug_info    0x000000000000caf3     0x169b ./Drivers/STM32F7xx_HAL_Driver/Src/stm32f7xx_hal_spi.o
 .debug_info    0x000000000000e18e     0x3a47 ./Drivers/STM32F7xx_HAL_Driver/Src/stm32f7xx_hal_uart.o

.debug_abbrev   0x0000000000000000     0x29e6
 .debug_abbrev  0x0000000000000000       0xb3 ./Core/Src/fonts.o
 .debug_abbrev  0x00000000000000b3      0x300 ./Core/Src/ili9163.o
 .debug_abbrev  0x00000000000003b3      0x14c ./Core/Src/keypad.o
 .debug_abbrev  0x00000000000004ff      0x368 ./Core/Src/main.o
 .debug_abbrev  0x0000000000000867      0x1dd ./Core/Src/mpu6050.o
 .debug_abbrev  0x0000000000000a44      0x256 ./Core/Src/stm32f7xx_hal_msp.o
 .debug_abbrev  0x0000000000000c9a      0x275 ./Core/Src/stm32f7xx_it.o
 .debug_abbrev  0x0000000000000f0f       0xbc ./Core/Src/sysmem.o
 .debug_abbrev  0x0000000000000fcb      0x13b ./Core/Src/system_stm32f7xx.o
 .debug_abbrev  0x0000000000001106       0x12 ./Core/Startup/startup_stm32f746zgtx.o
 .debug_abbrev  0x0000000000001118      0x213 ./Drivers/STM32F7xx_HAL_Driver/Src/stm32f7xx_hal.o
 .debug_abbrev  0x000000000000132b      0x329 ./Drivers/STM32F7xx_HAL_Driver/Src/stm32f7xx_hal_cortex.o
 .debug_abbrev  0x0000000000001654      0x264 ./Drivers/STM32F7xx_HAL_Driver/Src/stm32f7xx_hal_dma.o
 .debug_abbrev  0x00000000000018b8      0x1d4 ./Drivers/STM32F7xx_HAL_Driver/Src/stm32f7xx_hal_gpio.o
 .debug_abbrev  0x0000000000001a8c      0x259 ./Drivers/STM32F7xx_HAL_Driver/Src/stm32f7xx_hal_i2c.o
 .debug_abbrev  0x0000000000001ce5      0x19c ./Drivers/STM32F7xx_HAL_Driver/Src/stm32f7xx_hal_i2c_ex.o
 .debug_abbrev  0x0000000000001e81      0x1c5 ./Drivers/STM32F7xx_HAL_Driver/Src/stm32f7xx_hal_pwr.o
 .debug_abbrev  0x0000000000002046      0x288 ./Drivers/STM32F7xx_HAL_Driver/Src/stm32f7xx_hal_rcc.o
 .debug_abbrev  0x00000000000022ce      0x1c9 ./Drivers/STM32F7xx_HAL_Driver/Src/stm32f7xx_hal_rcc_ex.o
 .debug_abbrev  0x0000000000002497      0x269 ./Drivers/STM32F7xx_HAL_Driver/Src/stm32f7xx_hal_spi.o
 .debug_abbrev  0x0000000000002700      0x2e6 ./Drivers/STM32F7xx_HAL_Driver/Src/stm32f7xx_hal_uart.o

.debug_aranges  0x0000000000000000      0xe18
 .debug_aranges
                0x0000000000000000       0x18 ./Core/Src/fonts.o
 .debug_aranges
                0x0000000000000018       0xa8 ./Core/Src/ili9163.o
 .debug_aranges
                0x00000000000000c0       0x28 ./Core/Src/keypad.o
 .debug_aranges
                0x00000000000000e8       0x70 ./Core/Src/main.o
 .debug_aranges
                0x0000000000000158       0x28 ./Core/Src/mpu6050.o
 .debug_aranges
                0x0000000000000180       0x50 ./Core/Src/stm32f7xx_hal_msp.o
 .debug_aranges
                0x00000000000001d0       0x88 ./Core/Src/stm32f7xx_it.o
 .debug_aranges
                0x0000000000000258       0x20 ./Core/Src/sysmem.o
 .debug_aranges
                0x0000000000000278       0x28 ./Core/Src/system_stm32f7xx.o
 .debug_aranges
                0x00000000000002a0       0x28 ./Core/Startup/startup_stm32f746zgtx.o
 .debug_aranges
                0x00000000000002c8      0x100 ./Drivers/STM32F7xx_HAL_Driver/Src/stm32f7xx_hal.o
 .debug_aranges
                0x00000000000003c8      0x118 ./Drivers/STM32F7xx_HAL_Driver/Src/stm32f7xx_hal_cortex.o
 .debug_aranges
                0x00000000000004e0       0x90 ./Drivers/STM32F7xx_HAL_Driver/Src/stm32f7xx_hal_dma.o
 .debug_aranges
                0x0000000000000570       0x58 ./Drivers/STM32F7xx_HAL_Driver/Src/stm32f7xx_hal_gpio.o
 .debug_aranges
                0x00000000000005c8      0x2a0 ./Drivers/STM32F7xx_HAL_Driver/Src/stm32f7xx_hal_i2c.o
 .debug_aranges
                0x0000000000000868       0x38 ./Drivers/STM32F7xx_HAL_Driver/Src/stm32f7xx_hal_i2c_ex.o
 .debug_aranges
                0x00000000000008a0       0xa0 ./Drivers/STM32F7xx_HAL_Driver/Src/stm32f7xx_hal_pwr.o
 .debug_aranges
                0x0000000000000940       0x88 ./Drivers/STM32F7xx_HAL_Driver/Src/stm32f7xx_hal_rcc.o
 .debug_aranges
                0x00000000000009c8       0x50 ./Drivers/STM32F7xx_HAL_Driver/Src/stm32f7xx_hal_rcc_ex.o
 .debug_aranges
                0x0000000000000a18      0x1d8 ./Drivers/STM32F7xx_HAL_Driver/Src/stm32f7xx_hal_spi.o
 .debug_aranges
                0x0000000000000bf0      0x228 ./Drivers/STM32F7xx_HAL_Driver/Src/stm32f7xx_hal_uart.o

.debug_macro    0x0000000000000000    0x25f1a
 .debug_macro   0x0000000000000000       0x6d ./Core/Src/fonts.o
 .debug_macro   0x000000000000006d       0x22 ./Core/Src/fonts.o
 .debug_macro   0x000000000000008f       0x8e ./Core/Src/fonts.o
 .debug_macro   0x000000000000011d       0x51 ./Core/Src/fonts.o
 .debug_macro   0x000000000000016e      0x103 ./Core/Src/fonts.o
 .debug_macro   0x0000000000000271       0x6a ./Core/Src/fonts.o
 .debug_macro   0x00000000000002db      0x1df ./Core/Src/fonts.o
 .debug_macro   0x00000000000004ba      0x31f ./Core/Src/ili9163.o
 .debug_macro   0x00000000000007d9      0x293 ./Core/Src/ili9163.o
 .debug_macro   0x0000000000000a6c       0x2e ./Core/Src/ili9163.o
 .debug_macro   0x0000000000000a9a       0x3b ./Core/Src/ili9163.o
 .debug_macro   0x0000000000000ad5       0x1c ./Core/Src/ili9163.o
 .debug_macro   0x0000000000000af1       0x22 ./Core/Src/ili9163.o
 .debug_macro   0x0000000000000b13       0xd9 ./Core/Src/ili9163.o
 .debug_macro   0x0000000000000bec     0x12cd ./Core/Src/ili9163.o
 .debug_macro   0x0000000000001eb9      0x11f ./Core/Src/ili9163.o
 .debug_macro   0x0000000000001fd8       0x19 ./Core/Src/ili9163.o
 .debug_macro   0x0000000000001ff1    0x1920a ./Core/Src/ili9163.o
 .debug_macro   0x000000000001b1fb       0x6d ./Core/Src/ili9163.o
 .debug_macro   0x000000000001b268     0x3749 ./Core/Src/ili9163.o
 .debug_macro   0x000000000001e9b1      0x174 ./Core/Src/ili9163.o
 .debug_macro   0x000000000001eb25       0x63 ./Core/Src/ili9163.o
 .debug_macro   0x000000000001eb88     0x18ad ./Core/Src/ili9163.o
 .debug_macro   0x0000000000020435      0x6c4 ./Core/Src/ili9163.o
 .debug_macro   0x0000000000020af9      0x185 ./Core/Src/ili9163.o
 .debug_macro   0x0000000000020c7e      0x115 ./Core/Src/ili9163.o
 .debug_macro   0x0000000000020d93      0x1fd ./Core/Src/ili9163.o
 .debug_macro   0x0000000000020f90       0xa5 ./Core/Src/ili9163.o
 .debug_macro   0x0000000000021035      0x24f ./Core/Src/ili9163.o
 .debug_macro   0x0000000000021284       0x41 ./Core/Src/ili9163.o
 .debug_macro   0x00000000000212c5       0x58 ./Core/Src/ili9163.o
 .debug_macro   0x000000000002131d      0x236 ./Core/Src/ili9163.o
 .debug_macro   0x0000000000021553      0x14e ./Core/Src/ili9163.o
 .debug_macro   0x00000000000216a1      0x25a ./Core/Src/ili9163.o
 .debug_macro   0x00000000000218fb       0x12 ./Core/Src/ili9163.o
 .debug_macro   0x000000000002190d      0x22c ./Core/Src/ili9163.o
 .debug_macro   0x0000000000021b39       0x61 ./Core/Src/ili9163.o
 .debug_macro   0x0000000000021b9a       0xa5 ./Core/Src/ili9163.o
 .debug_macro   0x0000000000021c3f      0x12e ./Core/Src/ili9163.o
 .debug_macro   0x0000000000021d6d      0x108 ./Core/Src/ili9163.o
 .debug_macro   0x0000000000021e75       0x35 ./Core/Src/ili9163.o
 .debug_macro   0x0000000000021eaa      0x2fe ./Core/Src/ili9163.o
 .debug_macro   0x00000000000221a8      0x56d ./Core/Src/ili9163.o
 .debug_macro   0x0000000000022715       0x44 ./Core/Src/ili9163.o
 .debug_macro   0x0000000000022759      0x14d ./Core/Src/ili9163.o
 .debug_macro   0x00000000000228a6       0x7c ./Core/Src/ili9163.o
 .debug_macro   0x0000000000022922       0x61 ./Core/Src/ili9163.o
 .debug_macro   0x0000000000022983       0x2a ./Core/Src/ili9163.o
 .debug_macro   0x00000000000229ad       0x43 ./Core/Src/ili9163.o
 .debug_macro   0x00000000000229f0       0x34 ./Core/Src/ili9163.o
 .debug_macro   0x0000000000022a24       0x16 ./Core/Src/ili9163.o
 .debug_macro   0x0000000000022a3a       0x43 ./Core/Src/ili9163.o
 .debug_macro   0x0000000000022a7d       0x34 ./Core/Src/ili9163.o
 .debug_macro   0x0000000000022ab1       0x10 ./Core/Src/ili9163.o
 .debug_macro   0x0000000000022ac1       0x58 ./Core/Src/ili9163.o
 .debug_macro   0x0000000000022b19       0x8e ./Core/Src/ili9163.o
 .debug_macro   0x0000000000022ba7       0x1c ./Core/Src/ili9163.o
 .debug_macro   0x0000000000022bc3      0x177 ./Core/Src/ili9163.o
 .debug_macro   0x0000000000022d3a      0x369 ./Core/Src/ili9163.o
 .debug_macro   0x00000000000230a3       0x10 ./Core/Src/ili9163.o
 .debug_macro   0x00000000000230b3       0x35 ./Core/Src/ili9163.o
 .debug_macro   0x00000000000230e8       0x20 ./Core/Src/ili9163.o
 .debug_macro   0x0000000000023108       0x1c ./Core/Src/ili9163.o
 .debug_macro   0x0000000000023124       0x10 ./Core/Src/ili9163.o
 .debug_macro   0x0000000000023134       0x1c ./Core/Src/ili9163.o
 .debug_macro   0x0000000000023150       0x16 ./Core/Src/ili9163.o
 .debug_macro   0x0000000000023166      0x147 ./Core/Src/ili9163.o
 .debug_macro   0x00000000000232ad       0x46 ./Core/Src/ili9163.o
 .debug_macro   0x00000000000232f3      0x1ae ./Core/Src/ili9163.o
 .debug_macro   0x00000000000234a1       0x4c ./Core/Src/ili9163.o
 .debug_macro   0x00000000000234ed      0x316 ./Core/Src/keypad.o
 .debug_macro   0x0000000000023803      0x31f ./Core/Src/main.o
 .debug_macro   0x0000000000023b22       0x40 ./Core/Src/main.o
 .debug_macro   0x0000000000023b62      0x352 ./Core/Src/mpu6050.o
 .debug_macro   0x0000000000023eb4      0x1f2 ./Core/Src/stm32f7xx_hal_msp.o
 .debug_macro   0x00000000000240a6      0x2dd ./Core/Src/stm32f7xx_it.o
 .debug_macro   0x0000000000024383       0x22 ./Core/Src/stm32f7xx_it.o
 .debug_macro   0x00000000000243a5       0x16 ./Core/Src/stm32f7xx_it.o
 .debug_macro   0x00000000000243bb       0x16 ./Core/Src/stm32f7xx_it.o
 .debug_macro   0x00000000000243d1       0xff ./Core/Src/sysmem.o
 .debug_macro   0x00000000000244d0      0x23c ./Core/Src/sysmem.o
 .debug_macro   0x000000000002470c      0x1e3 ./Core/Src/system_stm32f7xx.o
 .debug_macro   0x00000000000248ef      0x207 ./Drivers/STM32F7xx_HAL_Driver/Src/stm32f7xx_hal.o
 .debug_macro   0x0000000000024af6      0x1e3 ./Drivers/STM32F7xx_HAL_Driver/Src/stm32f7xx_hal_cortex.o
 .debug_macro   0x0000000000024cd9      0x1e9 ./Drivers/STM32F7xx_HAL_Driver/Src/stm32f7xx_hal_dma.o
 .debug_macro   0x0000000000024ec2      0x1e9 ./Drivers/STM32F7xx_HAL_Driver/Src/stm32f7xx_hal_gpio.o
 .debug_macro   0x00000000000250ab      0x2af ./Drivers/STM32F7xx_HAL_Driver/Src/stm32f7xx_hal_i2c.o
 .debug_macro   0x000000000002535a      0x1e3 ./Drivers/STM32F7xx_HAL_Driver/Src/stm32f7xx_hal_i2c_ex.o
 .debug_macro   0x000000000002553d      0x201 ./Drivers/STM32F7xx_HAL_Driver/Src/stm32f7xx_hal_pwr.o
 .debug_macro   0x000000000002573e      0x207 ./Drivers/STM32F7xx_HAL_Driver/Src/stm32f7xx_hal_rcc.o
 .debug_macro   0x0000000000025945      0x1e3 ./Drivers/STM32F7xx_HAL_Driver/Src/stm32f7xx_hal_rcc_ex.o
 .debug_macro   0x0000000000025b28      0x1f2 ./Drivers/STM32F7xx_HAL_Driver/Src/stm32f7xx_hal_spi.o
 .debug_macro   0x0000000000025d1a      0x200 ./Drivers/STM32F7xx_HAL_Driver/Src/stm32f7xx_hal_uart.o

.debug_line     0x0000000000000000    0x1406c
 .debug_line    0x0000000000000000      0x3fe ./Core/Src/fonts.o
 .debug_line    0x00000000000003fe      0xd0b ./Core/Src/ili9163.o
 .debug_line    0x0000000000001109      0xd15 ./Core/Src/keypad.o
 .debug_line    0x0000000000001e1e      0xbb1 ./Core/Src/main.o
 .debug_line    0x00000000000029cf      0x9e7 ./Core/Src/mpu6050.o
 .debug_line    0x00000000000033b6      0x8b6 ./Core/Src/stm32f7xx_hal_msp.o
 .debug_line    0x0000000000003c6c      0xafc ./Core/Src/stm32f7xx_it.o
 .debug_line    0x0000000000004768      0x579 ./Core/Src/sysmem.o
 .debug_line    0x0000000000004ce1      0x7f1 ./Core/Src/system_stm32f7xx.o
 .debug_line    0x00000000000054d2       0x7a ./Core/Startup/startup_stm32f746zgtx.o
 .debug_line    0x000000000000554c      0xa82 ./Drivers/STM32F7xx_HAL_Driver/Src/stm32f7xx_hal.o
 .debug_line    0x0000000000005fce      0xd08 ./Drivers/STM32F7xx_HAL_Driver/Src/stm32f7xx_hal_cortex.o
 .debug_line    0x0000000000006cd6      0xfd1 ./Drivers/STM32F7xx_HAL_Driver/Src/stm32f7xx_hal_dma.o
 .debug_line    0x0000000000007ca7      0xbf6 ./Drivers/STM32F7xx_HAL_Driver/Src/stm32f7xx_hal_gpio.o
 .debug_line    0x000000000000889d     0x3759 ./Drivers/STM32F7xx_HAL_Driver/Src/stm32f7xx_hal_i2c.o
 .debug_line    0x000000000000bff6      0x8ad ./Drivers/STM32F7xx_HAL_Driver/Src/stm32f7xx_hal_i2c_ex.o
 .debug_line    0x000000000000c8a3      0x986 ./Drivers/STM32F7xx_HAL_Driver/Src/stm32f7xx_hal_pwr.o
 .debug_line    0x000000000000d229      0xec2 ./Drivers/STM32F7xx_HAL_Driver/Src/stm32f7xx_hal_rcc.o
 .debug_line    0x000000000000e0eb      0xe76 ./Drivers/STM32F7xx_HAL_Driver/Src/stm32f7xx_hal_rcc_ex.o
 .debug_line    0x000000000000ef61     0x1fd8 ./Drivers/STM32F7xx_HAL_Driver/Src/stm32f7xx_hal_spi.o
 .debug_line    0x0000000000010f39     0x3133 ./Drivers/STM32F7xx_HAL_Driver/Src/stm32f7xx_hal_uart.o

.debug_str      0x0000000000000000    0xea54a
 .debug_str     0x0000000000000000     0x3c11 ./Core/Src/fonts.o
                                       0x3d87 (size before relaxing)
 .debug_str     0x0000000000003c11    0xe2097 ./Core/Src/ili9163.o
                                      0xe6408 (size before relaxing)
 .debug_str     0x00000000000e5ca8       0x4d ./Core/Src/keypad.o
                                      0xe5c38 (size before relaxing)
 .debug_str     0x00000000000e5cf5      0xf1a ./Core/Src/main.o
                                      0xe7132 (size before relaxing)
 .debug_str     0x00000000000e6c0f       0xfe ./Core/Src/mpu6050.o
                                      0xe62f2 (size before relaxing)
 .debug_str     0x00000000000e6d0d      0x333 ./Core/Src/stm32f7xx_hal_msp.o
                                      0xe2dcd (size before relaxing)
 .debug_str     0x00000000000e7040      0x22a ./Core/Src/stm32f7xx_it.o
                                      0xe59e2 (size before relaxing)
 .debug_str     0x00000000000e726a      0x4dc ./Core/Src/sysmem.o
                                       0x6081 (size before relaxing)
 .debug_str     0x00000000000e7746      0x1a4 ./Core/Src/system_stm32f7xx.o
                                      0xe1acc (size before relaxing)
 .debug_str     0x00000000000e78ea       0x34 ./Core/Startup/startup_stm32f746zgtx.o
                                         0x91 (size before relaxing)
 .debug_str     0x00000000000e791e      0x402 ./Drivers/STM32F7xx_HAL_Driver/Src/stm32f7xx_hal.o
                                      0xe2435 (size before relaxing)
 .debug_str     0x00000000000e7d20      0x319 ./Drivers/STM32F7xx_HAL_Driver/Src/stm32f7xx_hal_cortex.o
                                      0xe2420 (size before relaxing)
 .debug_str     0x00000000000e8039      0x2f6 ./Drivers/STM32F7xx_HAL_Driver/Src/stm32f7xx_hal_dma.o
                                      0xe1e0b (size before relaxing)
 .debug_str     0x00000000000e832f       0xc8 ./Drivers/STM32F7xx_HAL_Driver/Src/stm32f7xx_hal_gpio.o
                                      0xe1b8a (size before relaxing)
 .debug_str     0x00000000000e83f7      0xd61 ./Drivers/STM32F7xx_HAL_Driver/Src/stm32f7xx_hal_i2c.o
                                      0xe2ce2 (size before relaxing)
 .debug_str     0x00000000000e9158       0x89 ./Drivers/STM32F7xx_HAL_Driver/Src/stm32f7xx_hal_i2c_ex.o
                                      0xe1f88 (size before relaxing)
 .debug_str     0x00000000000e91e1      0x2ac ./Drivers/STM32F7xx_HAL_Driver/Src/stm32f7xx_hal_pwr.o
                                      0xe1d6d (size before relaxing)
 .debug_str     0x00000000000e948d      0x247 ./Drivers/STM32F7xx_HAL_Driver/Src/stm32f7xx_hal_rcc.o
                                      0xe1e2e (size before relaxing)
 .debug_str     0x00000000000e96d4      0x14f ./Drivers/STM32F7xx_HAL_Driver/Src/stm32f7xx_hal_rcc_ex.o
                                      0xe1d66 (size before relaxing)
 .debug_str     0x00000000000e9823      0x52c ./Drivers/STM32F7xx_HAL_Driver/Src/stm32f7xx_hal_spi.o
                                      0xe230c (size before relaxing)
 .debug_str     0x00000000000e9d4f      0x7fb ./Drivers/STM32F7xx_HAL_Driver/Src/stm32f7xx_hal_uart.o
                                      0xe277b (size before relaxing)

.debug_rnglists
                0x0000000000000000      0xad9
 .debug_rnglists
                0x0000000000000000       0x80 ./Core/Src/ili9163.o
 .debug_rnglists
                0x0000000000000080       0x1a ./Core/Src/keypad.o
 .debug_rnglists
                0x000000000000009a       0x53 ./Core/Src/main.o
 .debug_rnglists
                0x00000000000000ed       0x1b ./Core/Src/mpu6050.o
 .debug_rnglists
                0x0000000000000108       0x3a ./Core/Src/stm32f7xx_hal_msp.o
 .debug_rnglists
                0x0000000000000142       0x63 ./Core/Src/stm32f7xx_it.o
 .debug_rnglists
                0x00000000000001a5       0x13 ./Core/Src/sysmem.o
 .debug_rnglists
                0x00000000000001b8       0x1a ./Core/Src/system_stm32f7xx.o
 .debug_rnglists
                0x00000000000001d2       0x19 ./Core/Startup/startup_stm32f746zgtx.o