01:56:22 **** Incremental Build of configuration Debug for project MPDD_Final_Project_v1 ****
make -j20 all 
arm-none-eabi-size   MPDD_Final_Project_v1.elf 
   text	   data	    bss	    dec	    hex	filename
  28896	    148	  43260	  72304	  11a70	MPDD_Final_Project_v1.elf
Finished building: default.size.stdout
 
01:56:32 **** Incremental Build of configuration Debug for project MPDD_Final_Project_v1 ****
make -j20 all 
arm-none-eabi-size   MPDD_Final_Project_v1.elf 
   text	   data	    bss	    dec	    hex	filename
  28896	    148	  43260	  72304	  11a70	MPDD_Final_Project_v1.elf
Finished building: default.size.stdout
 
01:58:09 **** Incremental Build of configuration Debug for project MPDD_Final_Project_v1 ****
make -j20 all 
arm-none-eabi-gcc "../Core/Src/keypad.c" -mcpu=cortex-m7 -std=gnu11 -g3 -DDEBUG -DUSE_HAL_DRIVER -DSTM32F746xx -c -I../Core/Inc -I../Drivers/STM32F7xx_HAL_Driver/Inc -I../Drivers/STM32F7xx_HAL_Driver/Inc/Legacy -I../Drivers/CMSIS/Device/ST/STM32F7xx/Include -I../Drivers/CMSIS/Include -O0 -ffunction-sections -fdata-sections -Wall -fstack-usage -fcyclomatic-complexity -MMD -MP -MF"Core/Src/keypad.d" -MT"Core/Src/keypad.o" --specs=nano.specs -mfpu=fpv5-sp-d16 -mfloat-abi=hard -mthumb -o "Core/Src/keypad.o"
../Core/Src/keypad.c:8:8: warning: type defaults to 'int' in declaration of 'flag' [-Wimplicit-int]
    8 | extern flag;
      |        ^~~~
arm-none-eabi-gcc -o "MPDD_Final_Project_v1.elf" @"objects.list"   -mcpu=cortex-m7 -T"C:\Users\mathe\Dropbox\PC\Documents\GitHub\STM32-Bluetooth-Communication\MPDD_Final_Project_v1\STM32F746ZGTX_FLASH.ld" --specs=nosys.specs -Wl,-Map="MPDD_Final_Project_v1.map" -Wl,--gc-sections -static --specs=nano.specs -mfpu=fpv5-sp-d16 -mfloat-abi=hard -mthumb -Wl,--start-group -lc -lm -Wl,--end-group
Finished building target: MPDD_Final_Project_v1.elf
 
arm-none-eabi-size   MPDD_Final_Project_v1.elf 
arm-none-eabi-objdump -h -S  MPDD_Final_Project_v1.elf  > "MPDD_Final_Project_v1.list"
   text	   data	    bss	    dec	    hex	filename
  28896	    148	  43260	  72304	  11a70	MPDD_Final_Project_v1.elf
Finished building: default.size.stdout
 
Finished building: MPDD_Final_Project_v1.list
 
01:59:23 **** Incremental Build of configuration Debug for project MPDD_Final_Project_v1 ****
make -j20 all 
arm-none-eabi-gcc "../Core/Src/main.c" -mcpu=cortex-m7 -std=gnu11 -g3 -DDEBUG -DUSE_HAL_DRIVER -DSTM32F746xx -c -I../Core/Inc -I../Drivers/STM32F7xx_HAL_Driver/Inc -I../Drivers/STM32F7xx_HAL_Driver/Inc/Legacy -I../Drivers/CMSIS/Device/ST/STM32F7xx/Include -I../Drivers/CMSIS/Include -O0 -ffunction-sections -fdata-sections -Wall -fstack-usage -fcyclomatic-complexity -MMD -MP -MF"Core/Src/main.d" -MT"Core/Src/main.o" --specs=nano.specs -mfpu=fpv5-sp-d16 -mfloat-abi=hard -mthumb -o "Core/Src/main.o"
../Core/Src/main.c: In function 'main':
../Core/Src/main.c:131:19: warning: implicit declaration of function 'key_pad' [-Wimplicit-function-declaration]
  131 |                   key_pad(keyChar);
      |                   ^~~~~~~
../Core/Src/main.c:135:46: warning: pointer targets in passing argument 2 of 'HAL_UART_Transmit' differ in signedness [-Wpointer-sign]
  135 |                   HAL_UART_Transmit(&huart6, writeString, strlen(writeString), 1000);
      |                                              ^~~~~~~~~~~
      |                                              |
      |                                              char *
In file included from ../Core/Inc/stm32f7xx_hal_conf.h:415,
                 from ../Drivers/STM32F7xx_HAL_Driver/Inc/stm32f7xx_hal.h:29,
                 from ../Core/Inc/main.h:30,
                 from ../Core/Src/main.c:20:
../Drivers/STM32F7xx_HAL_Driver/Inc/stm32f7xx_hal_uart.h:1553:79: note: expected 'const uint8_t *' {aka 'const unsigned char *'} but argument is of type 'char *'
 1553 | HAL_StatusTypeDef HAL_UART_Transmit(UART_HandleTypeDef *huart, const uint8_t *pData, uint16_t Size, uint32_t Timeout);
      |                                                                ~~~~~~~~~~~~~~~^~~~~
../Core/Src/main.c:117:12: warning: unused variable 'dataToSend' [-Wunused-variable]
  117 |    uint8_t dataToSend[] = "How are you?";
      |            ^~~~~~~~~~
arm-none-eabi-gcc -o "MPDD_Final_Project_v1.elf" @"objects.list"   -mcpu=cortex-m7 -T"C:\Users\mathe\Dropbox\PC\Documents\GitHub\STM32-Bluetooth-Communication\MPDD_Final_Project_v1\STM32F746ZGTX_FLASH.ld" --specs=nosys.specs -Wl,-Map="MPDD_Final_Project_v1.map" -Wl,--gc-sections -static --specs=nano.specs -mfpu=fpv5-sp-d16 -mfloat-abi=hard -mthumb -Wl,--start-group -lc -lm -Wl,--end-group
Finished building target: MPDD_Final_Project_v1.elf
 
arm-none-eabi-size   MPDD_Final_Project_v1.elf 
arm-none-eabi-objdump -h -S  MPDD_Final_Project_v1.elf  > "MPDD_Final_Project_v1.list"
   text	   data	    bss	    dec	    hex	filename
  28900	    148	  43260	  72308	  11a74	MPDD_Final_Project_v1.elf
Finished building: default.size.stdout
 
Finished building: MPDD_Final_Project_v1.list
 
02:00:00 **** Incremental Build of configuration Debug for project MPDD_Final_Project_v1 ****
make -j20 all 
arm-none-eabi-size   MPDD_Final_Project_v1.elf 
   text	   data	    bss	    dec	    hex	filename
  28900	    148	  43260	  72308	  11a74	MPDD_Final_Project_v1.elf
Finished building: default.size.stdout
 
02:00:19 **** Incremental Build of configuration Debug for project MPDD_Final_Project_v1 ****
make -j20 all 
arm-none-eabi-size   MPDD_Final_Project_v1.elf 
   text	   data	    bss	    dec	    hex	filename
  28900	    148	  43260	  72308	  11a74	MPDD_Final_Project_v1.elf
Finished building: default.size.stdout
 
02:00:54 **** Incremental Build of configuration Debug for project MPDD_Final_Project_v1 ****
make -j20 all 
arm-none-eabi-gcc "../Core/Src/main.c" -mcpu=cortex-m7 -std=gnu11 -g3 -DDEBUG -DUSE_HAL_DRIVER -DSTM32F746xx -c -I../Core/Inc -I../Drivers/STM32F7xx_HAL_Driver/Inc -I../Drivers/STM32F7xx_HAL_Driver/Inc/Legacy -I../Drivers/CMSIS/Device/ST/STM32F7xx/Include -I../Drivers/CMSIS/Include -O0 -ffunction-sections -fdata-sections -Wall -fstack-usage -fcyclomatic-complexity -MMD -MP -MF"Core/Src/main.d" -MT"Core/Src/main.o" --specs=nano.specs -mfpu=fpv5-sp-d16 -mfloat-abi=hard -mthumb -o "Core/Src/main.o"
../Core/Src/main.c: In function 'main':
../Core/Src/main.c:131:19: warning: implicit declaration of function 'key_pad' [-Wimplicit-function-declaration]
  131 |                   key_pad(keyChar);
      |                   ^~~~~~~
../Core/Src/main.c:135:46: warning: pointer targets in passing argument 2 of 'HAL_UART_Transmit' differ in signedness [-Wpointer-sign]
  135 |                   HAL_UART_Transmit(&huart6, writeString, strlen(writeString), 1000);
      |                                              ^~~~~~~~~~~
      |                                              |
      |                                              char *
In file included from ../Core/Inc/stm32f7xx_hal_conf.h:415,
                 from ../Drivers/STM32F7xx_HAL_Driver/Inc/stm32f7xx_hal.h:29,
                 from ../Core/Inc/main.h:30,
                 from ../Core/Src/main.c:20:
../Drivers/STM32F7xx_HAL_Driver/Inc/stm32f7xx_hal_uart.h:1553:79: note: expected 'const uint8_t *' {aka 'const unsigned char *'} but argument is of type 'char *'
 1553 | HAL_StatusTypeDef HAL_UART_Transmit(UART_HandleTypeDef *huart, const uint8_t *pData, uint16_t Size, uint32_t Timeout);
      |                                                                ~~~~~~~~~~~~~~~^~~~~
../Core/Src/main.c:117:12: warning: unused variable 'dataToSend' [-Wunused-variable]
  117 |    uint8_t dataToSend[] = "How are you?";
      |            ^~~~~~~~~~
arm-none-eabi-gcc -o "MPDD_Final_Project_v1.elf" @"objects.list"   -mcpu=cortex-m7 -T"C:\Users\mathe\Dropbox\PC\Documents\GitHub\STM32-Bluetooth-Communication\MPDD_Final_Project_v1\STM32F746ZGTX_FLASH.ld" --specs=nosys.specs -Wl,-Map="MPDD_Final_Project_v1.map" -Wl,--gc-sections -static --specs=nano.specs -mfpu=fpv5-sp-d16 -mfloat-abi=hard -mthumb -Wl,--start-group -lc -lm -Wl,--end-group
Finished building target: MPDD_Final_Project_v1.elf
 
arm-none-eabi-size   MPDD_Final_Project_v1.elf 
arm-none-eabi-objdump -h -S  MPDD_Final_Project_v1.elf  > "MPDD_Final_Project_v1.list"
   text	   data	    bss	    dec	    hex	filename
  28904	    148	  43260	  72312	  11a78	MPDD_Final_Project_v1.elf
Finished building: default.size.stdout
 
Finished building: MPDD_Final_Project_v1.list
 
02:06:00 **** Incremental Build of configuration Debug for project MPDD_Final_Project_v1 ****
make -j20 all 
arm-none-eabi-gcc "../Core/Src/main.c" -mcpu=cortex-m7 -std=gnu11 -g3 -DDEBUG -DUSE_HAL_DRIVER -DSTM32F746xx -c -I../Core/Inc -I../Drivers/STM32F7xx_HAL_Driver/Inc -I../Drivers/STM32F7xx_HAL_Driver/Inc/Legacy -I../Drivers/CMSIS/Device/ST/STM32F7xx/Include -I../Drivers/CMSIS/Include -O0 -ffunction-sections -fdata-sections -Wall -fstack-usage -fcyclomatic-complexity -MMD -MP -MF"Core/Src/main.d" -MT"Core/Src/main.o" --specs=nano.specs -mfpu=fpv5-sp-d16 -mfloat-abi=hard -mthumb -o "Core/Src/main.o"
../Core/Src/main.c: In function 'main':
../Core/Src/main.c:131:19: warning: implicit declaration of function 'key_pad' [-Wimplicit-function-declaration]
  131 |                   key_pad(keyChar);
      |                   ^~~~~~~
../Core/Src/main.c:135:46: warning: pointer targets in passing argument 2 of 'HAL_UART_Transmit' differ in signedness [-Wpointer-sign]
  135 |                   HAL_UART_Transmit(&huart6, writeString, strlen(writeString), 1000);
      |                                              ^~~~~~~~~~~
      |                                              |
      |                                              char *
In file included from ../Core/Inc/stm32f7xx_hal_conf.h:415,
                 from ../Drivers/STM32F7xx_HAL_Driver/Inc/stm32f7xx_hal.h:29,
                 from ../Core/Inc/main.h:30,
                 from ../Core/Src/main.c:20:
../Drivers/STM32F7xx_HAL_Driver/Inc/stm32f7xx_hal_uart.h:1553:79: note: expected 'const uint8_t *' {aka 'const unsigned char *'} but argument is of type 'char *'
 1553 | HAL_StatusTypeDef HAL_UART_Transmit(UART_HandleTypeDef *huart, const uint8_t *pData, uint16_t Size, uint32_t Timeout);
      |                                                                ~~~~~~~~~~~~~~~^~~~~
../Core/Src/main.c:117:12: warning: unused variable 'dataToSend' [-Wunused-variable]
  117 |    uint8_t dataToSend[] = "How are you?";
      |            ^~~~~~~~~~
arm-none-eabi-gcc -o "MPDD_Final_Project_v1.elf" @"objects.list"   -mcpu=cortex-m7 -T"C:\Users\mathe\Dropbox\PC\Documents\GitHub\STM32-Bluetooth-Communication\MPDD_Final_Project_v1\STM32F746ZGTX_FLASH.ld" --specs=nosys.specs -Wl,-Map="MPDD_Final_Project_v1.map" -Wl,--gc-sections -static --specs=nano.specs -mfpu=fpv5-sp-d16 -mfloat-abi=hard -mthumb -Wl,--start-group -lc -lm -Wl,--end-group
Finished building target: MPDD_Final_Project_v1.elf
 
arm-none-eabi-size   MPDD_Final_Project_v1.elf 
arm-none-eabi-objdump -h -S  MPDD_Final_Project_v1.elf  > "MPDD_Final_Project_v1.list"
   text	   data	    bss	    dec	    hex	filename
  30312	    148	  48260	  78720	  13380	MPDD_Final_Project_v1.elf
Finished building: default.size.stdout
 
Finished building: MPDD_Final_Project_v1.list
 
02:07:46 **** Incremental Build of configuration Debug for project MPDD_Final_Project_v1 ****
make -j20 all 
arm-none-eabi-gcc "../Core/Src/main.c" -mcpu=cortex-m7 -std=gnu11 -g3 -DDEBUG -DUSE_HAL_DRIVER -DSTM32F746xx -c -I../Core/Inc -I../Drivers/STM32F7xx_HAL_Driver/Inc -I../Drivers/STM32F7xx_HAL_Driver/Inc/Legacy -I../Drivers/CMSIS/Device/ST/STM32F7xx/Include -I../Drivers/CMSIS/Include -O0 -ffunction-sections -fdata-sections -Wall -fstack-usage -fcyclomatic-complexity -MMD -MP -MF"Core/Src/main.d" -MT"Core/Src/main.o" --specs=nano.specs -mfpu=fpv5-sp-d16 -mfloat-abi=hard -mthumb -o "Core/Src/main.o"
../Core/Src/main.c: In function 'main':
../Core/Src/main.c:131:19: warning: implicit declaration of function 'key_pad' [-Wimplicit-function-declaration]
  131 |                   key_pad(keyChar);
      |                   ^~~~~~~
../Core/Src/main.c:135:46: warning: pointer targets in passing argument 2 of 'HAL_UART_Transmit' differ in signedness [-Wpointer-sign]
  135 |                   HAL_UART_Transmit(&huart6, writeString, strlen(writeString), 1000);
      |                                              ^~~~~~~~~~~
      |                                              |
      |                                              char *
In file included from ../Core/Inc/stm32f7xx_hal_conf.h:415,
                 from ../Drivers/STM32F7xx_HAL_Driver/Inc/stm32f7xx_hal.h:29,
                 from ../Core/Inc/main.h:30,
                 from ../Core/Src/main.c:20:
../Drivers/STM32F7xx_HAL_Driver/Inc/stm32f7xx_hal_uart.h:1553:79: note: expected 'const uint8_t *' {aka 'const unsigned char *'} but argument is of type 'char *'
 1553 | HAL_StatusTypeDef HAL_UART_Transmit(UART_HandleTypeDef *huart, const uint8_t *pData, uint16_t Size, uint32_t Timeout);
      |                                                                ~~~~~~~~~~~~~~~^~~~~
arm-none-eabi-gcc -o "MPDD_Final_Project_v1.elf" @"objects.list"   -mcpu=cortex-m7 -T"C:\Users\mathe\Dropbox\PC\Documents\GitHub\STM32-Bluetooth-Communication\MPDD_Final_Project_v1\STM32F746ZGTX_FLASH.ld" --specs=nosys.specs -Wl,-Map="MPDD_Final_Project_v1.map" -Wl,--gc-sections -static --specs=nano.specs -mfpu=fpv5-sp-d16 -mfloat-abi=hard -mthumb -Wl,--start-group -lc -lm -Wl,--end-group
Finished building target: MPDD_Final_Project_v1.elf
 
arm-none-eabi-size   MPDD_Final_Project_v1.elf 
arm-none-eabi-objdump -h -S  MPDD_Final_Project_v1.elf  > "MPDD_Final_Project_v1.list"
   text	   data	    bss	    dec	    hex	filename
  30320	    148	  48260	  78728	  13388	MPDD_Final_Project_v1.elf
Finished building: default.size.stdout
 
Finished building: MPDD_Final_Project_v1.list
 
02:10:05 **** Incremental Build of configuration Debug for project MPDD_Final_Project_v1 ****
make -j20 all 
arm-none-eabi-size   MPDD_Final_Project_v1.elf 
   text	   data	    bss	    dec	    hex	filename
  30320	    148	  48260	  78728	  13388	MPDD_Final_Project_v1.elf
Finished building: default.size.stdout
 
02:11:02 **** Incremental Build of configuration Debug for project MPDD_Final_Project_v1 ****
make -j20 all 
arm-none-eabi-size   MPDD_Final_Project_v1.elf 
   text	   data	    bss	    dec	    hex	filename
  30320	    148	  48260	  78728	  13388	MPDD_Final_Project_v1.elf
Finished building: default.size.stdout
 
02:20:12 **** Incremental Build of configuration Debug for project MPDD_Final_Project_v1 ****
make -j20 all 
arm-none-eabi-size   MPDD_Final_Project_v1.elf 
   text	   data	    bss	    dec	    hex	filename
  30320	    148	  48260	  78728	  13388	MPDD_Final_Project_v1.elf
Finished building: default.size.stdout
 
02:21:34 **** Incremental Build of configuration Debug for project MPDD_Final_Project_v1 ****
make -j20 all 
arm-none-eabi-gcc "../Core/Src/main.c" -mcpu=cortex-m7 -std=gnu11 -g3 -DDEBUG -DUSE_HAL_DRIVER -DSTM32F746xx -c -I../Core/Inc -I../Drivers/STM32F7xx_HAL_Driver/Inc -I../Drivers/STM32F7xx_HAL_Driver/Inc/Legacy -I../Drivers/CMSIS/Device/ST/STM32F7xx/Include -I../Drivers/CMSIS/Include -O0 -ffunction-sections -fdata-sections -Wall -fstack-usage -fcyclomatic-complexity -MMD -MP -MF"Core/Src/main.d" -MT"Core/Src/main.o" --specs=nano.specs -mfpu=fpv5-sp-d16 -mfloat-abi=hard -mthumb -o "Core/Src/main.o"
../Core/Src/main.c: In function 'main':
../Core/Src/main.c:131:19: warning: implicit declaration of function 'key_pad' [-Wimplicit-function-declaration]
  131 |                   key_pad(keyChar);
      |                   ^~~~~~~
../Core/Src/main.c:135:46: warning: pointer targets in passing argument 2 of 'HAL_UART_Transmit' differ in signedness [-Wpointer-sign]
  135 |                   HAL_UART_Transmit(&huart6, writeString, strlen(writeString), 1000);
      |                                              ^~~~~~~~~~~
      |                                              |
      |                                              char *
In file included from ../Core/Inc/stm32f7xx_hal_conf.h:415,
                 from ../Drivers/STM32F7xx_HAL_Driver/Inc/stm32f7xx_hal.h:29,
                 from ../Core/Inc/main.h:30,
                 from ../Core/Src/main.c:20:
../Drivers/STM32F7xx_HAL_Driver/Inc/stm32f7xx_hal_uart.h:1553:79: note: expected 'const uint8_t *' {aka 'const unsigned char *'} but argument is of type 'char *'
 1553 | HAL_StatusTypeDef HAL_UART_Transmit(UART_HandleTypeDef *huart, const uint8_t *pData, uint16_t Size, uint32_t Timeout);
      |                                                                ~~~~~~~~~~~~~~~^~~~~
arm-none-eabi-gcc -o "MPDD_Final_Project_v1.elf" @"objects.list"   -mcpu=cortex-m7 -T"C:\Users\mathe\Dropbox\PC\Documents\GitHub\STM32-Bluetooth-Communication\MPDD_Final_Project_v1\STM32F746ZGTX_FLASH.ld" --specs=nosys.specs -Wl,-Map="MPDD_Final_Project_v1.map" -Wl,--gc-sections -static --specs=nano.specs -mfpu=fpv5-sp-d16 -mfloat-abi=hard -mthumb -Wl,--start-group -lc -lm -Wl,--end-group
Finished building target: MPDD_Final_Project_v1.elf
 
arm-none-eabi-size   MPDD_Final_Project_v1.elf 
arm-none-eabi-objdump -h -S  MPDD_Final_Project_v1.elf  > "MPDD_Final_Project_v1.list"
   text	   data	    bss	    dec	    hex	filename
  30280	    148	  48260	  78688	  13360	MPDD_Final_Project_v1.elf
Finished building: default.size.stdout
 
Finished building: MPDD_Final_Project_v1.list
 
02:23:32 **** Incremental Build of configuration Debug for project MPDD_Final_Project_v1 ****
make -j20 all 
arm-none-eabi-gcc "../Core/Src/main.c" -mcpu=cortex-m7 -std=gnu11 -g3 -DDEBUG -DUSE_HAL_DRIVER -DSTM32F746xx -c -I../Core/Inc -I../Drivers/STM32F7xx_HAL_Driver/Inc -I../Drivers/STM32F7xx_HAL_Driver/Inc/Legacy -I../Drivers/CMSIS/Device/ST/STM32F7xx/Include -I../Drivers/CMSIS/Include -O0 -ffunction-sections -fdata-sections -Wall -fstack-usage -fcyclomatic-complexity -MMD -MP -MF"Core/Src/main.d" -MT"Core/Src/main.o" --specs=nano.specs -mfpu=fpv5-sp-d16 -mfloat-abi=hard -mthumb -o "Core/Src/main.o"
../Core/Src/main.c: In function 'main':
../Core/Src/main.c:131:19: warning: implicit declaration of function 'key_pad' [-Wimplicit-function-declaration]
  131 |                   key_pad(keyChar);
      |                   ^~~~~~~
../Core/Src/main.c:135:46: warning: pointer targets in passing argument 2 of 'HAL_UART_Transmit' differ in signedness [-Wpointer-sign]
  135 |                   HAL_UART_Transmit(&huart6, writeString, strlen(writeString), 1000);
      |                                              ^~~~~~~~~~~
      |                                              |
      |                                              char *
In file included from ../Core/Inc/stm32f7xx_hal_conf.h:415,
                 from ../Drivers/STM32F7xx_HAL_Driver/Inc/stm32f7xx_hal.h:29,
                 from ../Core/Inc/main.h:30,
                 from ../Core/Src/main.c:20:
../Drivers/STM32F7xx_HAL_Driver/Inc/stm32f7xx_hal_uart.h:1553:79: note: expected 'const uint8_t *' {aka 'const unsigned char *'} but argument is of type 'char *'
 1553 | HAL_StatusTypeDef HAL_UART_Transmit(UART_HandleTypeDef *huart, const uint8_t *pData, uint16_t Size, uint32_t Timeout);
      |                                                                ~~~~~~~~~~~~~~~^~~~~
arm-none-eabi-gcc -o "MPDD_Final_Project_v1.elf" @"objects.list"   -mcpu=cortex-m7 -T"C:\Users\mathe\Dropbox\PC\Documents\GitHub\STM32-Bluetooth-Communication\MPDD_Final_Project_v1\STM32F746ZGTX_FLASH.ld" --specs=nosys.specs -Wl,-Map="MPDD_Final_Project_v1.map" -Wl,--gc-sections -static --specs=nano.specs -mfpu=fpv5-sp-d16 -mfloat-abi=hard -mthumb -Wl,--start-group -lc -lm -Wl,--end-group
Finished building target: MPDD_Final_Project_v1.elf
 
arm-none-eabi-size   MPDD_Final_Project_v1.elf 
arm-none-eabi-objdump -h -S  MPDD_Final_Project_v1.elf  > "MPDD_Final_Project_v1.list"
   text	   data	    bss	    dec	    hex	filename
  30332	    148	  48260	  78740	  13394	MPDD_Final_Project_v1.elf
Finished building: default.size.stdout
 
Finished building: MPDD_Final_Project_v1.list
 
02:24:55 **** Incremental Build of configuration Debug for project MPDD_Final_Project_v1 ****
make -j20 all 
arm-none-eabi-gcc "../Core/Src/main.c" -mcpu=cortex-m7 -std=gnu11 -g3 -DDEBUG -DUSE_HAL_DRIVER -DSTM32F746xx -c -I../Core/Inc -I../Drivers/STM32F7xx_HAL_Driver/Inc -I../Drivers/STM32F7xx_HAL_Driver/Inc/Legacy -I../Drivers/CMSIS/Device/ST/STM32F7xx/Include -I../Drivers/CMSIS/Include -O0 -ffunction-sections -fdata-sections -Wall -fstack-usage -fcyclomatic-complexity -MMD -MP -MF"Core/Src/main.d" -MT"Core/Src/main.o" --specs=nano.specs -mfpu=fpv5-sp-d16 -mfloat-abi=hard -mthumb -o "Core/Src/main.o"
../Core/Src/main.c: In function 'main':
../Core/Src/main.c:131:19: warning: implicit declaration of function 'key_pad' [-Wimplicit-function-declaration]
  131 |                   key_pad(keyChar);
      |                   ^~~~~~~
../Core/Src/main.c:135:46: warning: pointer targets in passing argument 2 of 'HAL_UART_Transmit' differ in signedness [-Wpointer-sign]
  135 |                   HAL_UART_Transmit(&huart6, writeString, strlen(writeString), 1000);
      |                                              ^~~~~~~~~~~
      |                                              |
      |                                              char *
In file included from ../Core/Inc/stm32f7xx_hal_conf.h:415,
                 from ../Drivers/STM32F7xx_HAL_Driver/Inc/stm32f7xx_hal.h:29,
                 from ../Core/Inc/main.h:30,
                 from ../Core/Src/main.c:20:
../Drivers/STM32F7xx_HAL_Driver/Inc/stm32f7xx_hal_uart.h:1553:79: note: expected 'const uint8_t *' {aka 'const unsigned char *'} but argument is of type 'char *'
 1553 | HAL_StatusTypeDef HAL_UART_Transmit(UART_HandleTypeDef *huart, const uint8_t *pData, uint16_t Size, uint32_t Timeout);
      |                                                                ~~~~~~~~~~~~~~~^~~~~
arm-none-eabi-gcc -o "MPDD_Final_Project_v1.elf" @"objects.list"   -mcpu=cortex-m7 -T"C:\Users\mathe\Dropbox\PC\Documents\GitHub\STM32-Bluetooth-Communication\MPDD_Final_Project_v1\STM32F746ZGTX_FLASH.ld" --specs=nosys.specs -Wl,-Map="MPDD_Final_Project_v1.map" -Wl,--gc-sections -static --specs=nano.specs -mfpu=fpv5-sp-d16 -mfloat-abi=hard -mthumb -Wl,--start-group -lc -lm -Wl,--end-group
Finished building target: MPDD_Final_Project_v1.elf
 
arm-none-eabi-size   MPDD_Final_Project_v1.elf 
arm-none-eabi-objdump -h -S  MPDD_Final_Project_v1.elf  > "MPDD_Final_Project_v1.list"
   text	   data	    bss	    dec	    hex	filename
  30292	    148	  48260	  78700	  1336c	MPDD_Final_Project_v1.elf
Finished building: default.size.stdout
 
Finished building: MPDD_Final_Project_v1.list
 
02:26:10 **** Incremental Build of configuration Debug for project MPDD_Final_Project_v1 ****
make -j20 all 
arm-none-eabi-size   MPDD_Final_Project_v1.elf 
   text	   data	    bss	    dec	    hex	filename
  30292	    148	  48260	  78700	  1336c	MPDD_Final_Project_v1.elf
Finished building: default.size.stdout
 
02:30:03 **** Incremental Build of configuration Debug for project MPDD_Final_Project_v1 ****
make -j20 all 
arm-none-eabi-gcc "../Core/Src/main.c" -mcpu=cortex-m7 -std=gnu11 -g3 -DDEBUG -DUSE_HAL_DRIVER -DSTM32F746xx -c -I../Core/Inc -I../Drivers/STM32F7xx_HAL_Driver/Inc -I../Drivers/STM32F7xx_HAL_Driver/Inc/Legacy -I../Drivers/CMSIS/Device/ST/STM32F7xx/Include -I../Drivers/CMSIS/Include -O0 -ffunction-sections -fdata-sections -Wall -fstack-usage -fcyclomatic-complexity -MMD -MP -MF"Core/Src/main.d" -MT"Core/Src/main.o" --specs=nano.specs -mfpu=fpv5-sp-d16 -mfloat-abi=hard -mthumb -o "Core/Src/main.o"
../Core/Src/main.c: In function 'main':
../Core/Src/main.c:131:19: warning: implicit declaration of function 'key_pad' [-Wimplicit-function-declaration]
  131 |                   key_pad(keyChar);
      |                   ^~~~~~~
../Core/Src/main.c:135:46: warning: pointer targets in passing argument 2 of 'HAL_UART_Transmit' differ in signedness [-Wpointer-sign]
  135 |                   HAL_UART_Transmit(&huart6, writeString, strlen(writeString), 1000);
      |                                              ^~~~~~~~~~~
      |                                              |
      |                                              char *
In file included from ../Core/Inc/stm32f7xx_hal_conf.h:415,
                 from ../Drivers/STM32F7xx_HAL_Driver/Inc/stm32f7xx_hal.h:29,
                 from ../Core/Inc/main.h:30,
                 from ../Core/Src/main.c:20:
../Drivers/STM32F7xx_HAL_Driver/Inc/stm32f7xx_hal_uart.h:1553:79: note: expected 'const uint8_t *' {aka 'const unsigned char *'} but argument is of type 'char *'
 1553 | HAL_StatusTypeDef HAL_UART_Transmit(UART_HandleTypeDef *huart, const uint8_t *pData, uint16_t Size, uint32_t Timeout);
      |                                                                ~~~~~~~~~~~~~~~^~~~~
../Core/Src/main.c:138:15: error: 'messageReady' undeclared (first use in this function)
  138 |           if (messageReady) {
      |               ^~~~~~~~~~~~
../Core/Src/main.c:138:15: note: each undeclared identifier is reported only once for each function it appears in
make: *** [Core/Src/subdir.mk:46: Core/Src/main.o] Error 1
"make -j20 all" terminated with exit code 2. Build might be incomplete.
02:30:21 **** Incremental Build of configuration Debug for project MPDD_Final_Project_v1 ****
make -j20 all 
arm-none-eabi-gcc "../Core/Src/main.c" -mcpu=cortex-m7 -std=gnu11 -g3 -DDEBUG -DUSE_HAL_DRIVER -DSTM32F746xx -c -I../Core/Inc -I../Drivers/STM32F7xx_HAL_Driver/Inc -I../Drivers/STM32F7xx_HAL_Driver/Inc/Legacy -I../Drivers/CMSIS/Device/ST/STM32F7xx/Include -I../Drivers/CMSIS/Include -O0 -ffunction-sections -fdata-sections -Wall -fstack-usage -fcyclomatic-complexity -MMD -MP -MF"Core/Src/main.d" -MT"Core/Src/main.o" --specs=nano.specs -mfpu=fpv5-sp-d16 -mfloat-abi=hard -mthumb -o "Core/Src/main.o"
../Core/Src/main.c: In function 'main':
../Core/Src/main.c:131:19: warning: implicit declaration of function 'key_pad' [-Wimplicit-function-declaration]
  131 |                   key_pad(keyChar);
      |                   ^~~~~~~
../Core/Src/main.c:135:46: warning: pointer targets in passing argument 2 of 'HAL_UART_Transmit' differ in signedness [-Wpointer-sign]
  135 |                   HAL_UART_Transmit(&huart6, writeString, strlen(writeString), 1000);
      |                                              ^~~~~~~~~~~
      |                                              |
      |                                              char *
In file included from ../Core/Inc/stm32f7xx_hal_conf.h:415,
                 from ../Drivers/STM32F7xx_HAL_Driver/Inc/stm32f7xx_hal.h:29,
                 from ../Core/Inc/main.h:30,
                 from ../Core/Src/main.c:20:
../Drivers/STM32F7xx_HAL_Driver/Inc/stm32f7xx_hal_uart.h:1553:79: note: expected 'const uint8_t *' {aka 'const unsigned char *'} but argument is of type 'char *'
 1553 | HAL_StatusTypeDef HAL_UART_Transmit(UART_HandleTypeDef *huart, const uint8_t *pData, uint16_t Size, uint32_t Timeout);
      |                                                                ~~~~~~~~~~~~~~~^~~~~
arm-none-eabi-gcc -o "MPDD_Final_Project_v1.elf" @"objects.list"   -mcpu=cortex-m7 -T"C:\Users\mathe\Dropbox\PC\Documents\GitHub\STM32-Bluetooth-Communication\MPDD_Final_Project_v1\STM32F746ZGTX_FLASH.ld" --specs=nosys.specs -Wl,-Map="MPDD_Final_Project_v1.map" -Wl,--gc-sections -static --specs=nano.specs -mfpu=fpv5-sp-d16 -mfloat-abi=hard -mthumb -Wl,--start-group -lc -lm -Wl,--end-group
Finished building target: MPDD_Final_Project_v1.elf
 
arm-none-eabi-size   MPDD_Final_Project_v1.elf 
arm-none-eabi-objdump -h -S  MPDD_Final_Project_v1.elf  > "MPDD_Final_Project_v1.list"
   text	   data	    bss	    dec	    hex	filename
  30328	    148	  48268	  78744	  13398	MPDD_Final_Project_v1.elf
Finished building: default.size.stdout
 
Finished building: MPDD_Final_Project_v1.list
 
02:31:41 **** Incremental Build of configuration Debug for project MPDD_Final_Project_v1 ****
make -j20 all 
arm-none-eabi-gcc "../Core/Src/main.c" -mcpu=cortex-m7 -std=gnu11 -g3 -DDEBUG -DUSE_HAL_DRIVER -DSTM32F746xx -c -I../Core/Inc -I../Drivers/STM32F7xx_HAL_Driver/Inc -I../Drivers/STM32F7xx_HAL_Driver/Inc/Legacy -I../Drivers/CMSIS/Device/ST/STM32F7xx/Include -I../Drivers/CMSIS/Include -O0 -ffunction-sections -fdata-sections -Wall -fstack-usage -fcyclomatic-complexity -MMD -MP -MF"Core/Src/main.d" -MT"Core/Src/main.o" --specs=nano.specs -mfpu=fpv5-sp-d16 -mfloat-abi=hard -mthumb -o "Core/Src/main.o"
../Core/Src/main.c: In function 'main':
../Core/Src/main.c:131:19: warning: implicit declaration of function 'key_pad' [-Wimplicit-function-declaration]
  131 |                   key_pad(keyChar);
      |                   ^~~~~~~
../Core/Src/main.c:135:46: warning: pointer targets in passing argument 2 of 'HAL_UART_Transmit' differ in signedness [-Wpointer-sign]
  135 |                   HAL_UART_Transmit(&huart6, writeString, strlen(writeString), 1000);
      |                                              ^~~~~~~~~~~
      |                                              |
      |                                              char *
In file included from ../Core/Inc/stm32f7xx_hal_conf.h:415,
                 from ../Drivers/STM32F7xx_HAL_Driver/Inc/stm32f7xx_hal.h:29,
                 from ../Core/Inc/main.h:30,
                 from ../Core/Src/main.c:20:
../Drivers/STM32F7xx_HAL_Driver/Inc/stm32f7xx_hal_uart.h:1553:79: note: expected 'const uint8_t *' {aka 'const unsigned char *'} but argument is of type 'char *'
 1553 | HAL_StatusTypeDef HAL_UART_Transmit(UART_HandleTypeDef *huart, const uint8_t *pData, uint16_t Size, uint32_t Timeout);
      |                                                                ~~~~~~~~~~~~~~~^~~~~
arm-none-eabi-gcc -o "MPDD_Final_Project_v1.elf" @"objects.list"   -mcpu=cortex-m7 -T"C:\Users\mathe\Dropbox\PC\Documents\GitHub\STM32-Bluetooth-Communication\MPDD_Final_Project_v1\STM32F746ZGTX_FLASH.ld" --specs=nosys.specs -Wl,-Map="MPDD_Final_Project_v1.map" -Wl,--gc-sections -static --specs=nano.specs -mfpu=fpv5-sp-d16 -mfloat-abi=hard -mthumb -Wl,--start-group -lc -lm -Wl,--end-group
Finished building target: MPDD_Final_Project_v1.elf
 
arm-none-eabi-size   MPDD_Final_Project_v1.elf 
arm-none-eabi-objdump -h -S  MPDD_Final_Project_v1.elf  > "MPDD_Final_Project_v1.list"
   text	   data	    bss	    dec	    hex	filename
  30316	    148	  48268	  78732	  1338c	MPDD_Final_Project_v1.elf
Finished building: default.size.stdout
 
Finished building: MPDD_Final_Project_v1.list
 
