15:56:01 **** Incremental Build of configuration Debug for project MPDD_Final_Project_v1 ****
make -j20 all 
arm-none-eabi-gcc "../Core/Src/main.c" -mcpu=cortex-m7 -std=gnu11 -g3 -DDEBUG -DUSE_HAL_DRIVER -DSTM32F746xx -c -I../Core/Inc -I../Drivers/STM32F7xx_HAL_Driver/Inc -I../Drivers/STM32F7xx_HAL_Driver/Inc/Legacy -I../Drivers/CMSIS/Device/ST/STM32F7xx/Include -I../Drivers/CMSIS/Include -O0 -ffunction-sections -fdata-sections -Wall -fstack-usage -fcyclomatic-complexity -MMD -MP -MF"Core/Src/main.d" -MT"Core/Src/main.o" --specs=nano.specs -mfpu=fpv5-sp-d16 -mfloat-abi=hard -mthumb -o "Core/Src/main.o"
../Core/Src/main.c: In function 'main':
../Core/Src/main.c:153:19: warning: implicit declaration of function 'key_pad' [-Wimplicit-function-declaration]
  153 |                   key_pad(keyChar);
      |                   ^~~~~~~
../Core/Src/main.c:157:46: warning: pointer targets in passing argument 2 of 'HAL_UART_Transmit' differ in signedness [-Wpointer-sign]
  157 |                   HAL_UART_Transmit(&huart6, writeString, strlen(writeString), 1000);
      |                                              ^~~~~~~~~~~
      |                                              |
      |                                              char *
In file included from ../Core/Inc/stm32f7xx_hal_conf.h:415,
                 from ../Drivers/STM32F7xx_HAL_Driver/Inc/stm32f7xx_hal.h:29,
                 from ../Core/Inc/main.h:30,
                 from ../Core/Src/main.c:20:
../Drivers/STM32F7xx_HAL_Driver/Inc/stm32f7xx_hal_uart.h:1553:79: note: expected 'const uint8_t *' {aka 'const unsigned char *'} but argument is of type 'char *'
 1553 | HAL_StatusTypeDef HAL_UART_Transmit(UART_HandleTypeDef *huart, const uint8_t *pData, uint16_t Size, uint32_t Timeout);
      |                                                                ~~~~~~~~~~~~~~~^~~~~
arm-none-eabi-gcc -o "MPDD_Final_Project_v1.elf" @"objects.list"   -mcpu=cortex-m7 -T"C:\Users\mathe\Dropbox\PC\Documents\GitHub\STM32-Bluetooth-Communication\MPDD_Final_Project_v1\STM32F746ZGTX_FLASH.ld" --specs=nosys.specs -Wl,-Map="MPDD_Final_Project_v1.map" -Wl,--gc-sections -static --specs=nano.specs -mfpu=fpv5-sp-d16 -mfloat-abi=hard -mthumb -Wl,--start-group -lc -lm -Wl,--end-group
Finished building target: MPDD_Final_Project_v1.elf
 
arm-none-eabi-size   MPDD_Final_Project_v1.elf 
arm-none-eabi-objdump -h -S  MPDD_Final_Project_v1.elf  > "MPDD_Final_Project_v1.list"
   text	   data	    bss	    dec	    hex	filename
  35476	    148	  48356	  83980	  1480c	MPDD_Final_Project_v1.elf
Finished building: default.size.stdout
 
Finished building: MPDD_Final_Project_v1.list
 
15:56:07 **** Incremental Build of configuration Debug for project MPDD_Final_Project_v1 ****
make -j20 all 
arm-none-eabi-size   MPDD_Final_Project_v1.elf 
   text	   data	    bss	    dec	    hex	filename
  35476	    148	  48356	  83980	  1480c	MPDD_Final_Project_v1.elf
Finished building: default.size.stdout
 
