22:12:58 **** Incremental Build of configuration Debug for project MPDD_Final_Project_v1 ****
make -j20 all 
arm-none-eabi-gcc "../Core/Src/keypad.c" -mcpu=cortex-m7 -std=gnu11 -g3 -DDEBUG -DUSE_HAL_DRIVER -DSTM32F746xx -c -I../Core/Inc -I../Drivers/STM32F7xx_HAL_Driver/Inc -I../Drivers/STM32F7xx_HAL_Driver/Inc/Legacy -I../Drivers/CMSIS/Device/ST/STM32F7xx/Include -I../Drivers/CMSIS/Include -O0 -ffunction-sections -fdata-sections -Wall -fstack-usage -fcyclomatic-complexity -MMD -MP -MF"Core/Src/keypad.d" -MT"Core/Src/keypad.o" --specs=nano.specs -mfpu=fpv5-sp-d16 -mfloat-abi=hard -mthumb -o "Core/Src/keypad.o"
arm-none-eabi-gcc "../Core/Src/mpu6050.c" -mcpu=cortex-m7 -std=gnu11 -g3 -DDEBUG -DUSE_HAL_DRIVER -DSTM32F746xx -c -I../Core/Inc -I../Drivers/STM32F7xx_HAL_Driver/Inc -I../Drivers/STM32F7xx_HAL_Driver/Inc/Legacy -I../Drivers/CMSIS/Device/ST/STM32F7xx/Include -I../Drivers/CMSIS/Include -O0 -ffunction-sections -fdata-sections -Wall -fstack-usage -fcyclomatic-complexity -MMD -MP -MF"Core/Src/mpu6050.d" -MT"Core/Src/mpu6050.o" --specs=nano.specs -mfpu=fpv5-sp-d16 -mfloat-abi=hard -mthumb -o "Core/Src/mpu6050.o"
../Core/Src/keypad.c:8:8: warning: type defaults to 'int' in declaration of 'flag' [-Wimplicit-int]
    8 | extern flag;
      |        ^~~~
../Core/Src/keypad.c: In function 'key_pad':
../Core/Src/keypad.c:343:66: warning: character constant too long for its type
  343 |                                                 writeString[0] = 'Now Transmitting Gyroscope Data...';
      |                                                                  ^~~~~~~~~~~~~~~~~~~~~~~~~~~~~~~~~~~~
../Core/Src/keypad.c:343:66: warning: unsigned conversion from 'int' to 'char' changes value from '1630416430' to '46' [-Woverflow]
arm-none-eabi-gcc -o "MPDD_Final_Project_v1.elf" @"objects.list"   -mcpu=cortex-m7 -T"C:\Users\mathe\Dropbox\PC\Documents\GitHub\STM32-Bluetooth-Communication\MPDD_Final_Project_v1\STM32F746ZGTX_FLASH.ld" --specs=nosys.specs -Wl,-Map="MPDD_Final_Project_v1.map" -Wl,--gc-sections -static --specs=nano.specs -mfpu=fpv5-sp-d16 -mfloat-abi=hard -mthumb -Wl,--start-group -lc -lm -Wl,--end-group
Finished building target: MPDD_Final_Project_v1.elf
 
arm-none-eabi-size   MPDD_Final_Project_v1.elf 
arm-none-eabi-objdump -h -S  MPDD_Final_Project_v1.elf  > "MPDD_Final_Project_v1.list"
   text	   data	    bss	    dec	    hex	filename
  35824	    148	  57964	  93936	  16ef0	MPDD_Final_Project_v1.elf
Finished building: default.size.stdout
 
Finished building: MPDD_Final_Project_v1.list
 

22:13:00 Build Finished. 0 errors, 3 warnings. (took 1s.609ms)

